../Core/Src/User/OLED.c:22:6:OLED_WriteCommand	32	static
../Core/Src/User/OLED.c:30:6:OLED_WriteData	32	static
../Core/Src/User/OLED.c:38:6:OLED_SetCursor	16	static
../Core/Src/User/OLED.c:46:6:OLED_init	8	static
../Core/Src/User/OLED.c:89:6:OLED_chear	16	static
../Core/Src/User/OLED.c:101:6:OLED_showChar	40	static
../Core/Src/User/OLED.c:130:6:OLED_showString	24	static
../Core/Src/User/OLED.c:138:6:OLED_showImage	32	static
../Core/Src/User/OLED.c:150:6:OLED_showChinese	40	static
../Core/Src/User/OLED.c:179:6:OLED_showNUM	32	static
../Core/Src/User/OLED.c:186:6:OLED_showSignedNUM	32	static
../Core/Src/User/OLED.c:193:6:OLED_showSignedFlout	24	static
../Core/Src/User/OLED.c:200:6:OLED_showHEX	32	static
