../Core/Src/User/OLED.c:23:6:OLED_WriteCommand	32	static
../Core/Src/User/OLED.c:31:6:OLED_WriteData	32	static
../Core/Src/User/OLED.c:39:6:OLED_SetCursor	16	static
../Core/Src/User/OLED.c:47:6:OLED_init	8	static
../Core/Src/User/OLED.c:90:6:OLED_chear	16	static
../Core/Src/User/OLED.c:103:6:OLED_updata	152	static
../Core/Src/User/OLED.c:114:6:OLED_reverse	24	static
../Core/Src/User/OLED.c:132:6:OLED_animation_down	24	static
../Core/Src/User/OLED.c:143:6:OLED_animation_up	24	static
../Core/Src/User/OLED.c:154:6:OLED_showChar	32	static
../Core/Src/User/OLED.c:167:6:OLED_showString	24	static
../Core/Src/User/OLED.c:175:6:OLED_showImage	24	static
../Core/Src/User/OLED.c:188:6:OLED_showChinese	40	static
../Core/Src/User/OLED.c:217:6:OLED_showNUM	32	static
../Core/Src/User/OLED.c:224:6:OLED_showSignedNUM	32	static
../Core/Src/User/OLED.c:238:6:OLED_showHEX	32	static
