../Core/Src/User/OLED.c:26:6:OLED_WriteCommand	16	static
../Core/Src/User/OLED.c:32:6:OLED_WriteData	24	static
../Core/Src/User/OLED.c:40:6:OLED_SetCursor	8	static
../Core/Src/User/OLED.c:102:6:OLED_chear	0	static
../Core/Src/User/OLED.c:48:6:OLED_init	32	static
../Core/Src/User/OLED.c:115:6:OLED_updata	48	static
../Core/Src/User/OLED.c:133:6:OLED_reverse	20	static
../Core/Src/User/OLED.c:151:6:OLED_animation_down	16	static
../Core/Src/User/OLED.c:162:6:OLED_animation_up	16	static
../Core/Src/User/OLED.c:194:6:OLED_showImage	24	static
../Core/Src/User/OLED.c:173:6:OLED_showChar	32	static
../Core/Src/User/OLED.c:186:6:OLED_showString	24	static
../Core/Src/User/OLED.c:207:6:OLED_showChinese	64	static
../Core/Src/User/OLED.c:236:6:OLED_showNUM	32	static
../Core/Src/User/OLED.c:243:6:OLED_showSignedNUM	32	static
../Core/Src/User/OLED.c:257:6:OLED_showHEX	32	static
