../Core/Src/User/OLED.c:24:6:OLED_WriteCommand	32	static
../Core/Src/User/OLED.c:32:6:OLED_WriteData	32	static
../Core/Src/User/OLED.c:40:6:OLED_SetCursor	16	static
../Core/Src/User/OLED.c:48:6:OLED_init	8	static
../Core/Src/User/OLED.c:91:6:OLED_chear	16	static
../Core/Src/User/OLED.c:104:6:OLED_updata	152	static
../Core/Src/User/OLED.c:115:6:OLED_reverse	24	static
../Core/Src/User/OLED.c:133:6:OLED_animation_down	24	static
../Core/Src/User/OLED.c:144:6:OLED_animation_up	24	static
../Core/Src/User/OLED.c:155:6:OLED_showChar	32	static
../Core/Src/User/OLED.c:168:6:OLED_showString	24	static
../Core/Src/User/OLED.c:176:6:OLED_showImage	24	static
../Core/Src/User/OLED.c:189:6:OLED_showChinese	40	static
../Core/Src/User/OLED.c:218:6:OLED_showNUM	32	static
../Core/Src/User/OLED.c:225:6:OLED_showSignedNUM	32	static
../Core/Src/User/OLED.c:239:6:OLED_showHEX	32	static
