Archive member included to satisfy reference by file (symbol)

C:/ST/STM32CubeIDE/STM32CubeIDE/plugins/com.st.stm32cube.ide.mcu.externaltools.gnu-tools-for-stm32.12.3.rel1.win32_1.1.0.202410251130/tools/bin/../lib/gcc/arm-none-eabi/12.3.1/../../../../arm-none-eabi/lib/thumb/v7-m/nofp\libc_nano.a(libc_a-exit.o)
                              C:/ST/STM32CubeIDE/STM32CubeIDE/plugins/com.st.stm32cube.ide.mcu.externaltools.gnu-tools-for-stm32.12.3.rel1.win32_1.1.0.202410251130/tools/bin/../lib/gcc/arm-none-eabi/12.3.1/../../../../arm-none-eabi/lib/thumb/v7-m/nofp/crt0.o (exit)
C:/ST/STM32CubeIDE/STM32CubeIDE/plugins/com.st.stm32cube.ide.mcu.externaltools.gnu-tools-for-stm32.12.3.rel1.win32_1.1.0.202410251130/tools/bin/../lib/gcc/arm-none-eabi/12.3.1/../../../../arm-none-eabi/lib/thumb/v7-m/nofp\libc_nano.a(libc_a-findfp.o)
                              C:/ST/STM32CubeIDE/STM32CubeIDE/plugins/com.st.stm32cube.ide.mcu.externaltools.gnu-tools-for-stm32.12.3.rel1.win32_1.1.0.202410251130/tools/bin/../lib/gcc/arm-none-eabi/12.3.1/../../../../arm-none-eabi/lib/thumb/v7-m/nofp\libc_nano.a(libc_a-exit.o) (__stdio_exit_handler)
C:/ST/STM32CubeIDE/STM32CubeIDE/plugins/com.st.stm32cube.ide.mcu.externaltools.gnu-tools-for-stm32.12.3.rel1.win32_1.1.0.202410251130/tools/bin/../lib/gcc/arm-none-eabi/12.3.1/../../../../arm-none-eabi/lib/thumb/v7-m/nofp\libc_nano.a(libc_a-fwalk.o)
                              C:/ST/STM32CubeIDE/STM32CubeIDE/plugins/com.st.stm32cube.ide.mcu.externaltools.gnu-tools-for-stm32.12.3.rel1.win32_1.1.0.202410251130/tools/bin/../lib/gcc/arm-none-eabi/12.3.1/../../../../arm-none-eabi/lib/thumb/v7-m/nofp\libc_nano.a(libc_a-findfp.o) (_fwalk_sglue)
C:/ST/STM32CubeIDE/STM32CubeIDE/plugins/com.st.stm32cube.ide.mcu.externaltools.gnu-tools-for-stm32.12.3.rel1.win32_1.1.0.202410251130/tools/bin/../lib/gcc/arm-none-eabi/12.3.1/../../../../arm-none-eabi/lib/thumb/v7-m/nofp\libc_nano.a(libc_a-stdio.o)
                              C:/ST/STM32CubeIDE/STM32CubeIDE/plugins/com.st.stm32cube.ide.mcu.externaltools.gnu-tools-for-stm32.12.3.rel1.win32_1.1.0.202410251130/tools/bin/../lib/gcc/arm-none-eabi/12.3.1/../../../../arm-none-eabi/lib/thumb/v7-m/nofp\libc_nano.a(libc_a-findfp.o) (__sread)
C:/ST/STM32CubeIDE/STM32CubeIDE/plugins/com.st.stm32cube.ide.mcu.externaltools.gnu-tools-for-stm32.12.3.rel1.win32_1.1.0.202410251130/tools/bin/../lib/gcc/arm-none-eabi/12.3.1/../../../../arm-none-eabi/lib/thumb/v7-m/nofp\libc_nano.a(libc_a-memset.o)
                              C:/ST/STM32CubeIDE/STM32CubeIDE/plugins/com.st.stm32cube.ide.mcu.externaltools.gnu-tools-for-stm32.12.3.rel1.win32_1.1.0.202410251130/tools/bin/../lib/gcc/arm-none-eabi/12.3.1/../../../../arm-none-eabi/lib/thumb/v7-m/nofp/crt0.o (memset)
C:/ST/STM32CubeIDE/STM32CubeIDE/plugins/com.st.stm32cube.ide.mcu.externaltools.gnu-tools-for-stm32.12.3.rel1.win32_1.1.0.202410251130/tools/bin/../lib/gcc/arm-none-eabi/12.3.1/../../../../arm-none-eabi/lib/thumb/v7-m/nofp\libc_nano.a(libc_a-closer.o)
                              C:/ST/STM32CubeIDE/STM32CubeIDE/plugins/com.st.stm32cube.ide.mcu.externaltools.gnu-tools-for-stm32.12.3.rel1.win32_1.1.0.202410251130/tools/bin/../lib/gcc/arm-none-eabi/12.3.1/../../../../arm-none-eabi/lib/thumb/v7-m/nofp\libc_nano.a(libc_a-stdio.o) (_close_r)
C:/ST/STM32CubeIDE/STM32CubeIDE/plugins/com.st.stm32cube.ide.mcu.externaltools.gnu-tools-for-stm32.12.3.rel1.win32_1.1.0.202410251130/tools/bin/../lib/gcc/arm-none-eabi/12.3.1/../../../../arm-none-eabi/lib/thumb/v7-m/nofp\libc_nano.a(libc_a-reent.o)
                              C:/ST/STM32CubeIDE/STM32CubeIDE/plugins/com.st.stm32cube.ide.mcu.externaltools.gnu-tools-for-stm32.12.3.rel1.win32_1.1.0.202410251130/tools/bin/../lib/gcc/arm-none-eabi/12.3.1/../../../../arm-none-eabi/lib/thumb/v7-m/nofp\libc_nano.a(libc_a-closer.o) (errno)
C:/ST/STM32CubeIDE/STM32CubeIDE/plugins/com.st.stm32cube.ide.mcu.externaltools.gnu-tools-for-stm32.12.3.rel1.win32_1.1.0.202410251130/tools/bin/../lib/gcc/arm-none-eabi/12.3.1/../../../../arm-none-eabi/lib/thumb/v7-m/nofp\libc_nano.a(libc_a-impure.o)
                              C:/ST/STM32CubeIDE/STM32CubeIDE/plugins/com.st.stm32cube.ide.mcu.externaltools.gnu-tools-for-stm32.12.3.rel1.win32_1.1.0.202410251130/tools/bin/../lib/gcc/arm-none-eabi/12.3.1/../../../../arm-none-eabi/lib/thumb/v7-m/nofp\libc_nano.a(libc_a-reent.o) (_impure_ptr)
C:/ST/STM32CubeIDE/STM32CubeIDE/plugins/com.st.stm32cube.ide.mcu.externaltools.gnu-tools-for-stm32.12.3.rel1.win32_1.1.0.202410251130/tools/bin/../lib/gcc/arm-none-eabi/12.3.1/../../../../arm-none-eabi/lib/thumb/v7-m/nofp\libc_nano.a(libc_a-lseekr.o)
                              C:/ST/STM32CubeIDE/STM32CubeIDE/plugins/com.st.stm32cube.ide.mcu.externaltools.gnu-tools-for-stm32.12.3.rel1.win32_1.1.0.202410251130/tools/bin/../lib/gcc/arm-none-eabi/12.3.1/../../../../arm-none-eabi/lib/thumb/v7-m/nofp\libc_nano.a(libc_a-stdio.o) (_lseek_r)
[...]
Memory Configuration

Name             Origin             Length             Attributes
RAM              0x20000000         0x00005000         xrw
FLASH            0x08000000         0x00010000         xr
*default*        0x00000000         0xffffffff

Linker script and memory map

LOAD C:/ST/STM32CubeIDE/STM32CubeIDE/plugins/com.st.stm32cube.ide.mcu.externaltools.gnu-tools-for-stm32.12.3.rel1.win32_1.1.0.202410251130/tools/bin/../lib/gcc/arm-none-eabi/12.3.1/thumb/v7-m/nofp/crti.o
LOAD C:/ST/STM32CubeIDE/STM32CubeIDE/plugins/com.st.stm32cube.ide.mcu.externaltools.gnu-tools-for-stm32.12.3.rel1.win32_1.1.0.202410251130/tools/bin/../lib/gcc/arm-none-eabi/12.3.1/thumb/v7-m/nofp/crtbegin.o
LOAD C:/ST/STM32CubeIDE/STM32CubeIDE/plugins/com.st.stm32cube.ide.mcu.externaltools.gnu-tools-for-stm32.12.3.rel1.win32_1.1.0.202410251130/tools/bin/../lib/gcc/arm-none-eabi/12.3.1/../../../../arm-none-eabi/lib/thumb/v7-m/nofp/crt0.o
LOAD ./Core/Src/User/Keyboard_Driver.o
LOAD ./Core/Src/User/mpr121.o
LOAD ./Core/Src/User/qnzm.o
LOAD ./Core/Src/gpio.o
LOAD ./Core/Src/i2c.o
LOAD ./Core/Src/main.o
LOAD ./Core/Src/stm32f1xx_hal_msp.o
LOAD ./Core/Src/stm32f1xx_it.o
LOAD ./Core/Src/syscalls.o
LOAD ./Core/Src/sysmem.o
LOAD ./Core/Src/system_stm32f1xx.o
LOAD ./Core/Startup/startup_stm32f103c8tx.o
LOAD ./Drivers/STM32F1xx_HAL_Driver/Src/stm32f1xx_hal.o
LOAD ./Drivers/STM32F1xx_HAL_Driver/Src/stm32f1xx_hal_cortex.o
LOAD ./Drivers/STM32F1xx_HAL_Driver/Src/stm32f1xx_hal_dma.o
LOAD ./Drivers/STM32F1xx_HAL_Driver/Src/stm32f1xx_hal_exti.o
LOAD ./Drivers/STM32F1xx_HAL_Driver/Src/stm32f1xx_hal_flash.o
LOAD ./Drivers/STM32F1xx_HAL_Driver/Src/stm32f1xx_hal_flash_ex.o
LOAD ./Drivers/STM32F1xx_HAL_Driver/Src/stm32f1xx_hal_gpio.o
LOAD ./Drivers/STM32F1xx_HAL_Driver/Src/stm32f1xx_hal_gpio_ex.o
LOAD ./Drivers/STM32F1xx_HAL_Driver/Src/stm32f1xx_hal_i2c.o
LOAD ./Drivers/STM32F1xx_HAL_Driver/Src/stm32f1xx_hal_pcd.o
LOAD ./Drivers/STM32F1xx_HAL_Driver/Src/stm32f1xx_hal_pcd_ex.o
LOAD ./Drivers/STM32F1xx_HAL_Driver/Src/stm32f1xx_hal_pwr.o
LOAD ./Drivers/STM32F1xx_HAL_Driver/Src/stm32f1xx_hal_rcc.o
LOAD ./Drivers/STM32F1xx_HAL_Driver/Src/stm32f1xx_hal_rcc_ex.o
LOAD ./Drivers/STM32F1xx_HAL_Driver/Src/stm32f1xx_ll_usb.o
LOAD ./Middlewares/ST/STM32_USB_Device_Library/Class/CustomHID/Src/usbd_customhid.o
LOAD ./Middlewares/ST/STM32_USB_Device_Library/Core/Src/usbd_core.o
LOAD ./Middlewares/ST/STM32_USB_Device_Library/Core/Src/usbd_ctlreq.o
LOAD ./Middlewares/ST/STM32_USB_Device_Library/Core/Src/usbd_ioreq.o
LOAD ./USB_DEVICE/App/usb_device.o
LOAD ./USB_DEVICE/App/usbd_custom_hid_if.o
LOAD ./USB_DEVICE/App/usbd_desc.o
LOAD ./USB_DEVICE/Target/usbd_conf.o
START GROUP
LOAD C:/ST/STM32CubeIDE/STM32CubeIDE/plugins/com.st.stm32cube.ide.mcu.externaltools.gnu-tools-for-stm32.12.3.rel1.win32_1.1.0.202410251130/tools/bin/../lib/gcc/arm-none-eabi/12.3.1/../../../../arm-none-eabi/lib/thumb/v7-m/nofp\libc_nano.a
LOAD C:/ST/STM32CubeIDE/STM32CubeIDE/plugins/com.st.stm32cube.ide.mcu.externaltools.gnu-tools-for-stm32.12.3.rel1.win32_1.1.0.202410251130/tools/bin/../lib/gcc/arm-none-eabi/12.3.1/../../../../arm-none-eabi/lib/thumb/v7-m/nofp\libm.a
END GROUP
START GROUP
LOAD C:/ST/STM32CubeIDE/STM32CubeIDE/plugins/com.st.stm32cube.ide.mcu.externaltools.gnu-tools-for-stm32.12.3.rel1.win32_1.1.0.202410251130/tools/bin/../lib/gcc/arm-none-eabi/12.3.1/thumb/v7-m/nofp\libgcc.a
LOAD C:/ST/STM32CubeIDE/STM32CubeIDE/plugins/com.st.stm32cube.ide.mcu.externaltools.gnu-tools-for-stm32.12.3.rel1.win32_1.1.0.202410251130/tools/bin/../lib/gcc/arm-none-eabi/12.3.1/../../../../arm-none-eabi/lib/thumb/v7-m/nofp\libc_nano.a
END GROUP
START GROUP
LOAD C:/ST/STM32CubeIDE/STM32CubeIDE/plugins/com.st.stm32cube.ide.mcu.externaltools.gnu-tools-for-stm32.12.3.rel1.win32_1.1.0.202410251130/tools/bin/../lib/gcc/arm-none-eabi/12.3.1/thumb/v7-m/nofp\libgcc.a
LOAD C:/ST/STM32CubeIDE/STM32CubeIDE/plugins/com.st.stm32cube.ide.mcu.externaltools.gnu-tools-for-stm32.12.3.rel1.win32_1.1.0.202410251130/tools/bin/../lib/gcc/arm-none-eabi/12.3.1/../../../../arm-none-eabi/lib/thumb/v7-m/nofp\libc_nano.a
LOAD C:/ST/STM32CubeIDE/STM32CubeIDE/plugins/com.st.stm32cube.ide.mcu.externaltools.gnu-tools-for-stm32.12.3.rel1.win32_1.1.0.202410251130/tools/bin/../lib/gcc/arm-none-eabi/12.3.1/../../../../arm-none-eabi/lib/thumb/v7-m/nofp\libnosys.a
END GROUP
START GROUP
LOAD C:/ST/STM32CubeIDE/STM32CubeIDE/plugins/com.st.stm32cube.ide.mcu.externaltools.gnu-tools-for-stm32.12.3.rel1.win32_1.1.0.202410251130/tools/bin/../lib/gcc/arm-none-eabi/12.3.1/thumb/v7-m/nofp\libgcc.a
LOAD C:/ST/STM32CubeIDE/STM32CubeIDE/plugins/com.st.stm32cube.ide.mcu.externaltools.gnu-tools-for-stm32.12.3.rel1.win32_1.1.0.202410251130/tools/bin/../lib/gcc/arm-none-eabi/12.3.1/../../../../arm-none-eabi/lib/thumb/v7-m/nofp\libc_nano.a
LOAD C:/ST/STM32CubeIDE/STM32CubeIDE/plugins/com.st.stm32cube.ide.mcu.externaltools.gnu-tools-for-stm32.12.3.rel1.win32_1.1.0.202410251130/tools/bin/../lib/gcc/arm-none-eabi/12.3.1/../../../../arm-none-eabi/lib/thumb/v7-m/nofp\libnosys.a
END GROUP
LOAD C:/ST/STM32CubeIDE/STM32CubeIDE/plugins/com.st.stm32cube.ide.mcu.externaltools.gnu-tools-for-stm32.12.3.rel1.win32_1.1.0.202410251130/tools/bin/../lib/gcc/arm-none-eabi/12.3.1/thumb/v7-m/nofp/crtend.o
LOAD C:/ST/STM32CubeIDE/STM32CubeIDE/plugins/com.st.stm32cube.ide.mcu.externaltools.gnu-tools-for-stm32.12.3.rel1.win32_1.1.0.202410251130/tools/bin/../lib/gcc/arm-none-eabi/12.3.1/thumb/v7-m/nofp/crtn.o
                0x20005000                        _estack = (ORIGIN (RAM) + LENGTH (RAM))
                0x00000200                        _Min_Heap_Size = 0x200
                0x00000400                        _Min_Stack_Size = 0x400

.isr_vector     0x08000000      0x10c
                0x08000000                        . = ALIGN (0x4)
 *(.isr_vector)
 .isr_vector    0x08000000      0x10c ./Core/Startup/startup_stm32f103c8tx.o
                0x08000000                g_pfnVectors
                0x0800010c                        . = ALIGN (0x4)

.text           0x0800010c     0x9a98
                0x0800010c                        . = ALIGN (0x4)
 *(.text)
 .text          0x0800010c       0x40 C:/ST/STM32CubeIDE/STM32CubeIDE/plugins/com.st.stm32cube.ide.mcu.externaltools.gnu-tools-for-stm32.12.3.rel1.win32_1.1.0.202410251130/tools/bin/../lib/gcc/arm-none-eabi/12.3.1/thumb/v7-m/nofp/crtbegin.o
 *(.text*)
 .text.ifkey    0x0800014c     0x1120 ./Core/Src/User/Keyboard_Driver.o
                0x0800014c                ifkey
 .text.mpr121_init
                0x0800126c      0x10a ./Core/Src/User/mpr121.o
                0x0800126c                mpr121_init
 .text.setThresholds
                0x08001376       0x54 ./Core/Src/User/mpr121.o
                0x08001376                setThresholds
 .text.touched  0x080013ca       0x32 ./Core/Src/User/mpr121.o
                0x080013ca                touched
 .text.readRegister8
                0x080013fc       0x58 ./Core/Src/User/mpr121.o
                0x080013fc                readRegister8
 .text.writeRegister
                0x08001454       0xec ./Core/Src/User/mpr121.o
                0x08001454                writeRegister
 .text.Transmit_Touch_Data
                0x08001540      0x350 ./Core/Src/User/qnzm.o
                0x08001540                Transmit_Touch_Data
 .text.MX_GPIO_Init
                0x08001890       0x5c ./Core/Src/gpio.o
                0x08001890                MX_GPIO_Init
 .text.MX_I2C1_Init
                0x080018ec       0x5c ./Core/Src/i2c.o
                0x080018ec                MX_I2C1_Init
 .text.HAL_I2C_MspInit
                0x08001948       0x7c ./Core/Src/i2c.o
                0x08001948                HAL_I2C_MspInit
 .text.main     0x080019c4       0x4c ./Core/Src/main.o
                0x080019c4                main
 .text.SystemClock_Config
                0x08001a10       0xb4 ./Core/Src/main.o
                0x08001a10                SystemClock_Config
 .text.Error_Handler
                0x08001ac4        0xc ./Core/Src/main.o
                0x08001ac4                Error_Handler
 .text.HAL_MspInit
                0x08001ad0       0x64 ./Core/Src/stm32f1xx_hal_msp.o
                0x08001ad0                HAL_MspInit
 .text.NMI_Handler
                0x08001b34        0x8 ./Core/Src/stm32f1xx_it.o
                0x08001b34                NMI_Handler
 .text.HardFault_Handler
                0x08001b3c        0x8 ./Core/Src/stm32f1xx_it.o
                0x08001b3c                HardFault_Handler
 .text.MemManage_Handler
                0x08001b44        0x8 ./Core/Src/stm32f1xx_it.o
                0x08001b44                MemManage_Handler
 .text.BusFault_Handler
                0x08001b4c        0x8 ./Core/Src/stm32f1xx_it.o
                0x08001b4c                BusFault_Handler
 .text.UsageFault_Handler
                0x08001b54        0x8 ./Core/Src/stm32f1xx_it.o
                0x08001b54                UsageFault_Handler
 .text.SVC_Handler
                0x08001b5c        0xc ./Core/Src/stm32f1xx_it.o
                0x08001b5c                SVC_Handler
 .text.DebugMon_Handler
                0x08001b68        0xc ./Core/Src/stm32f1xx_it.o
                0x08001b68                DebugMon_Handler
 .text.PendSV_Handler
                0x08001b74        0xc ./Core/Src/stm32f1xx_it.o
                0x08001b74                PendSV_Handler
 .text.SysTick_Handler
                0x08001b80        0xc ./Core/Src/stm32f1xx_it.o
                0x08001b80                SysTick_Handler
 .text.USB_LP_CAN1_RX0_IRQHandler
                0x08001b8c       0x14 ./Core/Src/stm32f1xx_it.o
                0x08001b8c                USB_LP_CAN1_RX0_IRQHandler
 .text.SystemInit
                0x08001ba0        0xc ./Core/Src/system_stm32f1xx.o
                0x08001ba0                SystemInit
 .text.Reset_Handler
                0x08001bac       0x48 ./Core/Startup/startup_stm32f103c8tx.o
                0x08001bac                Reset_Handler
 .text.Default_Handler
                0x08001bf4        0x2 ./Core/Startup/startup_stm32f103c8tx.o
                0x08001bf4                RTC_Alarm_IRQHandler
                0x08001bf4                EXTI2_IRQHandler
                0x08001bf4                TIM1_CC_IRQHandler
                0x08001bf4                PVD_IRQHandler
                0x08001bf4                EXTI3_IRQHandler
                0x08001bf4                EXTI0_IRQHandler
                0x08001bf4                I2C2_EV_IRQHandler
                0x08001bf4                ADC1_2_IRQHandler
                0x08001bf4                SPI1_IRQHandler
                0x08001bf4                TAMPER_IRQHandler
                0x08001bf4                DMA1_Channel4_IRQHandler
                0x08001bf4                USART3_IRQHandler
                0x08001bf4                RTC_IRQHandler
                0x08001bf4                DMA1_Channel7_IRQHandler
                0x08001bf4                CAN1_RX1_IRQHandler
                0x08001bf4                TIM4_IRQHandler
                0x08001bf4                I2C1_EV_IRQHandler
                0x08001bf4                DMA1_Channel6_IRQHandler
                0x08001bf4                TIM3_IRQHandler
                0x08001bf4                RCC_IRQHandler
                0x08001bf4                TIM1_TRG_COM_IRQHandler
                0x08001bf4                DMA1_Channel1_IRQHandler
                0x08001bf4                Default_Handler
                0x08001bf4                EXTI15_10_IRQHandler
                0x08001bf4                EXTI9_5_IRQHandler
                0x08001bf4                SPI2_IRQHandler
                0x08001bf4                DMA1_Channel5_IRQHandler
                0x08001bf4                EXTI4_IRQHandler
                0x08001bf4                USB_HP_CAN1_TX_IRQHandler
                0x08001bf4                DMA1_Channel3_IRQHandler
                0x08001bf4                TIM1_UP_IRQHandler
                0x08001bf4                WWDG_IRQHandler
                0x08001bf4                TIM2_IRQHandler
                0x08001bf4                TIM1_BRK_IRQHandler
                0x08001bf4                EXTI1_IRQHandler
                0x08001bf4                USART2_IRQHandler
                0x08001bf4                I2C2_ER_IRQHandler
                0x08001bf4                DMA1_Channel2_IRQHandler
                0x08001bf4                CAN1_SCE_IRQHandler
                0x08001bf4                FLASH_IRQHandler
                0x08001bf4                USART1_IRQHandler
                0x08001bf4                I2C1_ER_IRQHandler
                0x08001bf4                USBWakeUp_IRQHandler
 *fill*         0x08001bf6        0x2 
 .text.HAL_Init
                0x08001bf8       0x2c ./Drivers/STM32F1xx_HAL_Driver/Src/stm32f1xx_hal.o
                0x08001bf8                HAL_Init
 .text.HAL_InitTick
                0x08001c24       0x60 ./Drivers/STM32F1xx_HAL_Driver/Src/stm32f1xx_hal.o
                0x08001c24                HAL_InitTick
 .text.HAL_IncTick
                0x08001c84       0x24 ./Drivers/STM32F1xx_HAL_Driver/Src/stm32f1xx_hal.o
                0x08001c84                HAL_IncTick
 .text.HAL_GetTick
                0x08001ca8       0x14 ./Drivers/STM32F1xx_HAL_Driver/Src/stm32f1xx_hal.o
                0x08001ca8                HAL_GetTick
 .text.__NVIC_SetPriorityGrouping
                0x08001cbc       0x48 ./Drivers/STM32F1xx_HAL_Driver/Src/stm32f1xx_hal_cortex.o
 .text.__NVIC_GetPriorityGrouping
                0x08001d04       0x1c ./Drivers/STM32F1xx_HAL_Driver/Src/stm32f1xx_hal_cortex.o
 .text.__NVIC_EnableIRQ
                0x08001d20       0x38 ./Drivers/STM32F1xx_HAL_Driver/Src/stm32f1xx_hal_cortex.o
 .text.__NVIC_SetPriority
                0x08001d58       0x54 ./Drivers/STM32F1xx_HAL_Driver/Src/stm32f1xx_hal_cortex.o
 .text.NVIC_EncodePriority
                0x08001dac       0x64 ./Drivers/STM32F1xx_HAL_Driver/Src/stm32f1xx_hal_cortex.o
 .text.SysTick_Config
                0x08001e10       0x44 ./Drivers/STM32F1xx_HAL_Driver/Src/stm32f1xx_hal_cortex.o
 .text.HAL_NVIC_SetPriorityGrouping
                0x08001e54       0x16 ./Drivers/STM32F1xx_HAL_Driver/Src/stm32f1xx_hal_cortex.o
                0x08001e54                HAL_NVIC_SetPriorityGrouping
 .text.HAL_NVIC_SetPriority
                0x08001e6a       0x38 ./Drivers/STM32F1xx_HAL_Driver/Src/stm32f1xx_hal_cortex.o
                0x08001e6a                HAL_NVIC_SetPriority
 .text.HAL_NVIC_EnableIRQ
                0x08001ea2       0x1c ./Drivers/STM32F1xx_HAL_Driver/Src/stm32f1xx_hal_cortex.o
                0x08001ea2                HAL_NVIC_EnableIRQ
 .text.HAL_SYSTICK_Config
                0x08001ebe       0x18 ./Drivers/STM32F1xx_HAL_Driver/Src/stm32f1xx_hal_cortex.o
                0x08001ebe                HAL_SYSTICK_Config
 *fill*         0x08001ed6        0x2 
 .text.HAL_GPIO_Init
                0x08001ed8      0x308 ./Drivers/STM32F1xx_HAL_Driver/Src/stm32f1xx_hal_gpio.o
                0x08001ed8                HAL_GPIO_Init
 .text.HAL_I2C_Init
                0x080021e0      0x288 ./Drivers/STM32F1xx_HAL_Driver/Src/stm32f1xx_hal_i2c.o
                0x080021e0                HAL_I2C_Init
 .text.HAL_I2C_Mem_Write
                0x08002468      0x1f4 ./Drivers/STM32F1xx_HAL_Driver/Src/stm32f1xx_hal_i2c.o
                0x08002468                HAL_I2C_Mem_Write
 .text.HAL_I2C_Mem_Read
                0x0800265c      0x4e8 ./Drivers/STM32F1xx_HAL_Driver/Src/stm32f1xx_hal_i2c.o
                0x0800265c                HAL_I2C_Mem_Read
 .text.I2C_RequestMemoryWrite
                0x08002b44      0x12c ./Drivers/STM32F1xx_HAL_Driver/Src/stm32f1xx_hal_i2c.o
 .text.I2C_RequestMemoryRead
                0x08002c70      0x1d0 ./Drivers/STM32F1xx_HAL_Driver/Src/stm32f1xx_hal_i2c.o
 .text.I2C_WaitOnFlagUntilTimeout
                0x08002e40       0xf4 ./Drivers/STM32F1xx_HAL_Driver/Src/stm32f1xx_hal_i2c.o
 .text.I2C_WaitOnMasterAddressFlagUntilTimeout
                0x08002f34      0x140 ./Drivers/STM32F1xx_HAL_Driver/Src/stm32f1xx_hal_i2c.o
 .text.I2C_WaitOnTXEFlagUntilTimeout
                0x08003074       0x90 ./Drivers/STM32F1xx_HAL_Driver/Src/stm32f1xx_hal_i2c.o
 .text.I2C_WaitOnBTFFlagUntilTimeout
                0x08003104       0x90 ./Drivers/STM32F1xx_HAL_Driver/Src/stm32f1xx_hal_i2c.o
 .text.I2C_WaitOnRXNEFlagUntilTimeout
                0x08003194       0xba ./Drivers/STM32F1xx_HAL_Driver/Src/stm32f1xx_hal_i2c.o
 .text.I2C_IsAcknowledgeFailed
                0x0800324e       0x5c ./Drivers/STM32F1xx_HAL_Driver/Src/stm32f1xx_hal_i2c.o
 .text.HAL_PCD_Init
                0x080032aa      0x1ec ./Drivers/STM32F1xx_HAL_Driver/Src/stm32f1xx_hal_pcd.o
                0x080032aa                HAL_PCD_Init
 .text.HAL_PCD_Start
                0x08003496       0x4c ./Drivers/STM32F1xx_HAL_Driver/Src/stm32f1xx_hal_pcd.o
                0x08003496                HAL_PCD_Start
 .text.HAL_PCD_IRQHandler
                0x080034e2      0x260 ./Drivers/STM32F1xx_HAL_Driver/Src/stm32f1xx_hal_pcd.o
                0x080034e2                HAL_PCD_IRQHandler
 .text.HAL_PCD_SetAddress
                0x08003742       0x48 ./Drivers/STM32F1xx_HAL_Driver/Src/stm32f1xx_hal_pcd.o
                0x08003742                HAL_PCD_SetAddress
 .text.HAL_PCD_EP_Open
                0x0800378a       0xba ./Drivers/STM32F1xx_HAL_Driver/Src/stm32f1xx_hal_pcd.o
                0x0800378a                HAL_PCD_EP_Open
 .text.HAL_PCD_EP_Close
                0x08003844       0x90 ./Drivers/STM32F1xx_HAL_Driver/Src/stm32f1xx_hal_pcd.o
                0x08003844                HAL_PCD_EP_Close
 .text.HAL_PCD_EP_Receive
                0x080038d4       0x62 ./Drivers/STM32F1xx_HAL_Driver/Src/stm32f1xx_hal_pcd.o
                0x080038d4                HAL_PCD_EP_Receive
 .text.HAL_PCD_EP_Transmit
                0x08003936       0x6e ./Drivers/STM32F1xx_HAL_Driver/Src/stm32f1xx_hal_pcd.o
                0x08003936                HAL_PCD_EP_Transmit
 .text.HAL_PCD_EP_SetStall
                0x080039a4       0xc0 ./Drivers/STM32F1xx_HAL_Driver/Src/stm32f1xx_hal_pcd.o
                0x080039a4                HAL_PCD_EP_SetStall
 .text.HAL_PCD_EP_ClrStall
                0x08003a64       0xa8 ./Drivers/STM32F1xx_HAL_Driver/Src/stm32f1xx_hal_pcd.o
                0x08003a64                HAL_PCD_EP_ClrStall
 .text.PCD_EP_ISR_Handler
                0x08003b0c      0x79e ./Drivers/STM32F1xx_HAL_Driver/Src/stm32f1xx_hal_pcd.o
 .text.HAL_PCD_EP_DB_Receive
                0x080042aa      0x21a ./Drivers/STM32F1xx_HAL_Driver/Src/stm32f1xx_hal_pcd.o
 .text.HAL_PCD_EP_DB_Transmit
                0x080044c4      0x7f4 ./Drivers/STM32F1xx_HAL_Driver/Src/stm32f1xx_hal_pcd.o
 .text.HAL_PCDEx_PMAConfig
                0x08004cb8       0x84 ./Drivers/STM32F1xx_HAL_Driver/Src/stm32f1xx_hal_pcd_ex.o
                0x08004cb8                HAL_PCDEx_PMAConfig
 .text.HAL_RCC_OscConfig
                0x08004d3c      0x504 ./Drivers/STM32F1xx_HAL_Driver/Src/stm32f1xx_hal_rcc.o
                0x08004d3c                HAL_RCC_OscConfig
 .text.HAL_RCC_ClockConfig
                0x08005240      0x1d4 ./Drivers/STM32F1xx_HAL_Driver/Src/stm32f1xx_hal_rcc.o
                0x08005240                HAL_RCC_ClockConfig
 .text.HAL_RCC_GetSysClockFreq
                0x08005414       0xa8 ./Drivers/STM32F1xx_HAL_Driver/Src/stm32f1xx_hal_rcc.o
                0x08005414                HAL_RCC_GetSysClockFreq
 .text.HAL_RCC_GetHCLKFreq
                0x080054bc       0x14 ./Drivers/STM32F1xx_HAL_Driver/Src/stm32f1xx_hal_rcc.o
                0x080054bc                HAL_RCC_GetHCLKFreq
 .text.HAL_RCC_GetPCLK1Freq
                0x080054d0       0x28 ./Drivers/STM32F1xx_HAL_Driver/Src/stm32f1xx_hal_rcc.o
                0x080054d0                HAL_RCC_GetPCLK1Freq
 .text.RCC_Delay
                0x080054f8       0x3c ./Drivers/STM32F1xx_HAL_Driver/Src/stm32f1xx_hal_rcc.o
 .text.HAL_RCCEx_PeriphCLKConfig
                0x08005534      0x16c ./Drivers/STM32F1xx_HAL_Driver/Src/stm32f1xx_hal_rcc_ex.o
                0x08005534                HAL_RCCEx_PeriphCLKConfig
 .text.USB_CoreInit
                0x080056a0       0x1a ./Drivers/STM32F1xx_HAL_Driver/Src/stm32f1xx_ll_usb.o
                0x080056a0                USB_CoreInit
 .text.USB_EnableGlobalInt
                0x080056ba       0x2c ./Drivers/STM32F1xx_HAL_Driver/Src/stm32f1xx_ll_usb.o
                0x080056ba                USB_EnableGlobalInt
 .text.USB_DisableGlobalInt
                0x080056e6       0x34 ./Drivers/STM32F1xx_HAL_Driver/Src/stm32f1xx_ll_usb.o
                0x080056e6                USB_DisableGlobalInt
 .text.USB_SetCurrentMode
                0x0800571a       0x18 ./Drivers/STM32F1xx_HAL_Driver/Src/stm32f1xx_ll_usb.o
                0x0800571a                USB_SetCurrentMode
 .text.USB_DevInit
                0x08005732       0x3a ./Drivers/STM32F1xx_HAL_Driver/Src/stm32f1xx_ll_usb.o
                0x08005732                USB_DevInit
 .text.USB_ActivateEndpoint
                0x0800576c      0x780 ./Drivers/STM32F1xx_HAL_Driver/Src/stm32f1xx_ll_usb.o
                0x0800576c                USB_ActivateEndpoint
 .text.USB_DeactivateEndpoint
                0x08005eec      0x3d8 ./Drivers/STM32F1xx_HAL_Driver/Src/stm32f1xx_ll_usb.o
                0x08005eec                USB_DeactivateEndpoint
 .text.USB_EPStartXfer
                0x080062c4     0x1762 ./Drivers/STM32F1xx_HAL_Driver/Src/stm32f1xx_ll_usb.o
                0x080062c4                USB_EPStartXfer
 .text.USB_EPSetStall
                0x08007a26       0xa0 ./Drivers/STM32F1xx_HAL_Driver/Src/stm32f1xx_ll_usb.o
                0x08007a26                USB_EPSetStall
 .text.USB_EPClearStall
                0x08007ac6      0x15a ./Drivers/STM32F1xx_HAL_Driver/Src/stm32f1xx_ll_usb.o
                0x08007ac6                USB_EPClearStall
 .text.USB_SetDevAddress
                0x08007c20       0x26 ./Drivers/STM32F1xx_HAL_Driver/Src/stm32f1xx_ll_usb.o
                0x08007c20                USB_SetDevAddress
 .text.USB_DevConnect
                0x08007c46       0x14 ./Drivers/STM32F1xx_HAL_Driver/Src/stm32f1xx_ll_usb.o
                0x08007c46                USB_DevConnect
 .text.USB_DevDisconnect
                0x08007c5a       0x14 ./Drivers/STM32F1xx_HAL_Driver/Src/stm32f1xx_ll_usb.o
                0x08007c5a                USB_DevDisconnect
 .text.USB_ReadInterrupts
                0x08007c6e       0x1e ./Drivers/STM32F1xx_HAL_Driver/Src/stm32f1xx_ll_usb.o
                0x08007c6e                USB_ReadInterrupts
 .text.USB_EP0_OutStart
                0x08007c8c       0x16 ./Drivers/STM32F1xx_HAL_Driver/Src/stm32f1xx_ll_usb.o
                0x08007c8c                USB_EP0_OutStart
 .text.USB_WritePMA
                0x08007ca2       0x8a ./Drivers/STM32F1xx_HAL_Driver/Src/stm32f1xx_ll_usb.o
                0x08007ca2                USB_WritePMA
 .text.USB_ReadPMA
                0x08007d2c       0x9e ./Drivers/STM32F1xx_HAL_Driver/Src/stm32f1xx_ll_usb.o
                0x08007d2c                USB_ReadPMA
 .text.USBD_CUSTOM_HID_Init
                0x08007dca       0x82 ./Middlewares/ST/STM32_USB_Device_Library/Class/CustomHID/Src/usbd_customhid.o
 .text.USBD_CUSTOM_HID_DeInit
                0x08007e4c       0x5c ./Middlewares/ST/STM32_USB_Device_Library/Class/CustomHID/Src/usbd_customhid.o
 .text.USBD_CUSTOM_HID_Setup
                0x08007ea8      0x200 ./Middlewares/ST/STM32_USB_Device_Library/Class/CustomHID/Src/usbd_customhid.o
 .text.USBD_CUSTOM_HID_SendReport
                0x080080a8       0x4a ./Middlewares/ST/STM32_USB_Device_Library/Class/CustomHID/Src/usbd_customhid.o
                0x080080a8                USBD_CUSTOM_HID_SendReport
 *fill*         0x080080f2        0x2 
 .text.USBD_CUSTOM_HID_GetFSCfgDesc
                0x080080f4       0x20 ./Middlewares/ST/STM32_USB_Device_Library/Class/CustomHID/Src/usbd_customhid.o
 .text.USBD_CUSTOM_HID_GetHSCfgDesc
                0x08008114       0x20 ./Middlewares/ST/STM32_USB_Device_Library/Class/CustomHID/Src/usbd_customhid.o
 .text.USBD_CUSTOM_HID_GetOtherSpeedCfgDesc
                0x08008134       0x20 ./Middlewares/ST/STM32_USB_Device_Library/Class/CustomHID/Src/usbd_customhid.o
 .text.USBD_CUSTOM_HID_DataIn
                0x08008154       0x22 ./Middlewares/ST/STM32_USB_Device_Library/Class/CustomHID/Src/usbd_customhid.o
 .text.USBD_CUSTOM_HID_DataOut
                0x08008176       0x3e ./Middlewares/ST/STM32_USB_Device_Library/Class/CustomHID/Src/usbd_customhid.o
 .text.USBD_CUSTOM_HID_EP0_RxReady
                0x080081b4       0x3c ./Middlewares/ST/STM32_USB_Device_Library/Class/CustomHID/Src/usbd_customhid.o
 .text.USBD_CUSTOM_HID_GetDeviceQualifierDesc
                0x080081f0       0x20 ./Middlewares/ST/STM32_USB_Device_Library/Class/CustomHID/Src/usbd_customhid.o
 .text.USBD_CUSTOM_HID_RegisterInterface
                0x08008210       0x2c ./Middlewares/ST/STM32_USB_Device_Library/Class/CustomHID/Src/usbd_customhid.o
                0x08008210                USBD_CUSTOM_HID_RegisterInterface
 .text.USBD_Init
                0x0800823c       0x56 ./Middlewares/ST/STM32_USB_Device_Library/Core/Src/usbd_core.o
                0x0800823c                USBD_Init
 .text.USBD_RegisterClass
                0x08008292       0x32 ./Middlewares/ST/STM32_USB_Device_Library/Core/Src/usbd_core.o
                0x08008292                USBD_RegisterClass
 .text.USBD_Start
                0x080082c4       0x18 ./Middlewares/ST/STM32_USB_Device_Library/Core/Src/usbd_core.o
                0x080082c4                USBD_Start
 .text.USBD_RunTestMode
                0x080082dc       0x14 ./Middlewares/ST/STM32_USB_Device_Library/Core/Src/usbd_core.o
                0x080082dc                USBD_RunTestMode
 .text.USBD_SetClassConfig
                0x080082f0       0x3e ./Middlewares/ST/STM32_USB_Device_Library/Core/Src/usbd_core.o
                0x080082f0                USBD_SetClassConfig
 .text.USBD_ClrClassConfig
                0x0800832e       0x26 ./Middlewares/ST/STM32_USB_Device_Library/Core/Src/usbd_core.o
                0x0800832e                USBD_ClrClassConfig
 .text.USBD_LL_SetupStage
                0x08008354       0x9a ./Middlewares/ST/STM32_USB_Device_Library/Core/Src/usbd_core.o
                0x08008354                USBD_LL_SetupStage
 .text.USBD_LL_DataOutStage
                0x080083ee       0xe2 ./Middlewares/ST/STM32_USB_Device_Library/Core/Src/usbd_core.o
                0x080083ee                USBD_LL_DataOutStage
 .text.USBD_LL_DataInStage
                0x080084d0      0x14a ./Middlewares/ST/STM32_USB_Device_Library/Core/Src/usbd_core.o
                0x080084d0                USBD_LL_DataInStage
 .text.USBD_LL_Reset
                0x0800861a       0x82 ./Middlewares/ST/STM32_USB_Device_Library/Core/Src/usbd_core.o
                0x0800861a                USBD_LL_Reset
 .text.USBD_LL_SetSpeed
                0x0800869c       0x1e ./Middlewares/ST/STM32_USB_Device_Library/Core/Src/usbd_core.o
                0x0800869c                USBD_LL_SetSpeed
 .text.USBD_LL_Suspend
                0x080086ba       0x28 ./Middlewares/ST/STM32_USB_Device_Library/Core/Src/usbd_core.o
                0x080086ba                USBD_LL_Suspend
 .text.USBD_LL_Resume
                0x080086e2       0x2a ./Middlewares/ST/STM32_USB_Device_Library/Core/Src/usbd_core.o
                0x080086e2                USBD_LL_Resume
 .text.USBD_LL_SOF
                0x0800870c       0x34 ./Middlewares/ST/STM32_USB_Device_Library/Core/Src/usbd_core.o
                0x0800870c                USBD_LL_SOF
 .text.USBD_StdDevReq
                0x08008740       0xd4 ./Middlewares/ST/STM32_USB_Device_Library/Core/Src/usbd_ctlreq.o
                0x08008740                USBD_StdDevReq
 .text.USBD_StdItfReq
                0x08008814       0x90 ./Middlewares/ST/STM32_USB_Device_Library/Core/Src/usbd_ctlreq.o
                0x08008814                USBD_StdItfReq
 .text.USBD_StdEPReq
                0x080088a4      0x2c6 ./Middlewares/ST/STM32_USB_Device_Library/Core/Src/usbd_ctlreq.o
                0x080088a4                USBD_StdEPReq
 *fill*         0x08008b6a        0x2 
 .text.USBD_GetDescriptor
                0x08008b6c      0x2d0 ./Middlewares/ST/STM32_USB_Device_Library/Core/Src/usbd_ctlreq.o
 .text.USBD_SetAddress
                0x08008e3c       0x86 ./Middlewares/ST/STM32_USB_Device_Library/Core/Src/usbd_ctlreq.o
 *fill*         0x08008ec2        0x2 
 .text.USBD_SetConfig
                0x08008ec4      0x11c ./Middlewares/ST/STM32_USB_Device_Library/Core/Src/usbd_ctlreq.o
 .text.USBD_GetConfig
                0x08008fe0       0x6a ./Middlewares/ST/STM32_USB_Device_Library/Core/Src/usbd_ctlreq.o
 .text.USBD_GetStatus
                0x0800904a       0x66 ./Middlewares/ST/STM32_USB_Device_Library/Core/Src/usbd_ctlreq.o
 .text.USBD_SetFeature
                0x080090b0       0x28 ./Middlewares/ST/STM32_USB_Device_Library/Core/Src/usbd_ctlreq.o
 .text.USBD_ClrFeature
                0x080090d8       0x42 ./Middlewares/ST/STM32_USB_Device_Library/Core/Src/usbd_ctlreq.o
 .text.USBD_ParseSetupRequest
                0x0800911a       0x72 ./Middlewares/ST/STM32_USB_Device_Library/Core/Src/usbd_ctlreq.o
                0x0800911a                USBD_ParseSetupRequest
 .text.USBD_CtlError
                0x0800918c       0x22 ./Middlewares/ST/STM32_USB_Device_Library/Core/Src/usbd_ctlreq.o
                0x0800918c                USBD_CtlError
 .text.USBD_GetString
                0x080091ae       0x84 ./Middlewares/ST/STM32_USB_Device_Library/Core/Src/usbd_ctlreq.o
                0x080091ae                USBD_GetString
 .text.USBD_GetLen
                0x08009232       0x2e ./Middlewares/ST/STM32_USB_Device_Library/Core/Src/usbd_ctlreq.o
 .text.USBD_CtlSendData
                0x08009260       0x38 ./Middlewares/ST/STM32_USB_Device_Library/Core/Src/usbd_ioreq.o
                0x08009260                USBD_CtlSendData
 .text.USBD_CtlContinueSendData
                0x08009298       0x24 ./Middlewares/ST/STM32_USB_Device_Library/Core/Src/usbd_ioreq.o
                0x08009298                USBD_CtlContinueSendData
 .text.USBD_CtlPrepareRx
                0x080092bc       0x3c ./Middlewares/ST/STM32_USB_Device_Library/Core/Src/usbd_ioreq.o
                0x080092bc                USBD_CtlPrepareRx
 .text.USBD_CtlContinueRx
                0x080092f8       0x24 ./Middlewares/ST/STM32_USB_Device_Library/Core/Src/usbd_ioreq.o
                0x080092f8                USBD_CtlContinueRx
 .text.USBD_CtlSendStatus
                0x0800931c       0x26 ./Middlewares/ST/STM32_USB_Device_Library/Core/Src/usbd_ioreq.o
                0x0800931c                USBD_CtlSendStatus
 .text.USBD_CtlReceiveStatus
                0x08009342       0x26 ./Middlewares/ST/STM32_USB_Device_Library/Core/Src/usbd_ioreq.o
                0x08009342                USBD_CtlReceiveStatus
 .text.MX_USB_DEVICE_Init
                0x08009368       0x60 ./USB_DEVICE/App/usb_device.o
                0x08009368                MX_USB_DEVICE_Init
 .text.CUSTOM_HID_Init_FS
                0x080093c8        0xe ./USB_DEVICE/App/usbd_custom_hid_if.o
 .text.CUSTOM_HID_DeInit_FS
                0x080093d6        0xe ./USB_DEVICE/App/usbd_custom_hid_if.o
 .text.CUSTOM_HID_OutEvent_FS
                0x080093e4       0x1c ./USB_DEVICE/App/usbd_custom_hid_if.o
 .text.USBD_FS_DeviceDescriptor
                0x08009400       0x24 ./USB_DEVICE/App/usbd_desc.o
                0x08009400                USBD_FS_DeviceDescriptor
 .text.USBD_FS_LangIDStrDescriptor
                0x08009424       0x24 ./USB_DEVICE/App/usbd_desc.o
                0x08009424                USBD_FS_LangIDStrDescriptor
 .text.USBD_FS_ProductStrDescriptor
                0x08009448       0x3c ./USB_DEVICE/App/usbd_desc.o
                0x08009448                USBD_FS_ProductStrDescriptor
 .text.USBD_FS_ManufacturerStrDescriptor
                0x08009484       0x28 ./USB_DEVICE/App/usbd_desc.o
                0x08009484                USBD_FS_ManufacturerStrDescriptor
 .text.USBD_FS_SerialStrDescriptor
                0x080094ac       0x24 ./USB_DEVICE/App/usbd_desc.o
                0x080094ac                USBD_FS_SerialStrDescriptor
 .text.USBD_FS_ConfigStrDescriptor
                0x080094d0       0x3c ./USB_DEVICE/App/usbd_desc.o
                0x080094d0                USBD_FS_ConfigStrDescriptor
 .text.USBD_FS_InterfaceStrDescriptor
                0x0800950c       0x3c ./USB_DEVICE/App/usbd_desc.o
                0x0800950c                USBD_FS_InterfaceStrDescriptor
 .text.Get_SerialNum
                0x08009548       0x58 ./USB_DEVICE/App/usbd_desc.o
 .text.IntToUnicode
                0x080095a0       0x7c ./USB_DEVICE/App/usbd_desc.o
 .text.HAL_PCD_MspInit
                0x0800961c       0x4c ./USB_DEVICE/Target/usbd_conf.o
                0x0800961c                HAL_PCD_MspInit
 .text.HAL_PCD_SetupStageCallback
                0x08009668       0x24 ./USB_DEVICE/Target/usbd_conf.o
                0x08009668                HAL_PCD_SetupStageCallback
 .text.HAL_PCD_DataOutStageCallback
                0x0800968c       0x36 ./USB_DEVICE/Target/usbd_conf.o
                0x0800968c                HAL_PCD_DataOutStageCallback
 .text.HAL_PCD_DataInStageCallback
                0x080096c2       0x34 ./USB_DEVICE/Target/usbd_conf.o
                0x080096c2                HAL_PCD_DataInStageCallback
 .text.HAL_PCD_SOFCallback
                0x080096f6       0x1c ./USB_DEVICE/Target/usbd_conf.o
                0x080096f6                HAL_PCD_SOFCallback
 .text.HAL_PCD_ResetCallback
                0x08009712       0x3c ./USB_DEVICE/Target/usbd_conf.o
                0x08009712                HAL_PCD_ResetCallback
 *fill*         0x0800974e        0x2 
 .text.HAL_PCD_SuspendCallback
                0x08009750       0x34 ./USB_DEVICE/Target/usbd_conf.o
                0x08009750                HAL_PCD_SuspendCallback
 .text.HAL_PCD_ResumeCallback
                0x08009784       0x1c ./USB_DEVICE/Target/usbd_conf.o
                0x08009784                HAL_PCD_ResumeCallback
 .text.USBD_LL_Init
                0x080097a0       0xa0 ./USB_DEVICE/Target/usbd_conf.o
                0x080097a0                USBD_LL_Init
 .text.USBD_LL_Start
                0x08009840       0x36 ./USB_DEVICE/Target/usbd_conf.o
                0x08009840                USBD_LL_Start
 .text.USBD_LL_OpenEP
                0x08009876       0x4c ./USB_DEVICE/Target/usbd_conf.o
                0x08009876                USBD_LL_OpenEP
 .text.USBD_LL_CloseEP
                0x080098c2       0x3e ./USB_DEVICE/Target/usbd_conf.o
                0x080098c2                USBD_LL_CloseEP
 .text.USBD_LL_StallEP
                0x08009900       0x3e ./USB_DEVICE/Target/usbd_conf.o
                0x08009900                USBD_LL_StallEP
 .text.USBD_LL_ClearStallEP
                0x0800993e       0x3e ./USB_DEVICE/Target/usbd_conf.o
                0x0800993e                USBD_LL_ClearStallEP
 .text.USBD_LL_IsStallEP
                0x0800997c       0x56 ./USB_DEVICE/Target/usbd_conf.o
                0x0800997c                USBD_LL_IsStallEP
 .text.USBD_LL_SetUSBAddress
                0x080099d2       0x3e ./USB_DEVICE/Target/usbd_conf.o
                0x080099d2                USBD_LL_SetUSBAddress
 .text.USBD_LL_Transmit
                0x08009a10       0x46 ./USB_DEVICE/Target/usbd_conf.o
                0x08009a10                USBD_LL_Transmit
 .text.USBD_LL_PrepareReceive
                0x08009a56       0x46 ./USB_DEVICE/Target/usbd_conf.o
                0x08009a56                USBD_LL_PrepareReceive
 .text.USBD_static_malloc
                0x08009a9c       0x18 ./USB_DEVICE/Target/usbd_conf.o
                0x08009a9c                USBD_static_malloc
 .text.USBD_static_free
                0x08009ab4       0x12 ./USB_DEVICE/Target/usbd_conf.o
                0x08009ab4                USBD_static_free
 .text.HAL_PCDEx_SetConnectionState
                0x08009ac6       0x16 ./USB_DEVICE/Target/usbd_conf.o
                0x08009ac6                HAL_PCDEx_SetConnectionState
 .text.USBD_Get_USB_Status
                0x08009adc       0x58 ./USB_DEVICE/Target/usbd_conf.o
 .text.memset   0x08009b34       0x10 C:/ST/STM32CubeIDE/STM32CubeIDE/plugins/com.st.stm32cube.ide.mcu.externaltools.gnu-tools-for-stm32.12.3.rel1.win32_1.1.0.202410251130/tools/bin/../lib/gcc/arm-none-eabi/12.3.1/../../../../arm-none-eabi/lib/thumb/v7-m/nofp\libc_nano.a(libc_a-memset.o)
                0x08009b34                memset
 .text.__libc_init_array
                0x08009b44       0x48 C:/ST/STM32CubeIDE/STM32CubeIDE/plugins/com.st.stm32cube.ide.mcu.externaltools.gnu-tools-for-stm32.12.3.rel1.win32_1.1.0.202410251130/tools/bin/../lib/gcc/arm-none-eabi/12.3.1/../../../../arm-none-eabi/lib/thumb/v7-m/nofp\libc_nano.a(libc_a-init.o)
                0x08009b44                __libc_init_array
 *(.glue_7)
 .glue_7        0x08009b8c        0x0 linker stubs
 *(.glue_7t)
 .glue_7t       0x08009b8c        0x0 linker stubs
 *(.eh_frame)
 .eh_frame      0x08009b8c        0x0 C:/ST/STM32CubeIDE/STM32CubeIDE/plugins/com.st.stm32cube.ide.mcu.externaltools.gnu-tools-for-stm32.12.3.rel1.win32_1.1.0.202410251130/tools/bin/../lib/gcc/arm-none-eabi/12.3.1/thumb/v7-m/nofp/crtbegin.o
 *(.init)
 .init          0x08009b8c        0x4 C:/ST/STM32CubeIDE/STM32CubeIDE/plugins/com.st.stm32cube.ide.mcu.externaltools.gnu-tools-for-stm32.12.3.rel1.win32_1.1.0.202410251130/tools/bin/../lib/gcc/arm-none-eabi/12.3.1/thumb/v7-m/nofp/crti.o
                0x08009b8c                _init
 .init          0x08009b90        0x8 C:/ST/STM32CubeIDE/STM32CubeIDE/plugins/com.st.stm32cube.ide.mcu.externaltools.gnu-tools-for-stm32.12.3.rel1.win32_1.1.0.202410251130/tools/bin/../lib/gcc/arm-none-eabi/12.3.1/thumb/v7-m/nofp/crtn.o
 *(.fini)
 .fini          0x08009b98        0x4 C:/ST/STM32CubeIDE/STM32CubeIDE/plugins/com.st.stm32cube.ide.mcu.externaltools.gnu-tools-for-stm32.12.3.rel1.win32_1.1.0.202410251130/tools/bin/../lib/gcc/arm-none-eabi/12.3.1/thumb/v7-m/nofp/crti.o
                0x08009b98                _fini
 .fini          0x08009b9c        0x8 C:/ST/STM32CubeIDE/STM32CubeIDE/plugins/com.st.stm32cube.ide.mcu.externaltools.gnu-tools-for-stm32.12.3.rel1.win32_1.1.0.202410251130/tools/bin/../lib/gcc/arm-none-eabi/12.3.1/thumb/v7-m/nofp/crtn.o
                0x08009ba4                        . = ALIGN (0x4)
                0x08009ba4                        _etext = .

.vfp11_veneer   0x08009ba4        0x0
 .vfp11_veneer  0x08009ba4        0x0 linker stubs

.v4_bx          0x08009ba4        0x0
 .v4_bx         0x08009ba4        0x0 linker stubs

.iplt           0x08009ba4        0x0
 .iplt          0x08009ba4        0x0 C:/ST/STM32CubeIDE/STM32CubeIDE/plugins/com.st.stm32cube.ide.mcu.externaltools.gnu-tools-for-stm32.12.3.rel1.win32_1.1.0.202410251130/tools/bin/../lib/gcc/arm-none-eabi/12.3.1/thumb/v7-m/nofp/crtbegin.o

.rodata         0x08009ba4       0xa4
                0x08009ba4                        . = ALIGN (0x4)
 *(.rodata)
 .rodata        0x08009ba4       0x5d ./USB_DEVICE/App/usbd_desc.o
 *(.rodata*)
 *fill*         0x08009c01        0x3 
 .rodata.mpr121_1
                0x08009c04        0x8 ./Core/Src/User/mpr121.o
                0x08009c04                mpr121_1
 .rodata.mpr121_2
                0x08009c0c        0x8 ./Core/Src/User/mpr121.o
                0x08009c0c                mpr121_2
 .rodata.mpr121_3
                0x08009c14        0x8 ./Core/Src/User/mpr121.o
                0x08009c14                mpr121_3
 .rodata.AHBPrescTable
                0x08009c1c       0x10 ./Core/Src/system_stm32f1xx.o
                0x08009c1c                AHBPrescTable
 .rodata.APBPrescTable
                0x08009c2c        0x8 ./Core/Src/system_stm32f1xx.o
                0x08009c2c                APBPrescTable
 .rodata.aPLLMULFactorTable.1
                0x08009c34       0x10 ./Drivers/STM32F1xx_HAL_Driver/Src/stm32f1xx_hal_rcc.o
 .rodata.aPredivFactorTable.0
                0x08009c44        0x2 ./Drivers/STM32F1xx_HAL_Driver/Src/stm32f1xx_hal_rcc.o
                0x08009c48                        . = ALIGN (0x4)
 *fill*         0x08009c46        0x2 

.ARM.extab      0x08009c48        0x0
                0x08009c48                        . = ALIGN (0x4)
 *(.ARM.extab* .gnu.linkonce.armextab.*)
                0x08009c48                        . = ALIGN (0x4)

.ARM            0x08009c48        0x0
                0x08009c48                        . = ALIGN (0x4)
                0x08009c48                        __exidx_start = .
 *(.ARM.exidx*)
                0x08009c48                        __exidx_end = .
                0x08009c48                        . = ALIGN (0x4)

.preinit_array  0x08009c48        0x0
                0x08009c48                        . = ALIGN (0x4)
                0x08009c48                        PROVIDE (__preinit_array_start = .)
 *(.preinit_array*)
                0x08009c48                        PROVIDE (__preinit_array_end = .)
                0x08009c48                        . = ALIGN (0x4)

.init_array     0x08009c48        0x4
                0x08009c48                        . = ALIGN (0x4)
                0x08009c48                        PROVIDE (__init_array_start = .)
 *(SORT_BY_NAME(.init_array.*))
 *(.init_array*)
 .init_array    0x08009c48        0x4 C:/ST/STM32CubeIDE/STM32CubeIDE/plugins/com.st.stm32cube.ide.mcu.externaltools.gnu-tools-for-stm32.12.3.rel1.win32_1.1.0.202410251130/tools/bin/../lib/gcc/arm-none-eabi/12.3.1/thumb/v7-m/nofp/crtbegin.o
                0x08009c4c                        PROVIDE (__init_array_end = .)
                0x08009c4c                        . = ALIGN (0x4)

.fini_array     0x08009c4c        0x4
                0x08009c4c                        . = ALIGN (0x4)
                [!provide]                        PROVIDE (__fini_array_start = .)
 *(SORT_BY_NAME(.fini_array.*))
 *(.fini_array*)
 .fini_array    0x08009c4c        0x4 C:/ST/STM32CubeIDE/STM32CubeIDE/plugins/com.st.stm32cube.ide.mcu.externaltools.gnu-tools-for-stm32.12.3.rel1.win32_1.1.0.202410251130/tools/bin/../lib/gcc/arm-none-eabi/12.3.1/thumb/v7-m/nofp/crtbegin.o
                [!provide]                        PROVIDE (__fini_array_end = .)
                0x08009c50                        . = ALIGN (0x4)
                0x08009c50                        _sidata = LOADADDR (.data)

.rel.dyn        0x08009c50        0x0
 .rel.iplt      0x08009c50        0x0 C:/ST/STM32CubeIDE/STM32CubeIDE/plugins/com.st.stm32cube.ide.mcu.externaltools.gnu-tools-for-stm32.12.3.rel1.win32_1.1.0.202410251130/tools/bin/../lib/gcc/arm-none-eabi/12.3.1/thumb/v7-m/nofp/crtbegin.o

.data           0x20000000      0x18c load address 0x08009c50
                0x20000000                        . = ALIGN (0x4)
                0x20000000                        _sdata = .
 *(.data)
 *(.data*)
 .data.SystemCoreClock
                0x20000000        0x4 ./Core/Src/system_stm32f1xx.o
                0x20000000                SystemCoreClock
 .data.uwTickPrio
                0x20000004        0x4 ./Drivers/STM32F1xx_HAL_Driver/Src/stm32f1xx_hal.o
                0x20000004                uwTickPrio
 .data.uwTickFreq
                0x20000008        0x1 ./Drivers/STM32F1xx_HAL_Driver/Src/stm32f1xx_hal.o
                0x20000008                uwTickFreq
 *fill*         0x20000009        0x3 
 .data.USBD_CUSTOM_HID
                0x2000000c       0x38 ./Middlewares/ST/STM32_USB_Device_Library/Class/CustomHID/Src/usbd_customhid.o
                0x2000000c                USBD_CUSTOM_HID
 .data.USBD_CUSTOM_HID_CfgFSDesc
                0x20000044       0x29 ./Middlewares/ST/STM32_USB_Device_Library/Class/CustomHID/Src/usbd_customhid.o
 *fill*         0x2000006d        0x3 
 .data.USBD_CUSTOM_HID_CfgHSDesc
                0x20000070       0x29 ./Middlewares/ST/STM32_USB_Device_Library/Class/CustomHID/Src/usbd_customhid.o
 *fill*         0x20000099        0x3 
 .data.USBD_CUSTOM_HID_OtherSpeedCfgDesc
                0x2000009c       0x29 ./Middlewares/ST/STM32_USB_Device_Library/Class/CustomHID/Src/usbd_customhid.o
 *fill*         0x200000c5        0x3 
 .data.USBD_CUSTOM_HID_Desc
                0x200000c8        0x9 ./Middlewares/ST/STM32_USB_Device_Library/Class/CustomHID/Src/usbd_customhid.o
 *fill*         0x200000d1        0x3 
 .data.USBD_CUSTOM_HID_DeviceQualifierDesc
                0x200000d4        0xa ./Middlewares/ST/STM32_USB_Device_Library/Class/CustomHID/Src/usbd_customhid.o
 *fill*         0x200000de        0x2 
 .data.CUSTOM_HID_ReportDesc_FS
                0x200000e0       0x49 ./USB_DEVICE/App/usbd_custom_hid_if.o
 *fill*         0x20000129        0x3 
 .data.USBD_CustomHID_fops_FS
                0x2000012c       0x10 ./USB_DEVICE/App/usbd_custom_hid_if.o
                0x2000012c                USBD_CustomHID_fops_FS
 .data.FS_Desc  0x2000013c       0x1c ./USB_DEVICE/App/usbd_desc.o
                0x2000013c                FS_Desc
 .data.USBD_FS_DeviceDesc
                0x20000158       0x12 ./USB_DEVICE/App/usbd_desc.o
                0x20000158                USBD_FS_DeviceDesc
 *fill*         0x2000016a        0x2 
 .data.USBD_LangIDDesc
                0x2000016c        0x4 ./USB_DEVICE/App/usbd_desc.o
                0x2000016c                USBD_LangIDDesc
 .data.USBD_StringSerial
                0x20000170       0x1a ./USB_DEVICE/App/usbd_desc.o
                0x20000170                USBD_StringSerial
 *(.RamFunc)
 *(.RamFunc*)
                0x2000018c                        . = ALIGN (0x4)
 *fill*         0x2000018a        0x2 
                0x2000018c                        _edata = .

.igot.plt       0x2000018c        0x0 load address 0x08009ddc
 .igot.plt      0x2000018c        0x0 C:/ST/STM32CubeIDE/STM32CubeIDE/plugins/com.st.stm32cube.ide.mcu.externaltools.gnu-tools-for-stm32.12.3.rel1.win32_1.1.0.202410251130/tools/bin/../lib/gcc/arm-none-eabi/12.3.1/thumb/v7-m/nofp/crtbegin.o
                0x2000018c                        . = ALIGN (0x4)

.bss            0x2000018c      0x840 load address 0x08009ddc
                0x2000018c                        _sbss = .
                0x2000018c                        __bss_start__ = _sbss
 *(.bss)
 .bss           0x2000018c       0x1c C:/ST/STM32CubeIDE/STM32CubeIDE/plugins/com.st.stm32cube.ide.mcu.externaltools.gnu-tools-for-stm32.12.3.rel1.win32_1.1.0.202410251130/tools/bin/../lib/gcc/arm-none-eabi/12.3.1/thumb/v7-m/nofp/crtbegin.o
 *(.bss*)
 .bss.report    0x200001a8        0xf ./Core/Src/User/Keyboard_Driver.o
                0x200001a8                report
 .bss.status    0x200001b7        0x1 ./Core/Src/User/mpr121.o
                0x200001b7                status
 .bss.hi2c1     0x200001b8       0x54 ./Core/Src/i2c.o
                0x200001b8                hi2c1
 .bss.uwTick    0x2000020c        0x4 ./Drivers/STM32F1xx_HAL_Driver/Src/stm32f1xx_hal.o
                0x2000020c                uwTick
 .bss.cfgidx.0  0x20000210        0x1 ./Middlewares/ST/STM32_USB_Device_Library/Core/Src/usbd_ctlreq.o
 *fill*         0x20000211        0x3 
 .bss.hUsbDeviceFS
                0x20000214      0x2c4 ./USB_DEVICE/App/usb_device.o
                0x20000214                hUsbDeviceFS
 .bss.USBD_StrDesc
                0x200004d8      0x200 ./USB_DEVICE/App/usbd_desc.o
                0x200004d8                USBD_StrDesc
 .bss.hpcd_USB_FS
                0x200006d8      0x2d8 ./USB_DEVICE/Target/usbd_conf.o
                0x200006d8                hpcd_USB_FS
 .bss.mem.0     0x200009b0       0x1c ./USB_DEVICE/Target/usbd_conf.o
 *(COMMON)
                0x200009cc                        . = ALIGN (0x4)
                0x200009cc                        _ebss = .
                0x200009cc                        __bss_end__ = _ebss

._user_heap_stack
                0x200009cc      0x604 load address 0x08009ddc
                0x200009d0                        . = ALIGN (0x8)
 *fill*         0x200009cc        0x4 
                [!provide]                        PROVIDE (end = .)
                0x200009d0                        PROVIDE (_end = .)
                0x20000bd0                        . = (. + _Min_Heap_Size)
 *fill*         0x200009d0      0x200 
                0x20000fd0                        . = (. + _Min_Stack_Size)
 *fill*         0x20000bd0      0x400 
                0x20000fd0                        . = ALIGN (0x8)

/DISCARD/
 libc.a(*)
 libm.a(*)
 libgcc.a(*)

.ARM.attributes
                0x00000000       0x29
 *(.ARM.attributes)
 .ARM.attributes
                0x00000000       0x1d C:/ST/STM32CubeIDE/STM32CubeIDE/plugins/com.st.stm32cube.ide.mcu.externaltools.gnu-tools-for-stm32.12.3.rel1.win32_1.1.0.202410251130/tools/bin/../lib/gcc/arm-none-eabi/12.3.1/thumb/v7-m/nofp/crti.o
 .ARM.attributes
                0x0000001d       0x2d C:/ST/STM32CubeIDE/STM32CubeIDE/plugins/com.st.stm32cube.ide.mcu.externaltools.gnu-tools-for-stm32.12.3.rel1.win32_1.1.0.202410251130/tools/bin/../lib/gcc/arm-none-eabi/12.3.1/thumb/v7-m/nofp/crtbegin.o
 .ARM.attributes
                0x0000004a       0x2d ./Core/Src/User/Keyboard_Driver.o
 .ARM.attributes
                0x00000077       0x2d ./Core/Src/User/mpr121.o
 .ARM.attributes
                0x000000a4       0x2d ./Core/Src/User/qnzm.o
 .ARM.attributes
                0x000000d1       0x2d ./Core/Src/gpio.o
 .ARM.attributes
                0x000000fe       0x2d ./Core/Src/i2c.o
 .ARM.attributes
                0x0000012b       0x2d ./Core/Src/main.o
 .ARM.attributes
                0x00000158       0x2d ./Core/Src/stm32f1xx_hal_msp.o
 .ARM.attributes
                0x00000185       0x2d ./Core/Src/stm32f1xx_it.o
 .ARM.attributes
                0x000001b2       0x2d ./Core/Src/system_stm32f1xx.o
 .ARM.attributes
                0x000001df       0x21 ./Core/Startup/startup_stm32f103c8tx.o
 .ARM.attributes
                0x00000200       0x2d ./Drivers/STM32F1xx_HAL_Driver/Src/stm32f1xx_hal.o
 .ARM.attributes
                0x0000022d       0x2d ./Drivers/STM32F1xx_HAL_Driver/Src/stm32f1xx_hal_cortex.o
 .ARM.attributes
                0x0000025a       0x2d ./Drivers/STM32F1xx_HAL_Driver/Src/stm32f1xx_hal_gpio.o
 .ARM.attributes
                0x00000287       0x2d ./Drivers/STM32F1xx_HAL_Driver/Src/stm32f1xx_hal_i2c.o
 .ARM.attributes
                0x000002b4       0x2d ./Drivers/STM32F1xx_HAL_Driver/Src/stm32f1xx_hal_pcd.o
 .ARM.attributes
                0x000002e1       0x2d ./Drivers/STM32F1xx_HAL_Driver/Src/stm32f1xx_hal_pcd_ex.o
 .ARM.attributes
                0x0000030e       0x2d ./Drivers/STM32F1xx_HAL_Driver/Src/stm32f1xx_hal_rcc.o
 .ARM.attributes
                0x0000033b       0x2d ./Drivers/STM32F1xx_HAL_Driver/Src/stm32f1xx_hal_rcc_ex.o
 .ARM.attributes
                0x00000368       0x2d ./Drivers/STM32F1xx_HAL_Driver/Src/stm32f1xx_ll_usb.o
 .ARM.attributes
                0x00000395       0x2d ./Middlewares/ST/STM32_USB_Device_Library/Class/CustomHID/Src/usbd_customhid.o
 .ARM.attributes
                0x000003c2       0x2d ./Middlewares/ST/STM32_USB_Device_Library/Core/Src/usbd_core.o
 .ARM.attributes
                0x000003ef       0x2d ./Middlewares/ST/STM32_USB_Device_Library/Core/Src/usbd_ctlreq.o
 .ARM.attributes
                0x0000041c       0x2d ./Middlewares/ST/STM32_USB_Device_Library/Core/Src/usbd_ioreq.o
 .ARM.attributes
                0x00000449       0x2d ./USB_DEVICE/App/usb_device.o
 .ARM.attributes
                0x00000476       0x2d ./USB_DEVICE/App/usbd_custom_hid_if.o
 .ARM.attributes
                0x000004a3       0x2d ./USB_DEVICE/App/usbd_desc.o
 .ARM.attributes
                0x000004d0       0x2d ./USB_DEVICE/Target/usbd_conf.o
 .ARM.attributes
                0x000004fd       0x2d C:/ST/STM32CubeIDE/STM32CubeIDE/plugins/com.st.stm32cube.ide.mcu.externaltools.gnu-tools-for-stm32.12.3.rel1.win32_1.1.0.202410251130/tools/bin/../lib/gcc/arm-none-eabi/12.3.1/../../../../arm-none-eabi/lib/thumb/v7-m/nofp\libc_nano.a(libc_a-memset.o)
 .ARM.attributes
                0x0000052a       0x2d C:/ST/STM32CubeIDE/STM32CubeIDE/plugins/com.st.stm32cube.ide.mcu.externaltools.gnu-tools-for-stm32.12.3.rel1.win32_1.1.0.202410251130/tools/bin/../lib/gcc/arm-none-eabi/12.3.1/../../../../arm-none-eabi/lib/thumb/v7-m/nofp\libc_nano.a(libc_a-init.o)
 .ARM.attributes
                0x00000557       0x1d C:/ST/STM32CubeIDE/STM32CubeIDE/plugins/com.st.stm32cube.ide.mcu.externaltools.gnu-tools-for-stm32.12.3.rel1.win32_1.1.0.202410251130/tools/bin/../lib/gcc/arm-none-eabi/12.3.1/thumb/v7-m/nofp/crtn.o
OUTPUT(QNZM.elf elf32-littlearm)
LOAD linker stubs
LOAD C:/ST/STM32CubeIDE/STM32CubeIDE/plugins/com.st.stm32cube.ide.mcu.externaltools.gnu-tools-for-stm32.12.3.rel1.win32_1.1.0.202410251130/tools/bin/../lib/gcc/arm-none-eabi/12.3.1/../../../../arm-none-eabi/lib/thumb/v7-m/nofp\libc.a
LOAD C:/ST/STM32CubeIDE/STM32CubeIDE/plugins/com.st.stm32cube.ide.mcu.externaltools.gnu-tools-for-stm32.12.3.rel1.win32_1.1.0.202410251130/tools/bin/../lib/gcc/arm-none-eabi/12.3.1/../../../../arm-none-eabi/lib/thumb/v7-m/nofp\libm.a
LOAD C:/ST/STM32CubeIDE/STM32CubeIDE/plugins/com.st.stm32cube.ide.mcu.externaltools.gnu-tools-for-stm32.12.3.rel1.win32_1.1.0.202410251130/tools/bin/../lib/gcc/arm-none-eabi/12.3.1/thumb/v7-m/nofp\libgcc.a

.debug_info     0x00000000     0xfcc2
 .debug_info    0x00000000      0x51a ./Core/Src/User/Keyboard_Driver.o
 .debug_info    0x0000051a      0x900 ./Core/Src/User/mpr121.o
 .debug_info    0x00000e1a      0xbbf ./Core/Src/User/qnzm.o
 .debug_info    0x000019d9      0x184 ./Core/Src/gpio.o
 .debug_info    0x00001b5d      0x7e3 ./Core/Src/i2c.o
 .debug_info    0x00002340      0x898 ./Core/Src/main.o
 .debug_info    0x00002bd8      0x1f1 ./Core/Src/stm32f1xx_hal_msp.o
 .debug_info    0x00002dc9      0x602 ./Core/Src/stm32f1xx_it.o
 .debug_info    0x000033cb      0x222 ./Core/Src/system_stm32f1xx.o
 .debug_info    0x000035ed       0x30 ./Core/Startup/startup_stm32f103c8tx.o
 .debug_info    0x0000361d      0x704 ./Drivers/STM32F1xx_HAL_Driver/Src/stm32f1xx_hal.o
 .debug_info    0x00003d21      0xa87 ./Drivers/STM32F1xx_HAL_Driver/Src/stm32f1xx_hal_cortex.o
 .debug_info    0x000047a8      0x5ab ./Drivers/STM32F1xx_HAL_Driver/Src/stm32f1xx_hal_gpio.o
 .debug_info    0x00004d53     0x2524 ./Drivers/STM32F1xx_HAL_Driver/Src/stm32f1xx_hal_i2c.o
 .debug_info    0x00007277     0x16dc ./Drivers/STM32F1xx_HAL_Driver/Src/stm32f1xx_hal_pcd.o
 .debug_info    0x00008953      0x6c3 ./Drivers/STM32F1xx_HAL_Driver/Src/stm32f1xx_hal_pcd_ex.o
 .debug_info    0x00009016      0x7d5 ./Drivers/STM32F1xx_HAL_Driver/Src/stm32f1xx_hal_rcc.o
 .debug_info    0x000097eb      0x3c0 ./Drivers/STM32F1xx_HAL_Driver/Src/stm32f1xx_hal_rcc_ex.o
 .debug_info    0x00009bab     0x17ae ./Drivers/STM32F1xx_HAL_Driver/Src/stm32f1xx_ll_usb.o
 .debug_info    0x0000b359      0xab5 ./Middlewares/ST/STM32_USB_Device_Library/Class/CustomHID/Src/usbd_customhid.o
 .debug_info    0x0000be0e      0xa52 ./Middlewares/ST/STM32_USB_Device_Library/Core/Src/usbd_core.o
 .debug_info    0x0000c860      0x91c ./Middlewares/ST/STM32_USB_Device_Library/Core/Src/usbd_ctlreq.o
 .debug_info    0x0000d17c      0x6a0 ./Middlewares/ST/STM32_USB_Device_Library/Core/Src/usbd_ioreq.o
 .debug_info    0x0000d81c      0x61a ./USB_DEVICE/App/usb_device.o
 .debug_info    0x0000de36      0x1de ./USB_DEVICE/App/usbd_custom_hid_if.o
 .debug_info    0x0000e014      0x44a ./USB_DEVICE/App/usbd_desc.o
 .debug_info    0x0000e45e     0x1864 ./USB_DEVICE/Target/usbd_conf.o

.debug_abbrev   0x00000000     0x326a
 .debug_abbrev  0x00000000      0x19c ./Core/Src/User/Keyboard_Driver.o
 .debug_abbrev  0x0000019c      0x1f9 ./Core/Src/User/mpr121.o
 .debug_abbrev  0x00000395      0x1e2 ./Core/Src/User/qnzm.o
 .debug_abbrev  0x00000577       0xc6 ./Core/Src/gpio.o
 .debug_abbrev  0x0000063d      0x1de ./Core/Src/i2c.o
 .debug_abbrev  0x0000081b      0x217 ./Core/Src/main.o
 .debug_abbrev  0x00000a32       0xdb ./Core/Src/stm32f1xx_hal_msp.o
 .debug_abbrev  0x00000b0d      0x192 ./Core/Src/stm32f1xx_it.o
 .debug_abbrev  0x00000c9f      0x13f ./Core/Src/system_stm32f1xx.o
 .debug_abbrev  0x00000dde       0x24 ./Core/Startup/startup_stm32f103c8tx.o
 .debug_abbrev  0x00000e02      0x201 ./Drivers/STM32F1xx_HAL_Driver/Src/stm32f1xx_hal.o
 .debug_abbrev  0x00001003      0x2f8 ./Drivers/STM32F1xx_HAL_Driver/Src/stm32f1xx_hal_cortex.o
 .debug_abbrev  0x000012fb      0x1ca ./Drivers/STM32F1xx_HAL_Driver/Src/stm32f1xx_hal_gpio.o
 .debug_abbrev  0x000014c5      0x2a3 ./Drivers/STM32F1xx_HAL_Driver/Src/stm32f1xx_hal_i2c.o
 .debug_abbrev  0x00001768      0x2d6 ./Drivers/STM32F1xx_HAL_Driver/Src/stm32f1xx_hal_pcd.o
 .debug_abbrev  0x00001a3e      0x189 ./Drivers/STM32F1xx_HAL_Driver/Src/stm32f1xx_hal_pcd_ex.o
 .debug_abbrev  0x00001bc7      0x2b3 ./Drivers/STM32F1xx_HAL_Driver/Src/stm32f1xx_hal_rcc.o
 .debug_abbrev  0x00001e7a      0x188 ./Drivers/STM32F1xx_HAL_Driver/Src/stm32f1xx_hal_rcc_ex.o
 .debug_abbrev  0x00002002      0x1de ./Drivers/STM32F1xx_HAL_Driver/Src/stm32f1xx_ll_usb.o
 .debug_abbrev  0x000021e0      0x272 ./Middlewares/ST/STM32_USB_Device_Library/Class/CustomHID/Src/usbd_customhid.o
 .debug_abbrev  0x00002452      0x24a ./Middlewares/ST/STM32_USB_Device_Library/Core/Src/usbd_core.o
 .debug_abbrev  0x0000269c      0x26b ./Middlewares/ST/STM32_USB_Device_Library/Core/Src/usbd_ctlreq.o
 .debug_abbrev  0x00002907      0x192 ./Middlewares/ST/STM32_USB_Device_Library/Core/Src/usbd_ioreq.o
 .debug_abbrev  0x00002a99      0x18d ./USB_DEVICE/App/usb_device.o
 .debug_abbrev  0x00002c26      0x12f ./USB_DEVICE/App/usbd_custom_hid_if.o
 .debug_abbrev  0x00002d55      0x1ff ./USB_DEVICE/App/usbd_desc.o
 .debug_abbrev  0x00002f54      0x316 ./USB_DEVICE/Target/usbd_conf.o

.debug_aranges  0x00000000      0xdc0
 .debug_aranges
                0x00000000       0x28 ./Core/Src/User/Keyboard_Driver.o
 .debug_aranges
                0x00000028       0x40 ./Core/Src/User/mpr121.o
 .debug_aranges
                0x00000068       0x20 ./Core/Src/User/qnzm.o
 .debug_aranges
                0x00000088       0x20 ./Core/Src/gpio.o
 .debug_aranges
                0x000000a8       0x30 ./Core/Src/i2c.o
 .debug_aranges
                0x000000d8       0x30 ./Core/Src/main.o
 .debug_aranges
                0x00000108       0x20 ./Core/Src/stm32f1xx_hal_msp.o
 .debug_aranges
                0x00000128       0x68 ./Core/Src/stm32f1xx_it.o
 .debug_aranges
                0x00000190       0x28 ./Core/Src/system_stm32f1xx.o
 .debug_aranges
                0x000001b8       0x28 ./Core/Startup/startup_stm32f103c8tx.o
 .debug_aranges
                0x000001e0       0xe0 ./Drivers/STM32F1xx_HAL_Driver/Src/stm32f1xx_hal.o
 .debug_aranges
                0x000002c0      0x100 ./Drivers/STM32F1xx_HAL_Driver/Src/stm32f1xx_hal_cortex.o
 .debug_aranges
                0x000003c0       0x58 ./Drivers/STM32F1xx_HAL_Driver/Src/stm32f1xx_hal_gpio.o
 .debug_aranges
                0x00000418      0x2a8 ./Drivers/STM32F1xx_HAL_Driver/Src/stm32f1xx_hal_i2c.o
 .debug_aranges
                0x000006c0      0x140 ./Drivers/STM32F1xx_HAL_Driver/Src/stm32f1xx_hal_pcd.o
 .debug_aranges
                0x00000800       0x38 ./Drivers/STM32F1xx_HAL_Driver/Src/stm32f1xx_hal_pcd_ex.o
 .debug_aranges
                0x00000838       0x90 ./Drivers/STM32F1xx_HAL_Driver/Src/stm32f1xx_hal_rcc.o
 .debug_aranges
                0x000008c8       0x30 ./Drivers/STM32F1xx_HAL_Driver/Src/stm32f1xx_hal_rcc_ex.o
 .debug_aranges
                0x000008f8       0xf8 ./Drivers/STM32F1xx_HAL_Driver/Src/stm32f1xx_ll_usb.o
 .debug_aranges
                0x000009f0       0x78 ./Middlewares/ST/STM32_USB_Device_Library/Class/CustomHID/Src/usbd_customhid.o
 .debug_aranges
                0x00000a68       0xb8 ./Middlewares/ST/STM32_USB_Device_Library/Core/Src/usbd_core.o
 .debug_aranges
                0x00000b20       0x88 ./Middlewares/ST/STM32_USB_Device_Library/Core/Src/usbd_ctlreq.o
 .debug_aranges
                0x00000ba8       0x50 ./Middlewares/ST/STM32_USB_Device_Library/Core/Src/usbd_ioreq.o
 .debug_aranges
                0x00000bf8       0x20 ./USB_DEVICE/App/usb_device.o
 .debug_aranges
                0x00000c18       0x30 ./USB_DEVICE/App/usbd_custom_hid_if.o
 .debug_aranges
                0x00000c48       0x60 ./USB_DEVICE/App/usbd_desc.o
 .debug_aranges
                0x00000ca8      0x118 ./USB_DEVICE/Target/usbd_conf.o

.debug_rnglists
                0x00000000      0xa3b
 .debug_rnglists
                0x00000000       0x1a ./Core/Src/User/Keyboard_Driver.o
 .debug_rnglists
                0x0000001a       0x2d ./Core/Src/User/mpr121.o
 .debug_rnglists
                0x00000047       0x14 ./Core/Src/User/qnzm.o
 .debug_rnglists
                0x0000005b       0x13 ./Core/Src/gpio.o
 .debug_rnglists
                0x0000006e       0x1f ./Core/Src/i2c.o
 .debug_rnglists
                0x0000008d       0x20 ./Core/Src/main.o
 .debug_rnglists
                0x000000ad       0x13 ./Core/Src/stm32f1xx_hal_msp.o
 .debug_rnglists
                0x000000c0       0x49 ./Core/Src/stm32f1xx_it.o
 .debug_rnglists
                0x00000109       0x1a ./Core/Src/system_stm32f1xx.o
 .debug_rnglists
                0x00000123       0x19 ./Core/Startup/startup_stm32f103c8tx.o
 .debug_rnglists
                0x0000013c       0xa3 ./Drivers/STM32F1xx_HAL_Driver/Src/stm32f1xx_hal.o
 .debug_rnglists
                0x000001df       0xbb ./Drivers/STM32F1xx_HAL_Driver/Src/stm32f1xx_hal_cortex.o
 .debug_rnglists
                0x0000029a       0x3f ./Drivers/STM32F1xx_HAL_Driver/Src/stm32f1xx_hal_gpio.o
 .debug_rnglists
                0x000002d9      0x23c ./Drivers/STM32F1xx_HAL_Driver/Src/stm32f1xx_hal_i2c.o
 .debug_rnglists
                0x00000515       0xf4 ./Drivers/STM32F1xx_HAL_Driver/Src/stm32f1xx_hal_pcd.o
 .debug_rnglists
                0x00000609       0x26 ./Drivers/STM32F1xx_HAL_Driver/Src/stm32f1xx_hal_pcd_ex.o
 .debug_rnglists
                0x0000062f       0x6c ./Drivers/STM32F1xx_HAL_Driver/Src/stm32f1xx_hal_rcc.o
 .debug_rnglists
                0x0000069b       0x21 ./Drivers/STM32F1xx_HAL_Driver/Src/stm32f1xx_hal_rcc_ex.o
 .debug_rnglists
                0x000006bc       0xbd ./Drivers/STM32F1xx_HAL_Driver/Src/stm32f1xx_ll_usb.o
 .debug_rnglists
                0x00000779       0x57 ./Middlewares/ST/STM32_USB_Device_Library/Class/CustomHID/Src/usbd_customhid.o
 .debug_rnglists
                0x000007d0       0x89 ./Middlewares/ST/STM32_USB_Device_Library/Core/Src/usbd_core.o
 .debug_rnglists
                0x00000859       0x68 ./Middlewares/ST/STM32_USB_Device_Library/Core/Src/usbd_ctlreq.o
 .debug_rnglists
                0x000008c1       0x37 ./Middlewares/ST/STM32_USB_Device_Library/Core/Src/usbd_ioreq.o
 .debug_rnglists
                0x000008f8       0x13 ./USB_DEVICE/App/usb_device.o
 .debug_rnglists
                0x0000090b       0x1f ./USB_DEVICE/App/usbd_custom_hid_if.o
 .debug_rnglists
                0x0000092a       0x43 ./USB_DEVICE/App/usbd_desc.o
 .debug_rnglists
                0x0000096d       0xce ./USB_DEVICE/Target/usbd_conf.o

.debug_macro    0x00000000    0x1a350
 .debug_macro   0x00000000      0x386 ./Core/Src/User/Keyboard_Driver.o
 .debug_macro   0x00000386      0xaa8 ./Core/Src/User/Keyboard_Driver.o
 .debug_macro   0x00000e2e      0x21b ./Core/Src/User/Keyboard_Driver.o
 .debug_macro   0x00001049       0x2e ./Core/Src/User/Keyboard_Driver.o
 .debug_macro   0x00001077       0x22 ./Core/Src/User/Keyboard_Driver.o
 .debug_macro   0x00001099       0x22 ./Core/Src/User/Keyboard_Driver.o
 .debug_macro   0x000010bb       0x8e ./Core/Src/User/Keyboard_Driver.o
 .debug_macro   0x00001149       0x51 ./Core/Src/User/Keyboard_Driver.o
 .debug_macro   0x0000119a      0x103 ./Core/Src/User/Keyboard_Driver.o
 .debug_macro   0x0000129d       0x6a ./Core/Src/User/Keyboard_Driver.o
 .debug_macro   0x00001307      0x1df ./Core/Src/User/Keyboard_Driver.o
 .debug_macro   0x000014e6       0x1c ./Core/Src/User/Keyboard_Driver.o
 .debug_macro   0x00001502       0x22 ./Core/Src/User/Keyboard_Driver.o
 .debug_macro   0x00001524       0xbd ./Core/Src/User/Keyboard_Driver.o
 .debug_macro   0x000015e1      0xd23 ./Core/Src/User/Keyboard_Driver.o
 .debug_macro   0x00002304     0xe09e ./Core/Src/User/Keyboard_Driver.o
 .debug_macro   0x000103a2       0x6d ./Core/Src/User/Keyboard_Driver.o
 .debug_macro   0x0001040f     0x34a2 ./Core/Src/User/Keyboard_Driver.o
 .debug_macro   0x000138b1      0x189 ./Core/Src/User/Keyboard_Driver.o
 .debug_macro   0x00013a3a       0x5c ./Core/Src/User/Keyboard_Driver.o
 .debug_macro   0x00013a96      0x5bc ./Core/Src/User/Keyboard_Driver.o
 .debug_macro   0x00014052      0x289 ./Core/Src/User/Keyboard_Driver.o
 .debug_macro   0x000142db      0x1cb ./Core/Src/User/Keyboard_Driver.o
 .debug_macro   0x000144a6      0x114 ./Core/Src/User/Keyboard_Driver.o
 .debug_macro   0x000145ba      0x1b2 ./Core/Src/User/Keyboard_Driver.o
 .debug_macro   0x0001476c       0x27 ./Core/Src/User/Keyboard_Driver.o
 .debug_macro   0x00014793      0x136 ./Core/Src/User/Keyboard_Driver.o
 .debug_macro   0x000148c9      0x1bc ./Core/Src/User/Keyboard_Driver.o
 .debug_macro   0x00014a85       0x34 ./Core/Src/User/Keyboard_Driver.o
 .debug_macro   0x00014ab9       0x3c ./Core/Src/User/Keyboard_Driver.o
 .debug_macro   0x00014af5       0x57 ./Core/Src/User/Keyboard_Driver.o
 .debug_macro   0x00014b4c       0x87 ./Core/Src/User/Keyboard_Driver.o
 .debug_macro   0x00014bd3      0x240 ./Core/Src/User/Keyboard_Driver.o
 .debug_macro   0x00014e13      0x287 ./Core/Src/User/Keyboard_Driver.o
 .debug_macro   0x0001509a      0x140 ./Core/Src/User/Keyboard_Driver.o
 .debug_macro   0x000151da       0xb7 ./Core/Src/User/Keyboard_Driver.o
 .debug_macro   0x00015291      0x242 ./Core/Src/User/Keyboard_Driver.o
 .debug_macro   0x000154d3       0x83 ./Core/Src/User/Keyboard_Driver.o
 .debug_macro   0x00015556       0x16 ./Core/Src/User/Keyboard_Driver.o
 .debug_macro   0x0001556c       0x61 ./Core/Src/User/Keyboard_Driver.o
 .debug_macro   0x000155cd       0x24 ./Core/Src/User/Keyboard_Driver.o
 .debug_macro   0x000155f1       0x43 ./Core/Src/User/Keyboard_Driver.o
 .debug_macro   0x00015634       0x34 ./Core/Src/User/Keyboard_Driver.o
 .debug_macro   0x00015668       0x16 ./Core/Src/User/Keyboard_Driver.o
 .debug_macro   0x0001567e       0x35 ./Core/Src/User/Keyboard_Driver.o
 .debug_macro   0x000156b3      0x369 ./Core/Src/User/Keyboard_Driver.o
 .debug_macro   0x00015a1c       0x10 ./Core/Src/User/Keyboard_Driver.o
 .debug_macro   0x00015a2c       0x16 ./Core/Src/User/Keyboard_Driver.o
 .debug_macro   0x00015a42       0x43 ./Core/Src/User/Keyboard_Driver.o
 .debug_macro   0x00015a85       0x34 ./Core/Src/User/Keyboard_Driver.o
 .debug_macro   0x00015ab9       0x10 ./Core/Src/User/Keyboard_Driver.o
 .debug_macro   0x00015ac9       0x58 ./Core/Src/User/Keyboard_Driver.o
 .debug_macro   0x00015b21       0x8e ./Core/Src/User/Keyboard_Driver.o
 .debug_macro   0x00015baf       0x1c ./Core/Src/User/Keyboard_Driver.o
 .debug_macro   0x00015bcb      0x177 ./Core/Src/User/Keyboard_Driver.o
 .debug_macro   0x00015d42       0x16 ./Core/Src/User/Keyboard_Driver.o
 .debug_macro   0x00015d58       0x16 ./Core/Src/User/Keyboard_Driver.o
 .debug_macro   0x00015d6e      0x146 ./Core/Src/User/Keyboard_Driver.o
 .debug_macro   0x00015eb4       0x16 ./Core/Src/User/Keyboard_Driver.o
 .debug_macro   0x00015eca       0x16 ./Core/Src/User/Keyboard_Driver.o
 .debug_macro   0x00015ee0       0x29 ./Core/Src/User/Keyboard_Driver.o
 .debug_macro   0x00015f09       0x16 ./Core/Src/User/Keyboard_Driver.o
 .debug_macro   0x00015f1f       0x20 ./Core/Src/User/Keyboard_Driver.o
 .debug_macro   0x00015f3f       0x6c ./Core/Src/User/Keyboard_Driver.o
 .debug_macro   0x00015fab      0x1c8 ./Core/Src/User/Keyboard_Driver.o
 .debug_macro   0x00016173       0x65 ./Core/Src/User/Keyboard_Driver.o
 .debug_macro   0x000161d8      0x1df ./Core/Src/User/mpr121.o
 .debug_macro   0x000163b7      0x378 ./Core/Src/User/qnzm.o
 .debug_macro   0x0001672f      0x1e3 ./Core/Src/gpio.o
 .debug_macro   0x00016912      0x1dd ./Core/Src/i2c.o
 .debug_macro   0x00016aef      0x34b ./Core/Src/main.o
 .debug_macro   0x00016e3a      0x1d9 ./Core/Src/stm32f1xx_hal_msp.o
 .debug_macro   0x00017013      0x1e3 ./Core/Src/stm32f1xx_it.o
 .debug_macro   0x000171f6      0x1b2 ./Core/Src/system_stm32f1xx.o
 .debug_macro   0x000173a8      0x1d6 ./Drivers/STM32F1xx_HAL_Driver/Src/stm32f1xx_hal.o
 .debug_macro   0x0001757e      0x1b2 ./Drivers/STM32F1xx_HAL_Driver/Src/stm32f1xx_hal_cortex.o
 .debug_macro   0x00017730      0x21d ./Drivers/STM32F1xx_HAL_Driver/Src/stm32f1xx_hal_gpio.o
 .debug_macro   0x0001794d      0x200 ./Drivers/STM32F1xx_HAL_Driver/Src/stm32f1xx_hal_i2c.o
 .debug_macro   0x00017b4d      0x1be ./Drivers/STM32F1xx_HAL_Driver/Src/stm32f1xx_hal_pcd.o
 .debug_macro   0x00017d0b      0x1b2 ./Drivers/STM32F1xx_HAL_Driver/Src/stm32f1xx_hal_pcd_ex.o
 .debug_macro   0x00017ebd      0x1c4 ./Drivers/STM32F1xx_HAL_Driver/Src/stm32f1xx_hal_rcc.o
 .debug_macro   0x00018081      0x1b2 ./Drivers/STM32F1xx_HAL_Driver/Src/stm32f1xx_hal_rcc_ex.o
 .debug_macro   0x00018233      0x1b2 ./Drivers/STM32F1xx_HAL_Driver/Src/stm32f1xx_ll_usb.o
 .debug_macro   0x000183e5      0x368 ./Middlewares/ST/STM32_USB_Device_Library/Class/CustomHID/Src/usbd_customhid.o
 .debug_macro   0x0001874d       0x9e ./Middlewares/ST/STM32_USB_Device_Library/Class/CustomHID/Src/usbd_customhid.o
 .debug_macro   0x000187eb      0x10b ./Middlewares/ST/STM32_USB_Device_Library/Class/CustomHID/Src/usbd_customhid.o
 .debug_macro   0x000188f6       0x56 ./Middlewares/ST/STM32_USB_Device_Library/Class/CustomHID/Src/usbd_customhid.o
 .debug_macro   0x0001894c      0x34f ./Middlewares/ST/STM32_USB_Device_Library/Core/Src/usbd_core.o
 .debug_macro   0x00018c9b      0x1ce ./Middlewares/ST/STM32_USB_Device_Library/Core/Src/usbd_core.o
 .debug_macro   0x00018e69      0x359 ./Middlewares/ST/STM32_USB_Device_Library/Core/Src/usbd_ctlreq.o
 .debug_macro   0x000191c2      0x355 ./Middlewares/ST/STM32_USB_Device_Library/Core/Src/usbd_ioreq.o
 .debug_macro   0x00019517      0x38f ./USB_DEVICE/App/usb_device.o
 .debug_macro   0x000198a6       0x22 ./USB_DEVICE/App/usb_device.o
 .debug_macro   0x000198c8      0x36e ./USB_DEVICE/App/usbd_custom_hid_if.o
 .debug_macro   0x00019c36      0x38c ./USB_DEVICE/App/usbd_desc.o
 .debug_macro   0x00019fc2       0x1c ./USB_DEVICE/App/usbd_desc.o
 .debug_macro   0x00019fde      0x372 ./USB_DEVICE/Target/usbd_conf.o

.debug_line     0x00000000    0x152cf
 .debug_line    0x00000000     0x1138 ./Core/Src/User/Keyboard_Driver.o
 .debug_line    0x00001138      0x840 ./Core/Src/User/mpr121.o
 .debug_line    0x00001978      0xc43 ./Core/Src/User/qnzm.o
 .debug_line    0x000025bb      0x708 ./Core/Src/gpio.o
 .debug_line    0x00002cc3      0x767 ./Core/Src/i2c.o
 .debug_line    0x0000342a      0x9d1 ./Core/Src/main.o
 .debug_line    0x00003dfb      0x70b ./Core/Src/stm32f1xx_hal_msp.o
 .debug_line    0x00004506      0x7e5 ./Core/Src/stm32f1xx_it.o
 .debug_line    0x00004ceb      0x774 ./Core/Src/system_stm32f1xx.o
 .debug_line    0x0000545f       0x78 ./Core/Startup/startup_stm32f103c8tx.o
 .debug_line    0x000054d7      0x9a1 ./Drivers/STM32F1xx_HAL_Driver/Src/stm32f1xx_hal.o
 .debug_line    0x00005e78      0xb8d ./Drivers/STM32F1xx_HAL_Driver/Src/stm32f1xx_hal_cortex.o
 .debug_line    0x00006a05      0xa3a ./Drivers/STM32F1xx_HAL_Driver/Src/stm32f1xx_hal_gpio.o
 .debug_line    0x0000743f     0x3c3e ./Drivers/STM32F1xx_HAL_Driver/Src/stm32f1xx_hal_i2c.o
 .debug_line    0x0000b07d     0x13f6 ./Drivers/STM32F1xx_HAL_Driver/Src/stm32f1xx_hal_pcd.o
 .debug_line    0x0000c473      0x76f ./Drivers/STM32F1xx_HAL_Driver/Src/stm32f1xx_hal_pcd_ex.o
 .debug_line    0x0000cbe2      0xdaa ./Drivers/STM32F1xx_HAL_Driver/Src/stm32f1xx_hal_rcc.o
 .debug_line    0x0000d98c      0x8eb ./Drivers/STM32F1xx_HAL_Driver/Src/stm32f1xx_hal_rcc_ex.o
 .debug_line    0x0000e277     0x1072 ./Drivers/STM32F1xx_HAL_Driver/Src/stm32f1xx_ll_usb.o
 .debug_line    0x0000f2e9      0xc5c ./Middlewares/ST/STM32_USB_Device_Library/Class/CustomHID/Src/usbd_customhid.o
 .debug_line    0x0000ff45      0xd81 ./Middlewares/ST/STM32_USB_Device_Library/Core/Src/usbd_core.o
 .debug_line    0x00010cc6      0xfc1 ./Middlewares/ST/STM32_USB_Device_Library/Core/Src/usbd_ctlreq.o
 .debug_line    0x00011c87      0xa17 ./Middlewares/ST/STM32_USB_Device_Library/Core/Src/usbd_ioreq.o
 .debug_line    0x0001269e      0x9ea ./USB_DEVICE/App/usb_device.o
 .debug_line    0x00013088      0x9e2 ./USB_DEVICE/App/usbd_custom_hid_if.o
 .debug_line    0x00013a6a      0xaa0 ./USB_DEVICE/App/usbd_desc.o
 .debug_line    0x0001450a      0xdc5 ./USB_DEVICE/Target/usbd_conf.o

.debug_str      0x00000000    0x8762e
 .debug_str     0x00000000    0x83498 ./Core/Src/User/Keyboard_Driver.o
                              0x83898 (size before relaxing)
 .debug_str     0x00083498      0x74c ./Core/Src/User/mpr121.o
                              0x7f7eb (size before relaxing)
 .debug_str     0x00083be4      0x3c7 ./Core/Src/User/qnzm.o
                              0x8407c (size before relaxing)
 .debug_str     0x00083fab       0x72 ./Core/Src/gpio.o
                              0x7f067 (size before relaxing)
 .debug_str     0x0008401d       0xc1 ./Core/Src/i2c.o
                              0x7f5bc (size before relaxing)
 .debug_str     0x000840de      0x217 ./Core/Src/main.o
                              0x83975 (size before relaxing)
 .debug_str     0x000842f5       0x5a ./Core/Src/stm32f1xx_hal_msp.o
                              0x7f095 (size before relaxing)
 .debug_str     0x0008434f      0x3c8 ./Core/Src/stm32f1xx_it.o
                              0x7f474 (size before relaxing)
 .debug_str     0x00084717       0x7e ./Core/Src/system_stm32f1xx.o
                              0x7f042 (size before relaxing)
 .debug_str     0x00084795       0x44 ./Core/Startup/startup_stm32f103c8tx.o
                                 0x68 (size before relaxing)
 .debug_str     0x000847d9      0x607 ./Drivers/STM32F1xx_HAL_Driver/Src/stm32f1xx_hal.o
                              0x7f775 (size before relaxing)
 .debug_str     0x00084de0      0x293 ./Drivers/STM32F1xx_HAL_Driver/Src/stm32f1xx_hal_cortex.o
                              0x7f6c1 (size before relaxing)
 .debug_str     0x00085073      0x322 ./Drivers/STM32F1xx_HAL_Driver/Src/stm32f1xx_hal_gpio.o
                              0x7f3c8 (size before relaxing)
 .debug_str     0x00085395      0xb9a ./Drivers/STM32F1xx_HAL_Driver/Src/stm32f1xx_hal_i2c.o
                              0x80109 (size before relaxing)
 .debug_str     0x00085f2f      0x5bd ./Drivers/STM32F1xx_HAL_Driver/Src/stm32f1xx_hal_pcd.o
                              0x7f95f (size before relaxing)
 .debug_str     0x000864ec      0x170 ./Drivers/STM32F1xx_HAL_Driver/Src/stm32f1xx_hal_pcd_ex.o
                              0x7f4c1 (size before relaxing)
 .debug_str     0x0008665c      0x209 ./Drivers/STM32F1xx_HAL_Driver/Src/stm32f1xx_hal_rcc.o
                              0x7f471 (size before relaxing)
 .debug_str     0x00086865       0x9f ./Drivers/STM32F1xx_HAL_Driver/Src/stm32f1xx_hal_rcc_ex.o
                              0x7f1c1 (size before relaxing)
 .debug_str     0x00086904      0x129 ./Drivers/STM32F1xx_HAL_Driver/Src/stm32f1xx_ll_usb.o
                              0x7f513 (size before relaxing)
 .debug_str     0x00086a2d      0x3bd ./Middlewares/ST/STM32_USB_Device_Library/Class/CustomHID/Src/usbd_customhid.o
                              0x83c32 (size before relaxing)
 .debug_str     0x00086dea      0x281 ./Middlewares/ST/STM32_USB_Device_Library/Core/Src/usbd_core.o
                              0x83904 (size before relaxing)
 .debug_str     0x0008706b      0x11b ./Middlewares/ST/STM32_USB_Device_Library/Core/Src/usbd_ctlreq.o
                              0x8381e (size before relaxing)
 .debug_str     0x00087186       0x67 ./Middlewares/ST/STM32_USB_Device_Library/Core/Src/usbd_ioreq.o
                              0x8374b (size before relaxing)
 .debug_str     0x000871ed       0xd3 ./USB_DEVICE/App/usb_device.o
                              0x839f3 (size before relaxing)
 .debug_str     0x000872c0       0x89 ./USB_DEVICE/App/usbd_custom_hid_if.o
                              0x83590 (size before relaxing)
 .debug_str     0x00087349      0x26d ./USB_DEVICE/App/usbd_desc.o
                              0x8369c (size before relaxing)
 .debug_str     0x000875b6       0x78 ./USB_DEVICE/Target/usbd_conf.o
                              0x84486 (size before relaxing)

.comment        0x00000000       0x43
 .comment       0x00000000       0x43 ./Core/Src/User/Keyboard_Driver.o
                                 0x44 (size before relaxing)
 .comment       0x00000043       0x44 ./Core/Src/User/mpr121.o
 .comment       0x00000043       0x44 ./Core/Src/User/qnzm.o
 .comment       0x00000043       0x44 ./Core/Src/gpio.o
 .comment       0x00000043       0x44 ./Core/Src/i2c.o
 .comment       0x00000043       0x44 ./Core/Src/main.o
 .comment       0x00000043       0x44 ./Core/Src/stm32f1xx_hal_msp.o
 .comment       0x00000043       0x44 ./Core/Src/stm32f1xx_it.o
 .comment       0x00000043       0x44 ./Core/Src/system_stm32f1xx.o
 .comment       0x00000043       0x44 ./Drivers/STM32F1xx_HAL_Driver/Src/stm32f1xx_hal.o
 .comment       0x00000043       0x44 ./Drivers/STM32F1xx_HAL_Driver/Src/stm32f1xx_hal_cortex.o
 .comment       0x00000043       0x44 ./Drivers/STM32F1xx_HAL_Driver/Src/stm32f1xx_hal_gpio.o
 .comment       0x00000043       0x44 ./Drivers/STM32F1xx_HAL_Driver/Src/stm32f1xx_hal_i2c.o
 .comment       0x00000043       0x44 ./Drivers/STM32F1xx_HAL_Driver/Src/stm32f1xx_hal_pcd.o
 .comment       0x00000043       0x44 ./Drivers/STM32F1xx_HAL_Driver/Src/stm32f1xx_hal_pcd_ex.o
 .comment       0x00000043       0x44 ./Drivers/STM32F1xx_HAL_Driver/Src/stm32f1xx_hal_rcc.o
 .comment       0x00000043       0x44 ./Drivers/STM32F1xx_HAL_Driver/Src/stm32f1xx_hal_rcc_ex.o
 .comment       0x00000043       0x44 ./Drivers/STM32F1xx_HAL_Driver/Src/stm32f1xx_ll_usb.o
 .comment       0x00000043       0x44 ./Middlewares/ST/STM32_USB_Device_Library/Class/CustomHID/Src/usbd_customhid.o
 .comment       0x00000043       0x44 ./Middlewares/ST/STM32_USB_Device_Library/Core/Src/usbd_core.o
 .comment       0x00000043       0x44 ./Middlewares/ST/STM32_USB_Device_Library/Core/Src/usbd_ctlreq.o
 .comment       0x00000043       0x44 ./Middlewares/ST/STM32_USB_Device_Library/Core/Src/usbd_ioreq.o
 .comment       0x00000043       0x44 ./USB_DEVICE/App/usb_device.o
 .comment       0x00000043       0x44 ./USB_DEVICE/App/usbd_custom_hid_if.o
 .comment       0x00000043       0x44 ./USB_DEVICE/App/usbd_desc.o
 .comment       0x00000043       0x44 ./USB_DEVICE/Target/usbd_conf.o

.debug_frame    0x00000000     0x358c
 .debug_frame   0x00000000       0x5c ./Core/Src/User/Keyboard_Driver.o
 .debug_frame   0x0000005c       0xcc ./Core/Src/User/mpr121.o
 .debug_frame   0x00000128       0x38 ./Core/Src/User/qnzm.o
 .debug_frame   0x00000160       0x38 ./Core/Src/gpio.o
 .debug_frame   0x00000198       0x74 ./Core/Src/i2c.o
 .debug_frame   0x0000020c       0x68 ./Core/Src/main.o
 .debug_frame   0x00000274       0x38 ./Core/Src/stm32f1xx_hal_msp.o
 .debug_frame   0x000002ac      0x120 ./Core/Src/stm32f1xx_it.o
 .debug_frame   0x000003cc       0x58 ./Core/Src/system_stm32f1xx.o
 .debug_frame   0x00000424      0x334 ./Drivers/STM32F1xx_HAL_Driver/Src/stm32f1xx_hal.o
 .debug_frame   0x00000758      0x428 ./Drivers/STM32F1xx_HAL_Driver/Src/stm32f1xx_hal_cortex.o
 .debug_frame   0x00000b80      0x14c ./Drivers/STM32F1xx_HAL_Driver/Src/stm32f1xx_hal_gpio.o
 .debug_frame   0x00000ccc      0xc84 ./Drivers/STM32F1xx_HAL_Driver/Src/stm32f1xx_hal_i2c.o
 .debug_frame   0x00001950      0x594 ./Drivers/STM32F1xx_HAL_Driver/Src/stm32f1xx_hal_pcd.o
 .debug_frame   0x00001ee4       0xb0 ./Drivers/STM32F1xx_HAL_Driver/Src/stm32f1xx_hal_pcd_ex.o
 .debug_frame   0x00001f94      0x218 ./Drivers/STM32F1xx_HAL_Driver/Src/stm32f1xx_hal_rcc.o
 .debug_frame   0x000021ac       0x80 ./Drivers/STM32F1xx_HAL_Driver/Src/stm32f1xx_hal_rcc_ex.o
 .debug_frame   0x0000222c      0x470 ./Drivers/STM32F1xx_HAL_Driver/Src/stm32f1xx_ll_usb.o
 .debug_frame   0x0000269c      0x1d8 ./Middlewares/ST/STM32_USB_Device_Library/Class/CustomHID/Src/usbd_customhid.o
 .debug_frame   0x00002874      0x300 ./Middlewares/ST/STM32_USB_Device_Library/Core/Src/usbd_core.o
 .debug_frame   0x00002b74      0x218 ./Middlewares/ST/STM32_USB_Device_Library/Core/Src/usbd_ctlreq.o
 .debug_frame   0x00002d8c      0x10c ./Middlewares/ST/STM32_USB_Device_Library/Core/Src/usbd_ioreq.o
 .debug_frame   0x00002e98       0x2c ./USB_DEVICE/App/usb_device.o
 .debug_frame   0x00002ec4       0x78 ./USB_DEVICE/App/usbd_custom_hid_if.o
 .debug_frame   0x00002f3c      0x160 ./USB_DEVICE/App/usbd_desc.o
 .debug_frame   0x0000309c      0x4a4 ./USB_DEVICE/Target/usbd_conf.o
 .debug_frame   0x00003540       0x20 C:/ST/STM32CubeIDE/STM32CubeIDE/plugins/com.st.stm32cube.ide.mcu.externaltools.gnu-tools-for-stm32.12.3.rel1.win32_1.1.0.202410251130/tools/bin/../lib/gcc/arm-none-eabi/12.3.1/../../../../arm-none-eabi/lib/thumb/v7-m/nofp\libc_nano.a(libc_a-memset.o)
 .debug_frame   0x00003560       0x2c C:/ST/STM32CubeIDE/STM32CubeIDE/plugins/com.st.stm32cube.ide.mcu.externaltools.gnu-tools-for-stm32.12.3.rel1.win32_1.1.0.202410251130/tools/bin/../lib/gcc/arm-none-eabi/12.3.1/../../../../arm-none-eabi/lib/thumb/v7-m/nofp\libc_nano.a(libc_a-init.o)

.debug_line_str
                0x00000000       0x4c
 .debug_line_str
                0x00000000       0x4c ./Core/Startup/startup_stm32f103c8tx.o
