Archive member included to satisfy reference by file (symbol)

C:/ST/STM32CubeIDE/STM32CubeIDE/plugins/com.st.stm32cube.ide.mcu.externaltools.gnu-tools-for-stm32.12.3.rel1.win32_1.1.0.202410251130/tools/bin/../lib/gcc/arm-none-eabi/12.3.1/../../../../arm-none-eabi/lib/thumb/v7-m/nofp\libc_nano.a(libc_a-exit.o)
                              C:/ST/STM32CubeIDE/STM32CubeIDE/plugins/com.st.stm32cube.ide.mcu.externaltools.gnu-tools-for-stm32.12.3.rel1.win32_1.1.0.202410251130/tools/bin/../lib/gcc/arm-none-eabi/12.3.1/../../../../arm-none-eabi/lib/thumb/v7-m/nofp/crt0.o (exit)
C:/ST/STM32CubeIDE/STM32CubeIDE/plugins/com.st.stm32cube.ide.mcu.externaltools.gnu-tools-for-stm32.12.3.rel1.win32_1.1.0.202410251130/tools/bin/../lib/gcc/arm-none-eabi/12.3.1/../../../../arm-none-eabi/lib/thumb/v7-m/nofp\libc_nano.a(libc_a-findfp.o)
                              C:/ST/STM32CubeIDE/STM32CubeIDE/plugins/com.st.stm32cube.ide.mcu.externaltools.gnu-tools-for-stm32.12.3.rel1.win32_1.1.0.202410251130/tools/bin/../lib/gcc/arm-none-eabi/12.3.1/../../../../arm-none-eabi/lib/thumb/v7-m/nofp\libc_nano.a(libc_a-exit.o) (__stdio_exit_handler)
C:/ST/STM32CubeIDE/STM32CubeIDE/plugins/com.st.stm32cube.ide.mcu.externaltools.gnu-tools-for-stm32.12.3.rel1.win32_1.1.0.202410251130/tools/bin/../lib/gcc/arm-none-eabi/12.3.1/../../../../arm-none-eabi/lib/thumb/v7-m/nofp\libc_nano.a(libc_a-fwalk.o)
                              C:/ST/STM32CubeIDE/STM32CubeIDE/plugins/com.st.stm32cube.ide.mcu.externaltools.gnu-tools-for-stm32.12.3.rel1.win32_1.1.0.202410251130/tools/bin/../lib/gcc/arm-none-eabi/12.3.1/../../../../arm-none-eabi/lib/thumb/v7-m/nofp\libc_nano.a(libc_a-findfp.o) (_fwalk_sglue)
C:/ST/STM32CubeIDE/STM32CubeIDE/plugins/com.st.stm32cube.ide.mcu.externaltools.gnu-tools-for-stm32.12.3.rel1.win32_1.1.0.202410251130/tools/bin/../lib/gcc/arm-none-eabi/12.3.1/../../../../arm-none-eabi/lib/thumb/v7-m/nofp\libc_nano.a(libc_a-stdio.o)
                              C:/ST/STM32CubeIDE/STM32CubeIDE/plugins/com.st.stm32cube.ide.mcu.externaltools.gnu-tools-for-stm32.12.3.rel1.win32_1.1.0.202410251130/tools/bin/../lib/gcc/arm-none-eabi/12.3.1/../../../../arm-none-eabi/lib/thumb/v7-m/nofp\libc_nano.a(libc_a-findfp.o) (__sread)
C:/ST/STM32CubeIDE/STM32CubeIDE/plugins/com.st.stm32cube.ide.mcu.externaltools.gnu-tools-for-stm32.12.3.rel1.win32_1.1.0.202410251130/tools/bin/../lib/gcc/arm-none-eabi/12.3.1/../../../../arm-none-eabi/lib/thumb/v7-m/nofp\libc_nano.a(libc_a-memset.o)
                              C:/ST/STM32CubeIDE/STM32CubeIDE/plugins/com.st.stm32cube.ide.mcu.externaltools.gnu-tools-for-stm32.12.3.rel1.win32_1.1.0.202410251130/tools/bin/../lib/gcc/arm-none-eabi/12.3.1/../../../../arm-none-eabi/lib/thumb/v7-m/nofp/crt0.o (memset)
C:/ST/STM32CubeIDE/STM32CubeIDE/plugins/com.st.stm32cube.ide.mcu.externaltools.gnu-tools-for-stm32.12.3.rel1.win32_1.1.0.202410251130/tools/bin/../lib/gcc/arm-none-eabi/12.3.1/../../../../arm-none-eabi/lib/thumb/v7-m/nofp\libc_nano.a(libc_a-closer.o)
                              C:/ST/STM32CubeIDE/STM32CubeIDE/plugins/com.st.stm32cube.ide.mcu.externaltools.gnu-tools-for-stm32.12.3.rel1.win32_1.1.0.202410251130/tools/bin/../lib/gcc/arm-none-eabi/12.3.1/../../../../arm-none-eabi/lib/thumb/v7-m/nofp\libc_nano.a(libc_a-stdio.o) (_close_r)
C:/ST/STM32CubeIDE/STM32CubeIDE/plugins/com.st.stm32cube.ide.mcu.externaltools.gnu-tools-for-stm32.12.3.rel1.win32_1.1.0.202410251130/tools/bin/../lib/gcc/arm-none-eabi/12.3.1/../../../../arm-none-eabi/lib/thumb/v7-m/nofp\libc_nano.a(libc_a-reent.o)
                              C:/ST/STM32CubeIDE/STM32CubeIDE/plugins/com.st.stm32cube.ide.mcu.externaltools.gnu-tools-for-stm32.12.3.rel1.win32_1.1.0.202410251130/tools/bin/../lib/gcc/arm-none-eabi/12.3.1/../../../../arm-none-eabi/lib/thumb/v7-m/nofp\libc_nano.a(libc_a-closer.o) (errno)
C:/ST/STM32CubeIDE/STM32CubeIDE/plugins/com.st.stm32cube.ide.mcu.externaltools.gnu-tools-for-stm32.12.3.rel1.win32_1.1.0.202410251130/tools/bin/../lib/gcc/arm-none-eabi/12.3.1/../../../../arm-none-eabi/lib/thumb/v7-m/nofp\libc_nano.a(libc_a-impure.o)
                              C:/ST/STM32CubeIDE/STM32CubeIDE/plugins/com.st.stm32cube.ide.mcu.externaltools.gnu-tools-for-stm32.12.3.rel1.win32_1.1.0.202410251130/tools/bin/../lib/gcc/arm-none-eabi/12.3.1/../../../../arm-none-eabi/lib/thumb/v7-m/nofp\libc_nano.a(libc_a-reent.o) (_impure_ptr)
C:/ST/STM32CubeIDE/STM32CubeIDE/plugins/com.st.stm32cube.ide.mcu.externaltools.gnu-tools-for-stm32.12.3.rel1.win32_1.1.0.202410251130/tools/bin/../lib/gcc/arm-none-eabi/12.3.1/../../../../arm-none-eabi/lib/thumb/v7-m/nofp\libc_nano.a(libc_a-lseekr.o)
                              C:/ST/STM32CubeIDE/STM32CubeIDE/plugins/com.st.stm32cube.ide.mcu.externaltools.gnu-tools-for-stm32.12.3.rel1.win32_1.1.0.202410251130/tools/bin/../lib/gcc/arm-none-eabi/12.3.1/../../../../arm-none-eabi/lib/thumb/v7-m/nofp\libc_nano.a(libc_a-stdio.o) (_lseek_r)
[...]
Memory Configuration

Name             Origin             Length             Attributes
RAM              0x20000000         0x00005000         xrw
FLASH            0x08000000         0x00010000         xr
*default*        0x00000000         0xffffffff

Linker script and memory map

LOAD C:/ST/STM32CubeIDE/STM32CubeIDE/plugins/com.st.stm32cube.ide.mcu.externaltools.gnu-tools-for-stm32.12.3.rel1.win32_1.1.0.202410251130/tools/bin/../lib/gcc/arm-none-eabi/12.3.1/thumb/v7-m/nofp/crti.o
LOAD C:/ST/STM32CubeIDE/STM32CubeIDE/plugins/com.st.stm32cube.ide.mcu.externaltools.gnu-tools-for-stm32.12.3.rel1.win32_1.1.0.202410251130/tools/bin/../lib/gcc/arm-none-eabi/12.3.1/thumb/v7-m/nofp/crtbegin.o
LOAD C:/ST/STM32CubeIDE/STM32CubeIDE/plugins/com.st.stm32cube.ide.mcu.externaltools.gnu-tools-for-stm32.12.3.rel1.win32_1.1.0.202410251130/tools/bin/../lib/gcc/arm-none-eabi/12.3.1/../../../../arm-none-eabi/lib/thumb/v7-m/nofp/crt0.o
LOAD ./Core/Src/User/Keyboard_Driver.o
LOAD ./Core/Src/gpio.o
LOAD ./Core/Src/main.o
LOAD ./Core/Src/stm32f1xx_hal_msp.o
LOAD ./Core/Src/stm32f1xx_it.o
LOAD ./Core/Src/syscalls.o
LOAD ./Core/Src/sysmem.o
LOAD ./Core/Src/system_stm32f1xx.o
LOAD ./Core/Startup/startup_stm32f103c8tx.o
LOAD ./Drivers/STM32F1xx_HAL_Driver/Src/stm32f1xx_hal.o
LOAD ./Drivers/STM32F1xx_HAL_Driver/Src/stm32f1xx_hal_cortex.o
LOAD ./Drivers/STM32F1xx_HAL_Driver/Src/stm32f1xx_hal_dma.o
LOAD ./Drivers/STM32F1xx_HAL_Driver/Src/stm32f1xx_hal_exti.o
LOAD ./Drivers/STM32F1xx_HAL_Driver/Src/stm32f1xx_hal_flash.o
LOAD ./Drivers/STM32F1xx_HAL_Driver/Src/stm32f1xx_hal_flash_ex.o
LOAD ./Drivers/STM32F1xx_HAL_Driver/Src/stm32f1xx_hal_gpio.o
LOAD ./Drivers/STM32F1xx_HAL_Driver/Src/stm32f1xx_hal_gpio_ex.o
LOAD ./Drivers/STM32F1xx_HAL_Driver/Src/stm32f1xx_hal_pcd.o
LOAD ./Drivers/STM32F1xx_HAL_Driver/Src/stm32f1xx_hal_pcd_ex.o
LOAD ./Drivers/STM32F1xx_HAL_Driver/Src/stm32f1xx_hal_pwr.o
LOAD ./Drivers/STM32F1xx_HAL_Driver/Src/stm32f1xx_hal_rcc.o
LOAD ./Drivers/STM32F1xx_HAL_Driver/Src/stm32f1xx_hal_rcc_ex.o
LOAD ./Drivers/STM32F1xx_HAL_Driver/Src/stm32f1xx_ll_usb.o
LOAD ./Middlewares/ST/STM32_USB_Device_Library/Class/CustomHID/Src/usbd_customhid.o
LOAD ./Middlewares/ST/STM32_USB_Device_Library/Core/Src/usbd_core.o
LOAD ./Middlewares/ST/STM32_USB_Device_Library/Core/Src/usbd_ctlreq.o
LOAD ./Middlewares/ST/STM32_USB_Device_Library/Core/Src/usbd_ioreq.o
LOAD ./USB_DEVICE/App/usb_device.o
LOAD ./USB_DEVICE/App/usbd_custom_hid_if.o
LOAD ./USB_DEVICE/App/usbd_desc.o
LOAD ./USB_DEVICE/Target/usbd_conf.o
START GROUP
LOAD C:/ST/STM32CubeIDE/STM32CubeIDE/plugins/com.st.stm32cube.ide.mcu.externaltools.gnu-tools-for-stm32.12.3.rel1.win32_1.1.0.202410251130/tools/bin/../lib/gcc/arm-none-eabi/12.3.1/../../../../arm-none-eabi/lib/thumb/v7-m/nofp\libc_nano.a
LOAD C:/ST/STM32CubeIDE/STM32CubeIDE/plugins/com.st.stm32cube.ide.mcu.externaltools.gnu-tools-for-stm32.12.3.rel1.win32_1.1.0.202410251130/tools/bin/../lib/gcc/arm-none-eabi/12.3.1/../../../../arm-none-eabi/lib/thumb/v7-m/nofp\libm.a
END GROUP
START GROUP
LOAD C:/ST/STM32CubeIDE/STM32CubeIDE/plugins/com.st.stm32cube.ide.mcu.externaltools.gnu-tools-for-stm32.12.3.rel1.win32_1.1.0.202410251130/tools/bin/../lib/gcc/arm-none-eabi/12.3.1/thumb/v7-m/nofp\libgcc.a
LOAD C:/ST/STM32CubeIDE/STM32CubeIDE/plugins/com.st.stm32cube.ide.mcu.externaltools.gnu-tools-for-stm32.12.3.rel1.win32_1.1.0.202410251130/tools/bin/../lib/gcc/arm-none-eabi/12.3.1/../../../../arm-none-eabi/lib/thumb/v7-m/nofp\libc_nano.a
END GROUP
START GROUP
LOAD C:/ST/STM32CubeIDE/STM32CubeIDE/plugins/com.st.stm32cube.ide.mcu.externaltools.gnu-tools-for-stm32.12.3.rel1.win32_1.1.0.202410251130/tools/bin/../lib/gcc/arm-none-eabi/12.3.1/thumb/v7-m/nofp\libgcc.a
LOAD C:/ST/STM32CubeIDE/STM32CubeIDE/plugins/com.st.stm32cube.ide.mcu.externaltools.gnu-tools-for-stm32.12.3.rel1.win32_1.1.0.202410251130/tools/bin/../lib/gcc/arm-none-eabi/12.3.1/../../../../arm-none-eabi/lib/thumb/v7-m/nofp\libc_nano.a
LOAD C:/ST/STM32CubeIDE/STM32CubeIDE/plugins/com.st.stm32cube.ide.mcu.externaltools.gnu-tools-for-stm32.12.3.rel1.win32_1.1.0.202410251130/tools/bin/../lib/gcc/arm-none-eabi/12.3.1/../../../../arm-none-eabi/lib/thumb/v7-m/nofp\libnosys.a
END GROUP
START GROUP
LOAD C:/ST/STM32CubeIDE/STM32CubeIDE/plugins/com.st.stm32cube.ide.mcu.externaltools.gnu-tools-for-stm32.12.3.rel1.win32_1.1.0.202410251130/tools/bin/../lib/gcc/arm-none-eabi/12.3.1/thumb/v7-m/nofp\libgcc.a
LOAD C:/ST/STM32CubeIDE/STM32CubeIDE/plugins/com.st.stm32cube.ide.mcu.externaltools.gnu-tools-for-stm32.12.3.rel1.win32_1.1.0.202410251130/tools/bin/../lib/gcc/arm-none-eabi/12.3.1/../../../../arm-none-eabi/lib/thumb/v7-m/nofp\libc_nano.a
LOAD C:/ST/STM32CubeIDE/STM32CubeIDE/plugins/com.st.stm32cube.ide.mcu.externaltools.gnu-tools-for-stm32.12.3.rel1.win32_1.1.0.202410251130/tools/bin/../lib/gcc/arm-none-eabi/12.3.1/../../../../arm-none-eabi/lib/thumb/v7-m/nofp\libnosys.a
END GROUP
LOAD C:/ST/STM32CubeIDE/STM32CubeIDE/plugins/com.st.stm32cube.ide.mcu.externaltools.gnu-tools-for-stm32.12.3.rel1.win32_1.1.0.202410251130/tools/bin/../lib/gcc/arm-none-eabi/12.3.1/thumb/v7-m/nofp/crtend.o
LOAD C:/ST/STM32CubeIDE/STM32CubeIDE/plugins/com.st.stm32cube.ide.mcu.externaltools.gnu-tools-for-stm32.12.3.rel1.win32_1.1.0.202410251130/tools/bin/../lib/gcc/arm-none-eabi/12.3.1/thumb/v7-m/nofp/crtn.o
                0x20005000                        _estack = (ORIGIN (RAM) + LENGTH (RAM))
                0x00000200                        _Min_Heap_Size = 0x200
                0x00000400                        _Min_Stack_Size = 0x400

.isr_vector     0x08000000      0x10c
                0x08000000                        . = ALIGN (0x4)
 *(.isr_vector)
 .isr_vector    0x08000000      0x10c ./Core/Startup/startup_stm32f103c8tx.o
                0x08000000                g_pfnVectors
                0x0800010c                        . = ALIGN (0x4)

.text           0x0800010c     0x3d10
                0x0800010c                        . = ALIGN (0x4)
 *(.text)
 .text          0x0800010c       0x40 C:/ST/STM32CubeIDE/STM32CubeIDE/plugins/com.st.stm32cube.ide.mcu.externaltools.gnu-tools-for-stm32.12.3.rel1.win32_1.1.0.202410251130/tools/bin/../lib/gcc/arm-none-eabi/12.3.1/thumb/v7-m/nofp/crtbegin.o
 .text          0x0800014c       0x10 C:/ST/STM32CubeIDE/STM32CubeIDE/plugins/com.st.stm32cube.ide.mcu.externaltools.gnu-tools-for-stm32.12.3.rel1.win32_1.1.0.202410251130/tools/bin/../lib/gcc/arm-none-eabi/12.3.1/../../../../arm-none-eabi/lib/thumb/v7-m/nofp\libc_nano.a(libc_a-strlen.o)
                0x0800014c                strlen
 *(.text*)
 .text.ifkey    0x0800015c      0xb7c ./Core/Src/User/Keyboard_Driver.o
                0x0800015c                ifkey
 .text.HIDSend  0x08000cd8       0x1c ./Core/Src/User/Keyboard_Driver.o
                0x08000cd8                HIDSend
 .text.MX_GPIO_Init
                0x08000cf4       0xa0 ./Core/Src/gpio.o
                0x08000cf4                MX_GPIO_Init
 .text.SystemClock_Config
                0x08000d94       0x7c ./Core/Src/main.o
                0x08000d94                SystemClock_Config
 .text.startup.main
                0x08000e10      0x1e4 ./Core/Src/main.o
                0x08000e10                main
 .text.Error_Handler
                0x08000ff4        0x4 ./Core/Src/main.o
                0x08000ff4                Error_Handler
 .text.HAL_MspInit
                0x08000ff8       0x44 ./Core/Src/stm32f1xx_hal_msp.o
                0x08000ff8                HAL_MspInit
 .text.NMI_Handler
                0x0800103c        0x2 ./Core/Src/stm32f1xx_it.o
                0x0800103c                NMI_Handler
 .text.HardFault_Handler
                0x0800103e        0x2 ./Core/Src/stm32f1xx_it.o
                0x0800103e                HardFault_Handler
 .text.MemManage_Handler
                0x08001040        0x2 ./Core/Src/stm32f1xx_it.o
                0x08001040                MemManage_Handler
 .text.BusFault_Handler
                0x08001042        0x2 ./Core/Src/stm32f1xx_it.o
                0x08001042                BusFault_Handler
 .text.UsageFault_Handler
                0x08001044        0x2 ./Core/Src/stm32f1xx_it.o
                0x08001044                UsageFault_Handler
 .text.SVC_Handler
                0x08001046        0x2 ./Core/Src/stm32f1xx_it.o
                0x08001046                SVC_Handler
 .text.DebugMon_Handler
                0x08001048        0x2 ./Core/Src/stm32f1xx_it.o
                0x08001048                DebugMon_Handler
 .text.PendSV_Handler
                0x0800104a        0x2 ./Core/Src/stm32f1xx_it.o
                0x0800104a                PendSV_Handler
 .text.SysTick_Handler
                0x0800104c        0x4 ./Core/Src/stm32f1xx_it.o
                0x0800104c                SysTick_Handler
 .text.USB_LP_CAN1_RX0_IRQHandler
                0x08001050        0xc ./Core/Src/stm32f1xx_it.o
                0x08001050                USB_LP_CAN1_RX0_IRQHandler
 .text.SystemInit
                0x0800105c        0x2 ./Core/Src/system_stm32f1xx.o
                0x0800105c                SystemInit
 *fill*         0x0800105e        0x2 
 .text.Reset_Handler
                0x08001060       0x48 ./Core/Startup/startup_stm32f103c8tx.o
                0x08001060                Reset_Handler
 .text.Default_Handler
                0x080010a8        0x2 ./Core/Startup/startup_stm32f103c8tx.o
                0x080010a8                RTC_Alarm_IRQHandler
                0x080010a8                EXTI2_IRQHandler
                0x080010a8                TIM1_CC_IRQHandler
                0x080010a8                PVD_IRQHandler
                0x080010a8                EXTI3_IRQHandler
                0x080010a8                EXTI0_IRQHandler
                0x080010a8                I2C2_EV_IRQHandler
                0x080010a8                ADC1_2_IRQHandler
                0x080010a8                SPI1_IRQHandler
                0x080010a8                TAMPER_IRQHandler
                0x080010a8                DMA1_Channel4_IRQHandler
                0x080010a8                USART3_IRQHandler
                0x080010a8                RTC_IRQHandler
                0x080010a8                DMA1_Channel7_IRQHandler
                0x080010a8                CAN1_RX1_IRQHandler
                0x080010a8                TIM4_IRQHandler
                0x080010a8                I2C1_EV_IRQHandler
                0x080010a8                DMA1_Channel6_IRQHandler
                0x080010a8                TIM3_IRQHandler
                0x080010a8                RCC_IRQHandler
                0x080010a8                TIM1_TRG_COM_IRQHandler
                0x080010a8                DMA1_Channel1_IRQHandler
                0x080010a8                Default_Handler
                0x080010a8                EXTI15_10_IRQHandler
                0x080010a8                EXTI9_5_IRQHandler
                0x080010a8                SPI2_IRQHandler
                0x080010a8                DMA1_Channel5_IRQHandler
                0x080010a8                EXTI4_IRQHandler
                0x080010a8                USB_HP_CAN1_TX_IRQHandler
                0x080010a8                DMA1_Channel3_IRQHandler
                0x080010a8                TIM1_UP_IRQHandler
                0x080010a8                WWDG_IRQHandler
                0x080010a8                TIM2_IRQHandler
                0x080010a8                TIM1_BRK_IRQHandler
                0x080010a8                EXTI1_IRQHandler
                0x080010a8                USART2_IRQHandler
                0x080010a8                I2C2_ER_IRQHandler
                0x080010a8                DMA1_Channel2_IRQHandler
                0x080010a8                CAN1_SCE_IRQHandler
                0x080010a8                FLASH_IRQHandler
                0x080010a8                USART1_IRQHandler
                0x080010a8                I2C1_ER_IRQHandler
                0x080010a8                USBWakeUp_IRQHandler
 *fill*         0x080010aa        0x2 
 .text.HAL_InitTick
                0x080010ac       0x48 ./Drivers/STM32F1xx_HAL_Driver/Src/stm32f1xx_hal.o
                0x080010ac                HAL_InitTick
 .text.HAL_Init
                0x080010f4       0x24 ./Drivers/STM32F1xx_HAL_Driver/Src/stm32f1xx_hal.o
                0x080010f4                HAL_Init
 .text.HAL_IncTick
                0x08001118       0x18 ./Drivers/STM32F1xx_HAL_Driver/Src/stm32f1xx_hal.o
                0x08001118                HAL_IncTick
 .text.HAL_GetTick
                0x08001130        0xc ./Drivers/STM32F1xx_HAL_Driver/Src/stm32f1xx_hal.o
                0x08001130                HAL_GetTick
 .text.HAL_NVIC_SetPriorityGrouping
                0x0800113c       0x24 ./Drivers/STM32F1xx_HAL_Driver/Src/stm32f1xx_hal_cortex.o
                0x0800113c                HAL_NVIC_SetPriorityGrouping
 .text.HAL_NVIC_SetPriority
                0x08001160       0x60 ./Drivers/STM32F1xx_HAL_Driver/Src/stm32f1xx_hal_cortex.o
                0x08001160                HAL_NVIC_SetPriority
 .text.HAL_NVIC_EnableIRQ
                0x080011c0       0x1c ./Drivers/STM32F1xx_HAL_Driver/Src/stm32f1xx_hal_cortex.o
                0x080011c0                HAL_NVIC_EnableIRQ
 .text.HAL_SYSTICK_Config
                0x080011dc       0x28 ./Drivers/STM32F1xx_HAL_Driver/Src/stm32f1xx_hal_cortex.o
                0x080011dc                HAL_SYSTICK_Config
 .text.HAL_GPIO_Init
                0x08001204      0x1b0 ./Drivers/STM32F1xx_HAL_Driver/Src/stm32f1xx_hal_gpio.o
                0x08001204                HAL_GPIO_Init
 .text.HAL_GPIO_ReadPin
                0x080013b4        0xc ./Drivers/STM32F1xx_HAL_Driver/Src/stm32f1xx_hal_gpio.o
                0x080013b4                HAL_GPIO_ReadPin
 .text.HAL_PCD_Init
                0x080013c0       0xc6 ./Drivers/STM32F1xx_HAL_Driver/Src/stm32f1xx_hal_pcd.o
                0x080013c0                HAL_PCD_Init
 .text.HAL_PCD_Start
                0x08001486       0x32 ./Drivers/STM32F1xx_HAL_Driver/Src/stm32f1xx_hal_pcd.o
                0x08001486                HAL_PCD_Start
 .text.HAL_PCD_SetAddress
                0x080014b8       0x26 ./Drivers/STM32F1xx_HAL_Driver/Src/stm32f1xx_hal_pcd.o
                0x080014b8                HAL_PCD_SetAddress
 *fill*         0x080014de        0x2 
 .text.HAL_PCD_IRQHandler
                0x080014e0      0xa08 ./Drivers/STM32F1xx_HAL_Driver/Src/stm32f1xx_hal_pcd.o
                0x080014e0                HAL_PCD_IRQHandler
 .text.HAL_PCD_EP_Open
                0x08001ee8       0x60 ./Drivers/STM32F1xx_HAL_Driver/Src/stm32f1xx_hal_pcd.o
                0x08001ee8                HAL_PCD_EP_Open
 .text.HAL_PCD_EP_Close
                0x08001f48       0x50 ./Drivers/STM32F1xx_HAL_Driver/Src/stm32f1xx_hal_pcd.o
                0x08001f48                HAL_PCD_EP_Close
 .text.HAL_PCD_EP_Receive
                0x08001f98       0x2e ./Drivers/STM32F1xx_HAL_Driver/Src/stm32f1xx_hal_pcd.o
                0x08001f98                HAL_PCD_EP_Receive
 .text.HAL_PCD_EP_Transmit
                0x08001fc6       0x30 ./Drivers/STM32F1xx_HAL_Driver/Src/stm32f1xx_hal_pcd.o
                0x08001fc6                HAL_PCD_EP_Transmit
 .text.HAL_PCD_EP_SetStall
                0x08001ff6       0x6c ./Drivers/STM32F1xx_HAL_Driver/Src/stm32f1xx_hal_pcd.o
                0x08001ff6                HAL_PCD_EP_SetStall
 .text.HAL_PCD_EP_ClrStall
                0x08002062       0x64 ./Drivers/STM32F1xx_HAL_Driver/Src/stm32f1xx_hal_pcd.o
                0x08002062                HAL_PCD_EP_ClrStall
 .text.HAL_PCDEx_PMAConfig
                0x080020c6       0x32 ./Drivers/STM32F1xx_HAL_Driver/Src/stm32f1xx_hal_pcd_ex.o
                0x080020c6                HAL_PCDEx_PMAConfig
 .text.HAL_RCC_OscConfig
                0x080020f8      0x338 ./Drivers/STM32F1xx_HAL_Driver/Src/stm32f1xx_hal_rcc.o
                0x080020f8                HAL_RCC_OscConfig
 .text.HAL_RCC_GetSysClockFreq
                0x08002430       0x4c ./Drivers/STM32F1xx_HAL_Driver/Src/stm32f1xx_hal_rcc.o
                0x08002430                HAL_RCC_GetSysClockFreq
 .text.HAL_RCC_ClockConfig
                0x0800247c      0x138 ./Drivers/STM32F1xx_HAL_Driver/Src/stm32f1xx_hal_rcc.o
                0x0800247c                HAL_RCC_ClockConfig
 .text.HAL_RCCEx_PeriphCLKConfig
                0x080025b4       0xf4 ./Drivers/STM32F1xx_HAL_Driver/Src/stm32f1xx_hal_rcc_ex.o
                0x080025b4                HAL_RCCEx_PeriphCLKConfig
 .text.USB_CoreInit
                0x080026a8        0xe ./Drivers/STM32F1xx_HAL_Driver/Src/stm32f1xx_ll_usb.o
                0x080026a8                USB_CoreInit
 .text.USB_EnableGlobalInt
                0x080026b6       0x12 ./Drivers/STM32F1xx_HAL_Driver/Src/stm32f1xx_ll_usb.o
                0x080026b6                USB_EnableGlobalInt
 .text.USB_DisableGlobalInt
                0x080026c8       0x14 ./Drivers/STM32F1xx_HAL_Driver/Src/stm32f1xx_ll_usb.o
                0x080026c8                USB_DisableGlobalInt
 .text.USB_SetCurrentMode
                0x080026dc        0x4 ./Drivers/STM32F1xx_HAL_Driver/Src/stm32f1xx_ll_usb.o
                0x080026dc                USB_SetCurrentMode
 .text.USB_DevInit
                0x080026e0       0x22 ./Drivers/STM32F1xx_HAL_Driver/Src/stm32f1xx_ll_usb.o
                0x080026e0                USB_DevInit
 *fill*         0x08002702        0x2 
 .text.USB_ActivateEndpoint
                0x08002704      0x2c0 ./Drivers/STM32F1xx_HAL_Driver/Src/stm32f1xx_ll_usb.o
                0x08002704                USB_ActivateEndpoint
 .text.USB_DeactivateEndpoint
                0x080029c4      0x1a6 ./Drivers/STM32F1xx_HAL_Driver/Src/stm32f1xx_ll_usb.o
                0x080029c4                USB_DeactivateEndpoint
 .text.USB_EPSetStall
                0x08002b6a       0x40 ./Drivers/STM32F1xx_HAL_Driver/Src/stm32f1xx_ll_usb.o
                0x08002b6a                USB_EPSetStall
 .text.USB_EPClearStall
                0x08002baa       0x92 ./Drivers/STM32F1xx_HAL_Driver/Src/stm32f1xx_ll_usb.o
                0x08002baa                USB_EPClearStall
 .text.USB_SetDevAddress
                0x08002c3c        0xc ./Drivers/STM32F1xx_HAL_Driver/Src/stm32f1xx_ll_usb.o
                0x08002c3c                USB_SetDevAddress
 .text.USB_DevConnect
                0x08002c48        0x4 ./Drivers/STM32F1xx_HAL_Driver/Src/stm32f1xx_ll_usb.o
                0x08002c48                USB_DevConnect
 .text.USB_DevDisconnect
                0x08002c4c        0x4 ./Drivers/STM32F1xx_HAL_Driver/Src/stm32f1xx_ll_usb.o
                0x08002c4c                USB_DevDisconnect
 .text.USB_ReadInterrupts
                0x08002c50        0x8 ./Drivers/STM32F1xx_HAL_Driver/Src/stm32f1xx_ll_usb.o
                0x08002c50                USB_ReadInterrupts
 .text.USB_EP0_OutStart
                0x08002c58        0x4 ./Drivers/STM32F1xx_HAL_Driver/Src/stm32f1xx_ll_usb.o
                0x08002c58                USB_EP0_OutStart
 .text.USB_WritePMA
                0x08002c5c       0x20 ./Drivers/STM32F1xx_HAL_Driver/Src/stm32f1xx_ll_usb.o
                0x08002c5c                USB_WritePMA
 .text.USB_EPStartXfer
                0x08002c7c      0x46a ./Drivers/STM32F1xx_HAL_Driver/Src/stm32f1xx_ll_usb.o
                0x08002c7c                USB_EPStartXfer
 .text.USB_ReadPMA
                0x080030e6       0x38 ./Drivers/STM32F1xx_HAL_Driver/Src/stm32f1xx_ll_usb.o
                0x080030e6                USB_ReadPMA
 *fill*         0x0800311e        0x2 
 .text.USBD_CUSTOM_HID_GetFSCfgDesc
                0x08003120        0xc ./Middlewares/ST/STM32_USB_Device_Library/Class/CustomHID/Src/usbd_customhid.o
 .text.USBD_CUSTOM_HID_GetHSCfgDesc
                0x0800312c        0xc ./Middlewares/ST/STM32_USB_Device_Library/Class/CustomHID/Src/usbd_customhid.o
 .text.USBD_CUSTOM_HID_GetOtherSpeedCfgDesc
                0x08003138        0xc ./Middlewares/ST/STM32_USB_Device_Library/Class/CustomHID/Src/usbd_customhid.o
 .text.USBD_CUSTOM_HID_DataIn
                0x08003144        0xa ./Middlewares/ST/STM32_USB_Device_Library/Class/CustomHID/Src/usbd_customhid.o
 .text.USBD_CUSTOM_HID_EP0_RxReady
                0x0800314e       0x20 ./Middlewares/ST/STM32_USB_Device_Library/Class/CustomHID/Src/usbd_customhid.o
 *fill*         0x0800316e        0x2 
 .text.USBD_CUSTOM_HID_GetDeviceQualifierDesc
                0x08003170        0xc ./Middlewares/ST/STM32_USB_Device_Library/Class/CustomHID/Src/usbd_customhid.o
 .text.USBD_CUSTOM_HID_DataOut
                0x0800317c       0x20 ./Middlewares/ST/STM32_USB_Device_Library/Class/CustomHID/Src/usbd_customhid.o
 .text.USBD_CUSTOM_HID_Setup
                0x0800319c       0xe0 ./Middlewares/ST/STM32_USB_Device_Library/Class/CustomHID/Src/usbd_customhid.o
 .text.USBD_CUSTOM_HID_DeInit
                0x0800327c       0x38 ./Middlewares/ST/STM32_USB_Device_Library/Class/CustomHID/Src/usbd_customhid.o
 .text.USBD_CUSTOM_HID_Init
                0x080032b4       0x50 ./Middlewares/ST/STM32_USB_Device_Library/Class/CustomHID/Src/usbd_customhid.o
 .text.USBD_CUSTOM_HID_SendReport
                0x08003304       0x2a ./Middlewares/ST/STM32_USB_Device_Library/Class/CustomHID/Src/usbd_customhid.o
                0x08003304                USBD_CUSTOM_HID_SendReport
 .text.USBD_CUSTOM_HID_RegisterInterface
                0x0800332e        0xe ./Middlewares/ST/STM32_USB_Device_Library/Class/CustomHID/Src/usbd_customhid.o
                0x0800332e                USBD_CUSTOM_HID_RegisterInterface
 .text.USBD_Init
                0x0800333c       0x2a ./Middlewares/ST/STM32_USB_Device_Library/Core/Src/usbd_core.o
                0x0800333c                USBD_Init
 .text.USBD_RegisterClass
                0x08003366        0xe ./Middlewares/ST/STM32_USB_Device_Library/Core/Src/usbd_core.o
                0x08003366                USBD_RegisterClass
 .text.USBD_Start
                0x08003374        0xa ./Middlewares/ST/STM32_USB_Device_Library/Core/Src/usbd_core.o
                0x08003374                USBD_Start
 .text.USBD_SetClassConfig
                0x0800337e       0x1a ./Middlewares/ST/STM32_USB_Device_Library/Core/Src/usbd_core.o
                0x0800337e                USBD_SetClassConfig
 .text.USBD_ClrClassConfig
                0x08003398        0xe ./Middlewares/ST/STM32_USB_Device_Library/Core/Src/usbd_core.o
                0x08003398                USBD_ClrClassConfig
 .text.USBD_LL_SetupStage
                0x080033a6       0x5a ./Middlewares/ST/STM32_USB_Device_Library/Core/Src/usbd_core.o
                0x080033a6                USBD_LL_SetupStage
 .text.USBD_LL_DataOutStage
                0x08003400       0x70 ./Middlewares/ST/STM32_USB_Device_Library/Core/Src/usbd_core.o
                0x08003400                USBD_LL_DataOutStage
 .text.USBD_LL_DataInStage
                0x08003470       0xb8 ./Middlewares/ST/STM32_USB_Device_Library/Core/Src/usbd_core.o
                0x08003470                USBD_LL_DataInStage
 .text.USBD_LL_Reset
                0x08003528       0x4e ./Middlewares/ST/STM32_USB_Device_Library/Core/Src/usbd_core.o
                0x08003528                USBD_LL_Reset
 .text.USBD_LL_SetSpeed
                0x08003576        0x6 ./Middlewares/ST/STM32_USB_Device_Library/Core/Src/usbd_core.o
                0x08003576                USBD_LL_SetSpeed
 .text.USBD_LL_Suspend
                0x0800357c       0x12 ./Middlewares/ST/STM32_USB_Device_Library/Core/Src/usbd_core.o
                0x0800357c                USBD_LL_Suspend
 .text.USBD_LL_Resume
                0x0800358e       0x14 ./Middlewares/ST/STM32_USB_Device_Library/Core/Src/usbd_core.o
                0x0800358e                USBD_LL_Resume
 .text.USBD_LL_SOF
                0x080035a2       0x18 ./Middlewares/ST/STM32_USB_Device_Library/Core/Src/usbd_core.o
                0x080035a2                USBD_LL_SOF
 .text.USBD_CtlError.constprop.0
                0x080035ba       0x16 ./Middlewares/ST/STM32_USB_Device_Library/Core/Src/usbd_ctlreq.o
 .text.USBD_StdDevReq
                0x080035d0      0x250 ./Middlewares/ST/STM32_USB_Device_Library/Core/Src/usbd_ctlreq.o
                0x080035d0                USBD_StdDevReq
 .text.USBD_StdItfReq
                0x08003820       0x48 ./Middlewares/ST/STM32_USB_Device_Library/Core/Src/usbd_ctlreq.o
                0x08003820                USBD_StdItfReq
 .text.USBD_StdEPReq
                0x08003868      0x110 ./Middlewares/ST/STM32_USB_Device_Library/Core/Src/usbd_ctlreq.o
                0x08003868                USBD_StdEPReq
 .text.USBD_ParseSetupRequest
                0x08003978       0x16 ./Middlewares/ST/STM32_USB_Device_Library/Core/Src/usbd_ctlreq.o
                0x08003978                USBD_ParseSetupRequest
 .text.USBD_CtlError
                0x0800398e       0x16 ./Middlewares/ST/STM32_USB_Device_Library/Core/Src/usbd_ctlreq.o
                0x0800398e                USBD_CtlError
 .text.USBD_GetString
                0x080039a4       0x38 ./Middlewares/ST/STM32_USB_Device_Library/Core/Src/usbd_ctlreq.o
                0x080039a4                USBD_GetString
 .text.USBD_CtlSendData
                0x080039dc       0x1a ./Middlewares/ST/STM32_USB_Device_Library/Core/Src/usbd_ioreq.o
                0x080039dc                USBD_CtlSendData
 .text.USBD_CtlContinueSendData
                0x080039f6       0x10 ./Middlewares/ST/STM32_USB_Device_Library/Core/Src/usbd_ioreq.o
                0x080039f6                USBD_CtlContinueSendData
 .text.USBD_CtlPrepareRx
                0x08003a06       0x1a ./Middlewares/ST/STM32_USB_Device_Library/Core/Src/usbd_ioreq.o
                0x08003a06                USBD_CtlPrepareRx
 .text.USBD_CtlContinueRx
                0x08003a20       0x10 ./Middlewares/ST/STM32_USB_Device_Library/Core/Src/usbd_ioreq.o
                0x08003a20                USBD_CtlContinueRx
 .text.USBD_CtlSendStatus
                0x08003a30       0x16 ./Middlewares/ST/STM32_USB_Device_Library/Core/Src/usbd_ioreq.o
                0x08003a30                USBD_CtlSendStatus
 .text.USBD_CtlReceiveStatus
                0x08003a46       0x16 ./Middlewares/ST/STM32_USB_Device_Library/Core/Src/usbd_ioreq.o
                0x08003a46                USBD_CtlReceiveStatus
 .text.MX_USB_DEVICE_Init
                0x08003a5c       0x50 ./USB_DEVICE/App/usb_device.o
                0x08003a5c                MX_USB_DEVICE_Init
 .text.CUSTOM_HID_Init_FS
                0x08003aac        0x4 ./USB_DEVICE/App/usbd_custom_hid_if.o
 .text.CUSTOM_HID_OutEvent_FS
                0x08003ab0        0x4 ./USB_DEVICE/App/usbd_custom_hid_if.o
 .text.CUSTOM_HID_DeInit_FS
                0x08003ab4        0x4 ./USB_DEVICE/App/usbd_custom_hid_if.o
 .text.USBD_FS_DeviceDescriptor
                0x08003ab8        0xc ./USB_DEVICE/App/usbd_desc.o
                0x08003ab8                USBD_FS_DeviceDescriptor
 .text.USBD_FS_LangIDStrDescriptor
                0x08003ac4        0xc ./USB_DEVICE/App/usbd_desc.o
                0x08003ac4                USBD_FS_LangIDStrDescriptor
 .text.IntToUnicode
                0x08003ad0       0x2a ./USB_DEVICE/App/usbd_desc.o
 *fill*         0x08003afa        0x2 
 .text.USBD_FS_SerialStrDescriptor
                0x08003afc       0x3c ./USB_DEVICE/App/usbd_desc.o
                0x08003afc                USBD_FS_SerialStrDescriptor
 .text.USBD_FS_ManufacturerStrDescriptor
                0x08003b38       0x1c ./USB_DEVICE/App/usbd_desc.o
                0x08003b38                USBD_FS_ManufacturerStrDescriptor
 .text.USBD_FS_ProductStrDescriptor
                0x08003b54       0x1c ./USB_DEVICE/App/usbd_desc.o
                0x08003b54                USBD_FS_ProductStrDescriptor
 .text.USBD_FS_ConfigStrDescriptor
                0x08003b70       0x1c ./USB_DEVICE/App/usbd_desc.o
                0x08003b70                USBD_FS_ConfigStrDescriptor
 .text.USBD_FS_InterfaceStrDescriptor
                0x08003b8c       0x1c ./USB_DEVICE/App/usbd_desc.o
                0x08003b8c                USBD_FS_InterfaceStrDescriptor
 .text.USBD_Get_USB_Status
                0x08003ba8        0xc ./USB_DEVICE/Target/usbd_conf.o
 .text.HAL_PCD_MspInit
                0x08003bb4       0x40 ./USB_DEVICE/Target/usbd_conf.o
                0x08003bb4                HAL_PCD_MspInit
 .text.HAL_PCD_SetupStageCallback
                0x08003bf4        0xc ./USB_DEVICE/Target/usbd_conf.o
                0x08003bf4                HAL_PCD_SetupStageCallback
 .text.HAL_PCD_DataOutStageCallback
                0x08003c00       0x12 ./USB_DEVICE/Target/usbd_conf.o
                0x08003c00                HAL_PCD_DataOutStageCallback
 .text.HAL_PCD_DataInStageCallback
                0x08003c12       0x10 ./USB_DEVICE/Target/usbd_conf.o
                0x08003c12                HAL_PCD_DataInStageCallback
 .text.HAL_PCD_SOFCallback
                0x08003c22        0x8 ./USB_DEVICE/Target/usbd_conf.o
                0x08003c22                HAL_PCD_SOFCallback
 .text.HAL_PCD_ResetCallback
                0x08003c2a       0x24 ./USB_DEVICE/Target/usbd_conf.o
                0x08003c2a                HAL_PCD_ResetCallback
 *fill*         0x08003c4e        0x2 
 .text.HAL_PCD_SuspendCallback
                0x08003c50       0x20 ./USB_DEVICE/Target/usbd_conf.o
                0x08003c50                HAL_PCD_SuspendCallback
 .text.HAL_PCD_ResumeCallback
                0x08003c70        0x8 ./USB_DEVICE/Target/usbd_conf.o
                0x08003c70                HAL_PCD_ResumeCallback
 .text.USBD_LL_Init
                0x08003c78       0x70 ./USB_DEVICE/Target/usbd_conf.o
                0x08003c78                USBD_LL_Init
 .text.USBD_LL_Start
                0x08003ce8       0x12 ./USB_DEVICE/Target/usbd_conf.o
                0x08003ce8                USBD_LL_Start
 .text.USBD_LL_OpenEP
                0x08003cfa       0x18 ./USB_DEVICE/Target/usbd_conf.o
                0x08003cfa                USBD_LL_OpenEP
 .text.USBD_LL_CloseEP
                0x08003d12       0x12 ./USB_DEVICE/Target/usbd_conf.o
                0x08003d12                USBD_LL_CloseEP
 .text.USBD_LL_StallEP
                0x08003d24       0x12 ./USB_DEVICE/Target/usbd_conf.o
                0x08003d24                USBD_LL_StallEP
 .text.USBD_LL_ClearStallEP
                0x08003d36       0x12 ./USB_DEVICE/Target/usbd_conf.o
                0x08003d36                USBD_LL_ClearStallEP
 .text.USBD_LL_IsStallEP
                0x08003d48       0x22 ./USB_DEVICE/Target/usbd_conf.o
                0x08003d48                USBD_LL_IsStallEP
 .text.USBD_LL_SetUSBAddress
                0x08003d6a       0x12 ./USB_DEVICE/Target/usbd_conf.o
                0x08003d6a                USBD_LL_SetUSBAddress
 .text.USBD_LL_Transmit
                0x08003d7c       0x12 ./USB_DEVICE/Target/usbd_conf.o
                0x08003d7c                USBD_LL_Transmit
 .text.USBD_LL_PrepareReceive
                0x08003d8e       0x12 ./USB_DEVICE/Target/usbd_conf.o
                0x08003d8e                USBD_LL_PrepareReceive
 .text.USBD_static_malloc
                0x08003da0        0x8 ./USB_DEVICE/Target/usbd_conf.o
                0x08003da0                USBD_static_malloc
 .text.USBD_static_free
                0x08003da8        0x2 ./USB_DEVICE/Target/usbd_conf.o
                0x08003da8                USBD_static_free
 .text.HAL_PCDEx_SetConnectionState
                0x08003daa        0x2 ./USB_DEVICE/Target/usbd_conf.o
                0x08003daa                HAL_PCDEx_SetConnectionState
 .text.memset   0x08003dac       0x10 C:/ST/STM32CubeIDE/STM32CubeIDE/plugins/com.st.stm32cube.ide.mcu.externaltools.gnu-tools-for-stm32.12.3.rel1.win32_1.1.0.202410251130/tools/bin/../lib/gcc/arm-none-eabi/12.3.1/../../../../arm-none-eabi/lib/thumb/v7-m/nofp\libc_nano.a(libc_a-memset.o)
                0x08003dac                memset
 .text.__libc_init_array
                0x08003dbc       0x48 C:/ST/STM32CubeIDE/STM32CubeIDE/plugins/com.st.stm32cube.ide.mcu.externaltools.gnu-tools-for-stm32.12.3.rel1.win32_1.1.0.202410251130/tools/bin/../lib/gcc/arm-none-eabi/12.3.1/../../../../arm-none-eabi/lib/thumb/v7-m/nofp\libc_nano.a(libc_a-init.o)
                0x08003dbc                __libc_init_array
 *(.glue_7)
 .glue_7        0x08003e04        0x0 linker stubs
 *(.glue_7t)
 .glue_7t       0x08003e04        0x0 linker stubs
 *(.eh_frame)
 .eh_frame      0x08003e04        0x0 C:/ST/STM32CubeIDE/STM32CubeIDE/plugins/com.st.stm32cube.ide.mcu.externaltools.gnu-tools-for-stm32.12.3.rel1.win32_1.1.0.202410251130/tools/bin/../lib/gcc/arm-none-eabi/12.3.1/thumb/v7-m/nofp/crtbegin.o
 *(.init)
 .init          0x08003e04        0x4 C:/ST/STM32CubeIDE/STM32CubeIDE/plugins/com.st.stm32cube.ide.mcu.externaltools.gnu-tools-for-stm32.12.3.rel1.win32_1.1.0.202410251130/tools/bin/../lib/gcc/arm-none-eabi/12.3.1/thumb/v7-m/nofp/crti.o
                0x08003e04                _init
 .init          0x08003e08        0x8 C:/ST/STM32CubeIDE/STM32CubeIDE/plugins/com.st.stm32cube.ide.mcu.externaltools.gnu-tools-for-stm32.12.3.rel1.win32_1.1.0.202410251130/tools/bin/../lib/gcc/arm-none-eabi/12.3.1/thumb/v7-m/nofp/crtn.o
 *(.fini)
 .fini          0x08003e10        0x4 C:/ST/STM32CubeIDE/STM32CubeIDE/plugins/com.st.stm32cube.ide.mcu.externaltools.gnu-tools-for-stm32.12.3.rel1.win32_1.1.0.202410251130/tools/bin/../lib/gcc/arm-none-eabi/12.3.1/thumb/v7-m/nofp/crti.o
                0x08003e10                _fini
 .fini          0x08003e14        0x8 C:/ST/STM32CubeIDE/STM32CubeIDE/plugins/com.st.stm32cube.ide.mcu.externaltools.gnu-tools-for-stm32.12.3.rel1.win32_1.1.0.202410251130/tools/bin/../lib/gcc/arm-none-eabi/12.3.1/thumb/v7-m/nofp/crtn.o
                0x08003e1c                        . = ALIGN (0x4)
                0x08003e1c                        _etext = .

.vfp11_veneer   0x08003e1c        0x0
 .vfp11_veneer  0x08003e1c        0x0 linker stubs

.v4_bx          0x08003e1c        0x0
 .v4_bx         0x08003e1c        0x0 linker stubs

.iplt           0x08003e1c        0x0
 .iplt          0x08003e1c        0x0 C:/ST/STM32CubeIDE/STM32CubeIDE/plugins/com.st.stm32cube.ide.mcu.externaltools.gnu-tools-for-stm32.12.3.rel1.win32_1.1.0.202410251130/tools/bin/../lib/gcc/arm-none-eabi/12.3.1/thumb/v7-m/nofp/crtbegin.o

.rodata         0x08003e1c       0x7c
                0x08003e1c                        . = ALIGN (0x4)
 *(.rodata)
 *(.rodata*)
 .rodata.AHBPrescTable
                0x08003e1c       0x10 ./Core/Src/system_stm32f1xx.o
                0x08003e1c                AHBPrescTable
 .rodata.aPredivFactorTable.0
                0x08003e2c        0x2 ./Drivers/STM32F1xx_HAL_Driver/Src/stm32f1xx_hal_rcc.o
 .rodata.aPLLMULFactorTable.1
                0x08003e2e       0x10 ./Drivers/STM32F1xx_HAL_Driver/Src/stm32f1xx_hal_rcc.o
 .rodata.USBD_FS_ManufacturerStrDescriptor.str1.1
                0x08003e3e       0x13 ./USB_DEVICE/App/usbd_desc.o
 .rodata.USBD_FS_ProductStrDescriptor.str1.1
                0x08003e51       0x1d ./USB_DEVICE/App/usbd_desc.o
 .rodata.USBD_FS_ConfigStrDescriptor.str1.1
                0x08003e6e       0x12 ./USB_DEVICE/App/usbd_desc.o
 .rodata.USBD_FS_InterfaceStrDescriptor.str1.1
                0x08003e80       0x15 ./USB_DEVICE/App/usbd_desc.o
                0x08003e98                        . = ALIGN (0x4)
 *fill*         0x08003e95        0x3 

.ARM.extab      0x08003e98        0x0
                0x08003e98                        . = ALIGN (0x4)
 *(.ARM.extab* .gnu.linkonce.armextab.*)
                0x08003e98                        . = ALIGN (0x4)

.ARM            0x08003e98        0x8
                0x08003e98                        . = ALIGN (0x4)
                0x08003e98                        __exidx_start = .
 *(.ARM.exidx*)
 .ARM.exidx     0x08003e98        0x8 C:/ST/STM32CubeIDE/STM32CubeIDE/plugins/com.st.stm32cube.ide.mcu.externaltools.gnu-tools-for-stm32.12.3.rel1.win32_1.1.0.202410251130/tools/bin/../lib/gcc/arm-none-eabi/12.3.1/../../../../arm-none-eabi/lib/thumb/v7-m/nofp\libc_nano.a(libc_a-strlen.o)
                0x08003ea0                        __exidx_end = .
                0x08003ea0                        . = ALIGN (0x4)

.preinit_array  0x08003ea0        0x0
                0x08003ea0                        . = ALIGN (0x4)
                0x08003ea0                        PROVIDE (__preinit_array_start = .)
 *(.preinit_array*)
                0x08003ea0                        PROVIDE (__preinit_array_end = .)
                0x08003ea0                        . = ALIGN (0x4)

.init_array     0x08003ea0        0x4
                0x08003ea0                        . = ALIGN (0x4)
                0x08003ea0                        PROVIDE (__init_array_start = .)
 *(SORT_BY_NAME(.init_array.*))
 *(.init_array*)
 .init_array    0x08003ea0        0x4 C:/ST/STM32CubeIDE/STM32CubeIDE/plugins/com.st.stm32cube.ide.mcu.externaltools.gnu-tools-for-stm32.12.3.rel1.win32_1.1.0.202410251130/tools/bin/../lib/gcc/arm-none-eabi/12.3.1/thumb/v7-m/nofp/crtbegin.o
                0x08003ea4                        PROVIDE (__init_array_end = .)
                0x08003ea4                        . = ALIGN (0x4)

.fini_array     0x08003ea4        0x4
                0x08003ea4                        . = ALIGN (0x4)
                [!provide]                        PROVIDE (__fini_array_start = .)
 *(SORT_BY_NAME(.fini_array.*))
 *(.fini_array*)
 .fini_array    0x08003ea4        0x4 C:/ST/STM32CubeIDE/STM32CubeIDE/plugins/com.st.stm32cube.ide.mcu.externaltools.gnu-tools-for-stm32.12.3.rel1.win32_1.1.0.202410251130/tools/bin/../lib/gcc/arm-none-eabi/12.3.1/thumb/v7-m/nofp/crtbegin.o
                [!provide]                        PROVIDE (__fini_array_end = .)
                0x08003ea8                        . = ALIGN (0x4)
                0x08003ea8                        _sidata = LOADADDR (.data)

.rel.dyn        0x08003ea8        0x0
 .rel.iplt      0x08003ea8        0x0 C:/ST/STM32CubeIDE/STM32CubeIDE/plugins/com.st.stm32cube.ide.mcu.externaltools.gnu-tools-for-stm32.12.3.rel1.win32_1.1.0.202410251130/tools/bin/../lib/gcc/arm-none-eabi/12.3.1/thumb/v7-m/nofp/crtbegin.o

.data           0x20000000      0x18c load address 0x08003ea8
                0x20000000                        . = ALIGN (0x4)
                0x20000000                        _sdata = .
 *(.data)
 *(.data*)
 .data.SystemCoreClock
                0x20000000        0x4 ./Core/Src/system_stm32f1xx.o
                0x20000000                SystemCoreClock
 .data.uwTickFreq
                0x20000004        0x1 ./Drivers/STM32F1xx_HAL_Driver/Src/stm32f1xx_hal.o
                0x20000004                uwTickFreq
 *fill*         0x20000005        0x3 
 .data.uwTickPrio
                0x20000008        0x4 ./Drivers/STM32F1xx_HAL_Driver/Src/stm32f1xx_hal.o
                0x20000008                uwTickPrio
 .data.USBD_CUSTOM_HID_DeviceQualifierDesc
                0x2000000c        0xa ./Middlewares/ST/STM32_USB_Device_Library/Class/CustomHID/Src/usbd_customhid.o
 *fill*         0x20000016        0x2 
 .data.USBD_CUSTOM_HID_Desc
                0x20000018        0x9 ./Middlewares/ST/STM32_USB_Device_Library/Class/CustomHID/Src/usbd_customhid.o
 *fill*         0x20000021        0x3 
 .data.USBD_CUSTOM_HID_OtherSpeedCfgDesc
                0x20000024       0x29 ./Middlewares/ST/STM32_USB_Device_Library/Class/CustomHID/Src/usbd_customhid.o
 *fill*         0x2000004d        0x3 
 .data.USBD_CUSTOM_HID_CfgHSDesc
                0x20000050       0x29 ./Middlewares/ST/STM32_USB_Device_Library/Class/CustomHID/Src/usbd_customhid.o
 *fill*         0x20000079        0x3 
 .data.USBD_CUSTOM_HID_CfgFSDesc
                0x2000007c       0x29 ./Middlewares/ST/STM32_USB_Device_Library/Class/CustomHID/Src/usbd_customhid.o
 *fill*         0x200000a5        0x3 
 .data.USBD_CUSTOM_HID
                0x200000a8       0x38 ./Middlewares/ST/STM32_USB_Device_Library/Class/CustomHID/Src/usbd_customhid.o
                0x200000a8                USBD_CUSTOM_HID
 .data.USBD_CustomHID_fops_FS
                0x200000e0       0x10 ./USB_DEVICE/App/usbd_custom_hid_if.o
                0x200000e0                USBD_CustomHID_fops_FS
 .data.CUSTOM_HID_ReportDesc_FS
                0x200000f0       0x49 ./USB_DEVICE/App/usbd_custom_hid_if.o
 *fill*         0x20000139        0x3 
 .data.USBD_StringSerial
                0x2000013c       0x1a ./USB_DEVICE/App/usbd_desc.o
                0x2000013c                USBD_StringSerial
 *fill*         0x20000156        0x2 
 .data.USBD_LangIDDesc
                0x20000158        0x4 ./USB_DEVICE/App/usbd_desc.o
                0x20000158                USBD_LangIDDesc
 .data.USBD_FS_DeviceDesc
                0x2000015c       0x12 ./USB_DEVICE/App/usbd_desc.o
                0x2000015c                USBD_FS_DeviceDesc
 *fill*         0x2000016e        0x2 
 .data.FS_Desc  0x20000170       0x1c ./USB_DEVICE/App/usbd_desc.o
                0x20000170                FS_Desc
 *(.RamFunc)
 *(.RamFunc*)
                0x2000018c                        . = ALIGN (0x4)
                0x2000018c                        _edata = .

.igot.plt       0x2000018c        0x0 load address 0x08004034
 .igot.plt      0x2000018c        0x0 C:/ST/STM32CubeIDE/STM32CubeIDE/plugins/com.st.stm32cube.ide.mcu.externaltools.gnu-tools-for-stm32.12.3.rel1.win32_1.1.0.202410251130/tools/bin/../lib/gcc/arm-none-eabi/12.3.1/thumb/v7-m/nofp/crtbegin.o
                0x2000018c                        . = ALIGN (0x4)

.bss            0x2000018c      0x7ec load address 0x08004034
                0x2000018c                        _sbss = .
                0x2000018c                        __bss_start__ = _sbss
 *(.bss)
 .bss           0x2000018c       0x1c C:/ST/STM32CubeIDE/STM32CubeIDE/plugins/com.st.stm32cube.ide.mcu.externaltools.gnu-tools-for-stm32.12.3.rel1.win32_1.1.0.202410251130/tools/bin/../lib/gcc/arm-none-eabi/12.3.1/thumb/v7-m/nofp/crtbegin.o
 *(.bss*)
 .bss.report    0x200001a8        0xf ./Core/Src/User/Keyboard_Driver.o
                0x200001a8                report
 *fill*         0x200001b7        0x1 
 .bss.uwTick    0x200001b8        0x4 ./Drivers/STM32F1xx_HAL_Driver/Src/stm32f1xx_hal.o
                0x200001b8                uwTick
 .bss.cfgidx.0  0x200001bc        0x1 ./Middlewares/ST/STM32_USB_Device_Library/Core/Src/usbd_ctlreq.o
 *fill*         0x200001bd        0x3 
 .bss.hUsbDeviceFS
                0x200001c0      0x2c4 ./USB_DEVICE/App/usb_device.o
                0x200001c0                hUsbDeviceFS
 .bss.USBD_StrDesc
                0x20000484      0x200 ./USB_DEVICE/App/usbd_desc.o
                0x20000484                USBD_StrDesc
 .bss.mem.0     0x20000684       0x1c ./USB_DEVICE/Target/usbd_conf.o
 .bss.hpcd_USB_FS
                0x200006a0      0x2d8 ./USB_DEVICE/Target/usbd_conf.o
                0x200006a0                hpcd_USB_FS
 *(COMMON)
                0x20000978                        . = ALIGN (0x4)
                0x20000978                        _ebss = .
                0x20000978                        __bss_end__ = _ebss

._user_heap_stack
                0x20000978      0x600 load address 0x08004034
                0x20000978                        . = ALIGN (0x8)
                [!provide]                        PROVIDE (end = .)
                0x20000978                        PROVIDE (_end = .)
                0x20000b78                        . = (. + _Min_Heap_Size)
 *fill*         0x20000978      0x200 
                0x20000f78                        . = (. + _Min_Stack_Size)
 *fill*         0x20000b78      0x400 
                0x20000f78                        . = ALIGN (0x8)

/DISCARD/
 libc.a(*)
 libm.a(*)
 libgcc.a(*)

.ARM.attributes
                0x00000000       0x29
 *(.ARM.attributes)
 .ARM.attributes
                0x00000000       0x1d C:/ST/STM32CubeIDE/STM32CubeIDE/plugins/com.st.stm32cube.ide.mcu.externaltools.gnu-tools-for-stm32.12.3.rel1.win32_1.1.0.202410251130/tools/bin/../lib/gcc/arm-none-eabi/12.3.1/thumb/v7-m/nofp/crti.o
 .ARM.attributes
                0x0000001d       0x2d C:/ST/STM32CubeIDE/STM32CubeIDE/plugins/com.st.stm32cube.ide.mcu.externaltools.gnu-tools-for-stm32.12.3.rel1.win32_1.1.0.202410251130/tools/bin/../lib/gcc/arm-none-eabi/12.3.1/thumb/v7-m/nofp/crtbegin.o
 .ARM.attributes
                0x0000004a       0x2d ./Core/Src/User/Keyboard_Driver.o
 .ARM.attributes
                0x00000077       0x2d ./Core/Src/gpio.o
 .ARM.attributes
                0x000000a4       0x2d ./Core/Src/main.o
 .ARM.attributes
                0x000000d1       0x2d ./Core/Src/stm32f1xx_hal_msp.o
 .ARM.attributes
                0x000000fe       0x2d ./Core/Src/stm32f1xx_it.o
 .ARM.attributes
                0x0000012b       0x2d ./Core/Src/system_stm32f1xx.o
 .ARM.attributes
                0x00000158       0x21 ./Core/Startup/startup_stm32f103c8tx.o
 .ARM.attributes
                0x00000179       0x2d ./Drivers/STM32F1xx_HAL_Driver/Src/stm32f1xx_hal.o
 .ARM.attributes
                0x000001a6       0x2d ./Drivers/STM32F1xx_HAL_Driver/Src/stm32f1xx_hal_cortex.o
 .ARM.attributes
                0x000001d3       0x2d ./Drivers/STM32F1xx_HAL_Driver/Src/stm32f1xx_hal_gpio.o
 .ARM.attributes
                0x00000200       0x2d ./Drivers/STM32F1xx_HAL_Driver/Src/stm32f1xx_hal_pcd.o
 .ARM.attributes
                0x0000022d       0x2d ./Drivers/STM32F1xx_HAL_Driver/Src/stm32f1xx_hal_pcd_ex.o
 .ARM.attributes
                0x0000025a       0x2d ./Drivers/STM32F1xx_HAL_Driver/Src/stm32f1xx_hal_rcc.o
 .ARM.attributes
                0x00000287       0x2d ./Drivers/STM32F1xx_HAL_Driver/Src/stm32f1xx_hal_rcc_ex.o
 .ARM.attributes
                0x000002b4       0x2d ./Drivers/STM32F1xx_HAL_Driver/Src/stm32f1xx_ll_usb.o
 .ARM.attributes
                0x000002e1       0x2d ./Middlewares/ST/STM32_USB_Device_Library/Class/CustomHID/Src/usbd_customhid.o
 .ARM.attributes
                0x0000030e       0x2d ./Middlewares/ST/STM32_USB_Device_Library/Core/Src/usbd_core.o
 .ARM.attributes
                0x0000033b       0x2d ./Middlewares/ST/STM32_USB_Device_Library/Core/Src/usbd_ctlreq.o
 .ARM.attributes
                0x00000368       0x2d ./Middlewares/ST/STM32_USB_Device_Library/Core/Src/usbd_ioreq.o
 .ARM.attributes
                0x00000395       0x2d ./USB_DEVICE/App/usb_device.o
 .ARM.attributes
                0x000003c2       0x2d ./USB_DEVICE/App/usbd_custom_hid_if.o
 .ARM.attributes
                0x000003ef       0x2d ./USB_DEVICE/App/usbd_desc.o
 .ARM.attributes
                0x0000041c       0x2d ./USB_DEVICE/Target/usbd_conf.o
 .ARM.attributes
                0x00000449       0x2d C:/ST/STM32CubeIDE/STM32CubeIDE/plugins/com.st.stm32cube.ide.mcu.externaltools.gnu-tools-for-stm32.12.3.rel1.win32_1.1.0.202410251130/tools/bin/../lib/gcc/arm-none-eabi/12.3.1/../../../../arm-none-eabi/lib/thumb/v7-m/nofp\libc_nano.a(libc_a-memset.o)
 .ARM.attributes
                0x00000476       0x2d C:/ST/STM32CubeIDE/STM32CubeIDE/plugins/com.st.stm32cube.ide.mcu.externaltools.gnu-tools-for-stm32.12.3.rel1.win32_1.1.0.202410251130/tools/bin/../lib/gcc/arm-none-eabi/12.3.1/../../../../arm-none-eabi/lib/thumb/v7-m/nofp\libc_nano.a(libc_a-init.o)
 .ARM.attributes
                0x000004a3       0x17 C:/ST/STM32CubeIDE/STM32CubeIDE/plugins/com.st.stm32cube.ide.mcu.externaltools.gnu-tools-for-stm32.12.3.rel1.win32_1.1.0.202410251130/tools/bin/../lib/gcc/arm-none-eabi/12.3.1/../../../../arm-none-eabi/lib/thumb/v7-m/nofp\libc_nano.a(libc_a-strlen.o)
 .ARM.attributes
                0x000004ba       0x1d C:/ST/STM32CubeIDE/STM32CubeIDE/plugins/com.st.stm32cube.ide.mcu.externaltools.gnu-tools-for-stm32.12.3.rel1.win32_1.1.0.202410251130/tools/bin/../lib/gcc/arm-none-eabi/12.3.1/thumb/v7-m/nofp/crtn.o
OUTPUT(Mai2HID.elf elf32-littlearm)
LOAD linker stubs
LOAD C:/ST/STM32CubeIDE/STM32CubeIDE/plugins/com.st.stm32cube.ide.mcu.externaltools.gnu-tools-for-stm32.12.3.rel1.win32_1.1.0.202410251130/tools/bin/../lib/gcc/arm-none-eabi/12.3.1/../../../../arm-none-eabi/lib/thumb/v7-m/nofp\libc.a
LOAD C:/ST/STM32CubeIDE/STM32CubeIDE/plugins/com.st.stm32cube.ide.mcu.externaltools.gnu-tools-for-stm32.12.3.rel1.win32_1.1.0.202410251130/tools/bin/../lib/gcc/arm-none-eabi/12.3.1/../../../../arm-none-eabi/lib/thumb/v7-m/nofp\libm.a
LOAD C:/ST/STM32CubeIDE/STM32CubeIDE/plugins/com.st.stm32cube.ide.mcu.externaltools.gnu-tools-for-stm32.12.3.rel1.win32_1.1.0.202410251130/tools/bin/../lib/gcc/arm-none-eabi/12.3.1/thumb/v7-m/nofp\libgcc.a

.comment        0x00000000       0x43
 .comment       0x00000000       0x43 ./Core/Src/User/Keyboard_Driver.o
                                 0x44 (size before relaxing)
 .comment       0x00000043       0x44 ./Core/Src/gpio.o
 .comment       0x00000043       0x44 ./Core/Src/main.o
 .comment       0x00000043       0x44 ./Core/Src/stm32f1xx_hal_msp.o
 .comment       0x00000043       0x44 ./Core/Src/stm32f1xx_it.o
 .comment       0x00000043       0x44 ./Core/Src/system_stm32f1xx.o
 .comment       0x00000043       0x44 ./Drivers/STM32F1xx_HAL_Driver/Src/stm32f1xx_hal.o
 .comment       0x00000043       0x44 ./Drivers/STM32F1xx_HAL_Driver/Src/stm32f1xx_hal_cortex.o
 .comment       0x00000043       0x44 ./Drivers/STM32F1xx_HAL_Driver/Src/stm32f1xx_hal_gpio.o
 .comment       0x00000043       0x44 ./Drivers/STM32F1xx_HAL_Driver/Src/stm32f1xx_hal_pcd.o
 .comment       0x00000043       0x44 ./Drivers/STM32F1xx_HAL_Driver/Src/stm32f1xx_hal_pcd_ex.o
 .comment       0x00000043       0x44 ./Drivers/STM32F1xx_HAL_Driver/Src/stm32f1xx_hal_rcc.o
 .comment       0x00000043       0x44 ./Drivers/STM32F1xx_HAL_Driver/Src/stm32f1xx_hal_rcc_ex.o
 .comment       0x00000043       0x44 ./Drivers/STM32F1xx_HAL_Driver/Src/stm32f1xx_ll_usb.o
 .comment       0x00000043       0x44 ./Middlewares/ST/STM32_USB_Device_Library/Class/CustomHID/Src/usbd_customhid.o
 .comment       0x00000043       0x44 ./Middlewares/ST/STM32_USB_Device_Library/Core/Src/usbd_core.o
 .comment       0x00000043       0x44 ./Middlewares/ST/STM32_USB_Device_Library/Core/Src/usbd_ctlreq.o
 .comment       0x00000043       0x44 ./Middlewares/ST/STM32_USB_Device_Library/Core/Src/usbd_ioreq.o
 .comment       0x00000043       0x44 ./USB_DEVICE/App/usb_device.o
 .comment       0x00000043       0x44 ./USB_DEVICE/App/usbd_custom_hid_if.o
 .comment       0x00000043       0x44 ./USB_DEVICE/App/usbd_desc.o
 .comment       0x00000043       0x44 ./USB_DEVICE/Target/usbd_conf.o

.debug_frame    0x00000000       0x4c
 .debug_frame   0x00000000       0x20 C:/ST/STM32CubeIDE/STM32CubeIDE/plugins/com.st.stm32cube.ide.mcu.externaltools.gnu-tools-for-stm32.12.3.rel1.win32_1.1.0.202410251130/tools/bin/../lib/gcc/arm-none-eabi/12.3.1/../../../../arm-none-eabi/lib/thumb/v7-m/nofp\libc_nano.a(libc_a-memset.o)
 .debug_frame   0x00000020       0x2c C:/ST/STM32CubeIDE/STM32CubeIDE/plugins/com.st.stm32cube.ide.mcu.externaltools.gnu-tools-for-stm32.12.3.rel1.win32_1.1.0.202410251130/tools/bin/../lib/gcc/arm-none-eabi/12.3.1/../../../../arm-none-eabi/lib/thumb/v7-m/nofp\libc_nano.a(libc_a-init.o)
