../Core/Src/LED.c:19:6:HAL_TIM_PeriodElapsedCallback	16	static
../Core/Src/LED.c:28:6:copeLED	8	static
../Core/Src/LED.c:45:6:set_one_light	40	static
../Core/Src/LED.c:70:6:set_Multi_light	32	static
../Core/Src/LED.c:82:6:setLedGs8Bit	16	static
../Core/Src/LED.c:93:6:setLedGs8BitMulti	16	static
../Core/Src/LED.c:104:6:setLedGs8BitMultiFade	72	static
../Core/Src/LED.c:155:6:setLedFet	16	static
../Core/Src/LED.c:162:6:SetLedGsUpdate	8	static
../Core/Src/LED.c:168:6:GetEEPRom	24	static
../Core/Src/LED.c:174:6:getBoardInfo	32	static
../Core/Src/LED.c:180:6:getBoardStatus	24	static
../Core/Src/LED.c:186:6:getProtocolVersion	24	static
../Core/Src/LED.c:192:6:default_REP	16	static
