19:25:13 **** Incremental Build of configuration Debug for project TB6612FNG ****
make -j16 all 
arm-none-eabi-gcc "../Core/Src/User/motor.c" -mcpu=cortex-m3 -std=gnu11 -g3 -DDEBUG -DUSE_HAL_DRIVER -DSTM32F103xB -c -I../Core/Inc -I../Drivers/STM32F1xx_HAL_Driver/Inc/Legacy -I../Drivers/STM32F1xx_HAL_Driver/Inc -I../Drivers/CMSIS/Device/ST/STM32F1xx/Include -I../Drivers/CMSIS/Include -O0 -ffunction-sections -fdata-sections -Wall -fstack-usage -fcyclomatic-complexity -MMD -MP -MF"Core/Src/User/motor.d" -MT"Core/Src/User/motor.o" --specs=nano.specs -mfloat-abi=soft -mthumb -o "Core/Src/User/motor.o"
arm-none-eabi-gcc "../Core/Src/gpio.c" -mcpu=cortex-m3 -std=gnu11 -g3 -DDEBUG -DUSE_HAL_DRIVER -DSTM32F103xB -c -I../Core/Inc -I../Drivers/STM32F1xx_HAL_Driver/Inc/Legacy -I../Drivers/STM32F1xx_HAL_Driver/Inc -I../Drivers/CMSIS/Device/ST/STM32F1xx/Include -I../Drivers/CMSIS/Include -O0 -ffunction-sections -fdata-sections -Wall -fstack-usage -fcyclomatic-complexity -MMD -MP -MF"Core/Src/gpio.d" -MT"Core/Src/gpio.o" --specs=nano.specs -mfloat-abi=soft -mthumb -o "Core/Src/gpio.o"
arm-none-eabi-gcc "../Core/Src/main.c" -mcpu=cortex-m3 -std=gnu11 -g3 -DDEBUG -DUSE_HAL_DRIVER -DSTM32F103xB -c -I../Core/Inc -I../Drivers/STM32F1xx_HAL_Driver/Inc/Legacy -I../Drivers/STM32F1xx_HAL_Driver/Inc -I../Drivers/CMSIS/Device/ST/STM32F1xx/Include -I../Drivers/CMSIS/Include -O0 -ffunction-sections -fdata-sections -Wall -fstack-usage -fcyclomatic-complexity -MMD -MP -MF"Core/Src/main.d" -MT"Core/Src/main.o" --specs=nano.specs -mfloat-abi=soft -mthumb -o "Core/Src/main.o"
arm-none-eabi-gcc "../Core/Src/stm32f1xx_hal_msp.c" -mcpu=cortex-m3 -std=gnu11 -g3 -DDEBUG -DUSE_HAL_DRIVER -DSTM32F103xB -c -I../Core/Inc -I../Drivers/STM32F1xx_HAL_Driver/Inc/Legacy -I../Drivers/STM32F1xx_HAL_Driver/Inc -I../Drivers/CMSIS/Device/ST/STM32F1xx/Include -I../Drivers/CMSIS/Include -O0 -ffunction-sections -fdata-sections -Wall -fstack-usage -fcyclomatic-complexity -MMD -MP -MF"Core/Src/stm32f1xx_hal_msp.d" -MT"Core/Src/stm32f1xx_hal_msp.o" --specs=nano.specs -mfloat-abi=soft -mthumb -o "Core/Src/stm32f1xx_hal_msp.o"
arm-none-eabi-gcc "../Core/Src/stm32f1xx_it.c" -mcpu=cortex-m3 -std=gnu11 -g3 -DDEBUG -DUSE_HAL_DRIVER -DSTM32F103xB -c -I../Core/Inc -I../Drivers/STM32F1xx_HAL_Driver/Inc/Legacy -I../Drivers/STM32F1xx_HAL_Driver/Inc -I../Drivers/CMSIS/Device/ST/STM32F1xx/Include -I../Drivers/CMSIS/Include -O0 -ffunction-sections -fdata-sections -Wall -fstack-usage -fcyclomatic-complexity -MMD -MP -MF"Core/Src/stm32f1xx_it.d" -MT"Core/Src/stm32f1xx_it.o" --specs=nano.specs -mfloat-abi=soft -mthumb -o "Core/Src/stm32f1xx_it.o"
arm-none-eabi-gcc "../Core/Src/tim.c" -mcpu=cortex-m3 -std=gnu11 -g3 -DDEBUG -DUSE_HAL_DRIVER -DSTM32F103xB -c -I../Core/Inc -I../Drivers/STM32F1xx_HAL_Driver/Inc/Legacy -I../Drivers/STM32F1xx_HAL_Driver/Inc -I../Drivers/CMSIS/Device/ST/STM32F1xx/Include -I../Drivers/CMSIS/Include -O0 -ffunction-sections -fdata-sections -Wall -fstack-usage -fcyclomatic-complexity -MMD -MP -MF"Core/Src/tim.d" -MT"Core/Src/tim.o" --specs=nano.specs -mfloat-abi=soft -mthumb -o "Core/Src/tim.o"
../Core/Src/main.c: In function 'main':
../Core/Src/main.c:92:3: warning: implicit declaration of function 'motorSet' [-Wimplicit-function-declaration]
   92 |   motorSet(MOTOR_A, MOTOR_FORWARD, 1);
      |   ^~~~~~~~
arm-none-eabi-gcc -o "TB6612FNG.elf" @"objects.list"   -mcpu=cortex-m3 -T"C:\Users\28584\workspace\TB6612FNG\STM32F103C8TX_FLASH.ld" --specs=nosys.specs -Wl,-Map="TB6612FNG.map" -Wl,--gc-sections -static --specs=nano.specs -mfloat-abi=soft -mthumb -Wl,--start-group -lc -lm -Wl,--end-group
已结束构建目标： TB6612FNG.elf
 
arm-none-eabi-size  TB6612FNG.elf 
arm-none-eabi-objdump -h -S TB6612FNG.elf  > "TB6612FNG.list"
   text	   data	    bss	    dec	    hex	filename
   7132	     12	   1644	   8788	   2254	TB6612FNG.elf
已结束构建： default.size.stdout
 
已结束构建： TB6612FNG.list
 
19:25:29 **** Incremental Build of configuration Debug for project ws2812 ****
make -j16 all 
arm-none-eabi-size  ws2812.elf 
   text	   data	    bss	    dec	    hex	filename
  11132	     12	   3636	  14780	   39bc	ws2812.elf
已结束构建： default.size.stdout
 
19:26:19 **** Incremental Build of configuration Debug for project TB6612FNG ****
make -j16 all 
arm-none-eabi-size  TB6612FNG.elf 
   text	   data	    bss	    dec	    hex	filename
   7132	     12	   1644	   8788	   2254	TB6612FNG.elf
已结束构建： default.size.stdout
 
19:33:05 **** Incremental Build of configuration Debug for project TB6612FNG ****
make -j16 all 
arm-none-eabi-gcc "../Core/Src/main.c" -mcpu=cortex-m3 -std=gnu11 -g3 -DDEBUG -DUSE_HAL_DRIVER -DSTM32F103xB -c -I../Core/Inc -I../Drivers/STM32F1xx_HAL_Driver/Inc/Legacy -I../Drivers/STM32F1xx_HAL_Driver/Inc -I../Drivers/CMSIS/Device/ST/STM32F1xx/Include -I../Drivers/CMSIS/Include -O0 -ffunction-sections -fdata-sections -Wall -fstack-usage -fcyclomatic-complexity -MMD -MP -MF"Core/Src/main.d" -MT"Core/Src/main.o" --specs=nano.specs -mfloat-abi=soft -mthumb -o "Core/Src/main.o"
../Core/Src/main.c: In function 'main':
../Core/Src/main.c:92:3: warning: implicit declaration of function 'motorSet' [-Wimplicit-function-declaration]
   92 |   motorSet(MOTOR_A, MOTOR_FORWARD, 1);
      |   ^~~~~~~~
arm-none-eabi-gcc -o "TB6612FNG.elf" @"objects.list"   -mcpu=cortex-m3 -T"C:\Users\28584\workspace\TB6612FNG\STM32F103C8TX_FLASH.ld" --specs=nosys.specs -Wl,-Map="TB6612FNG.map" -Wl,--gc-sections -static --specs=nano.specs -mfloat-abi=soft -mthumb -Wl,--start-group -lc -lm -Wl,--end-group
已结束构建目标： TB6612FNG.elf
 
arm-none-eabi-size  TB6612FNG.elf 
arm-none-eabi-objdump -h -S TB6612FNG.elf  > "TB6612FNG.list"
   text	   data	    bss	    dec	    hex	filename
   7152	     12	   1644	   8808	   2268	TB6612FNG.elf
已结束构建： default.size.stdout
 
已结束构建： TB6612FNG.list
 
19:33:40 **** Incremental Build of configuration Debug for project TB6612FNG ****
make -j16 all 
arm-none-eabi-gcc "../Drivers/STM32F1xx_HAL_Driver/Src/stm32f1xx_hal.c" -mcpu=cortex-m3 -std=gnu11 -g3 -DDEBUG -DUSE_HAL_DRIVER -DSTM32F103xB -c -I../Core/Inc -I../Drivers/STM32F1xx_HAL_Driver/Inc/Legacy -I../Drivers/STM32F1xx_HAL_Driver/Inc -I../Drivers/CMSIS/Device/ST/STM32F1xx/Include -I../Drivers/CMSIS/Include -O0 -ffunction-sections -fdata-sections -Wall -fstack-usage -fcyclomatic-complexity -MMD -MP -MF"Drivers/STM32F1xx_HAL_Driver/Src/stm32f1xx_hal.d" -MT"Drivers/STM32F1xx_HAL_Driver/Src/stm32f1xx_hal.o" --specs=nano.specs -mfloat-abi=soft -mthumb -o "Drivers/STM32F1xx_HAL_Driver/Src/stm32f1xx_hal.o"
arm-none-eabi-gcc "../Drivers/STM32F1xx_HAL_Driver/Src/stm32f1xx_hal_cortex.c" -mcpu=cortex-m3 -std=gnu11 -g3 -DDEBUG -DUSE_HAL_DRIVER -DSTM32F103xB -c -I../Core/Inc -I../Drivers/STM32F1xx_HAL_Driver/Inc/Legacy -I../Drivers/STM32F1xx_HAL_Driver/Inc -I../Drivers/CMSIS/Device/ST/STM32F1xx/Include -I../Drivers/CMSIS/Include -O0 -ffunction-sections -fdata-sections -Wall -fstack-usage -fcyclomatic-complexity -MMD -MP -MF"Drivers/STM32F1xx_HAL_Driver/Src/stm32f1xx_hal_cortex.d" -MT"Drivers/STM32F1xx_HAL_Driver/Src/stm32f1xx_hal_cortex.o" --specs=nano.specs -mfloat-abi=soft -mthumb -o "Drivers/STM32F1xx_HAL_Driver/Src/stm32f1xx_hal_cortex.o"
arm-none-eabi-gcc "../Drivers/STM32F1xx_HAL_Driver/Src/stm32f1xx_hal_dma.c" -mcpu=cortex-m3 -std=gnu11 -g3 -DDEBUG -DUSE_HAL_DRIVER -DSTM32F103xB -c -I../Core/Inc -I../Drivers/STM32F1xx_HAL_Driver/Inc/Legacy -I../Drivers/STM32F1xx_HAL_Driver/Inc -I../Drivers/CMSIS/Device/ST/STM32F1xx/Include -I../Drivers/CMSIS/Include -O0 -ffunction-sections -fdata-sections -Wall -fstack-usage -fcyclomatic-complexity -MMD -MP -MF"Drivers/STM32F1xx_HAL_Driver/Src/stm32f1xx_hal_dma.d" -MT"Drivers/STM32F1xx_HAL_Driver/Src/stm32f1xx_hal_dma.o" --specs=nano.specs -mfloat-abi=soft -mthumb -o "Drivers/STM32F1xx_HAL_Driver/Src/stm32f1xx_hal_dma.o"
arm-none-eabi-gcc "../Drivers/STM32F1xx_HAL_Driver/Src/stm32f1xx_hal_exti.c" -mcpu=cortex-m3 -std=gnu11 -g3 -DDEBUG -DUSE_HAL_DRIVER -DSTM32F103xB -c -I../Core/Inc -I../Drivers/STM32F1xx_HAL_Driver/Inc/Legacy -I../Drivers/STM32F1xx_HAL_Driver/Inc -I../Drivers/CMSIS/Device/ST/STM32F1xx/Include -I../Drivers/CMSIS/Include -O0 -ffunction-sections -fdata-sections -Wall -fstack-usage -fcyclomatic-complexity -MMD -MP -MF"Drivers/STM32F1xx_HAL_Driver/Src/stm32f1xx_hal_exti.d" -MT"Drivers/STM32F1xx_HAL_Driver/Src/stm32f1xx_hal_exti.o" --specs=nano.specs -mfloat-abi=soft -mthumb -o "Drivers/STM32F1xx_HAL_Driver/Src/stm32f1xx_hal_exti.o"
arm-none-eabi-gcc "../Drivers/STM32F1xx_HAL_Driver/Src/stm32f1xx_hal_flash.c" -mcpu=cortex-m3 -std=gnu11 -g3 -DDEBUG -DUSE_HAL_DRIVER -DSTM32F103xB -c -I../Core/Inc -I../Drivers/STM32F1xx_HAL_Driver/Inc/Legacy -I../Drivers/STM32F1xx_HAL_Driver/Inc -I../Drivers/CMSIS/Device/ST/STM32F1xx/Include -I../Drivers/CMSIS/Include -O0 -ffunction-sections -fdata-sections -Wall -fstack-usage -fcyclomatic-complexity -MMD -MP -MF"Drivers/STM32F1xx_HAL_Driver/Src/stm32f1xx_hal_flash.d" -MT"Drivers/STM32F1xx_HAL_Driver/Src/stm32f1xx_hal_flash.o" --specs=nano.specs -mfloat-abi=soft -mthumb -o "Drivers/STM32F1xx_HAL_Driver/Src/stm32f1xx_hal_flash.o"
arm-none-eabi-gcc "../Drivers/STM32F1xx_HAL_Driver/Src/stm32f1xx_hal_flash_ex.c" -mcpu=cortex-m3 -std=gnu11 -g3 -DDEBUG -DUSE_HAL_DRIVER -DSTM32F103xB -c -I../Core/Inc -I../Drivers/STM32F1xx_HAL_Driver/Inc/Legacy -I../Drivers/STM32F1xx_HAL_Driver/Inc -I../Drivers/CMSIS/Device/ST/STM32F1xx/Include -I../Drivers/CMSIS/Include -O0 -ffunction-sections -fdata-sections -Wall -fstack-usage -fcyclomatic-complexity -MMD -MP -MF"Drivers/STM32F1xx_HAL_Driver/Src/stm32f1xx_hal_flash_ex.d" -MT"Drivers/STM32F1xx_HAL_Driver/Src/stm32f1xx_hal_flash_ex.o" --specs=nano.specs -mfloat-abi=soft -mthumb -o "Drivers/STM32F1xx_HAL_Driver/Src/stm32f1xx_hal_flash_ex.o"
arm-none-eabi-gcc "../Drivers/STM32F1xx_HAL_Driver/Src/stm32f1xx_hal_gpio.c" -mcpu=cortex-m3 -std=gnu11 -g3 -DDEBUG -DUSE_HAL_DRIVER -DSTM32F103xB -c -I../Core/Inc -I../Drivers/STM32F1xx_HAL_Driver/Inc/Legacy -I../Drivers/STM32F1xx_HAL_Driver/Inc -I../Drivers/CMSIS/Device/ST/STM32F1xx/Include -I../Drivers/CMSIS/Include -O0 -ffunction-sections -fdata-sections -Wall -fstack-usage -fcyclomatic-complexity -MMD -MP -MF"Drivers/STM32F1xx_HAL_Driver/Src/stm32f1xx_hal_gpio.d" -MT"Drivers/STM32F1xx_HAL_Driver/Src/stm32f1xx_hal_gpio.o" --specs=nano.specs -mfloat-abi=soft -mthumb -o "Drivers/STM32F1xx_HAL_Driver/Src/stm32f1xx_hal_gpio.o"
arm-none-eabi-gcc "../Drivers/STM32F1xx_HAL_Driver/Src/stm32f1xx_hal_gpio_ex.c" -mcpu=cortex-m3 -std=gnu11 -g3 -DDEBUG -DUSE_HAL_DRIVER -DSTM32F103xB -c -I../Core/Inc -I../Drivers/STM32F1xx_HAL_Driver/Inc/Legacy -I../Drivers/STM32F1xx_HAL_Driver/Inc -I../Drivers/CMSIS/Device/ST/STM32F1xx/Include -I../Drivers/CMSIS/Include -O0 -ffunction-sections -fdata-sections -Wall -fstack-usage -fcyclomatic-complexity -MMD -MP -MF"Drivers/STM32F1xx_HAL_Driver/Src/stm32f1xx_hal_gpio_ex.d" -MT"Drivers/STM32F1xx_HAL_Driver/Src/stm32f1xx_hal_gpio_ex.o" --specs=nano.specs -mfloat-abi=soft -mthumb -o "Drivers/STM32F1xx_HAL_Driver/Src/stm32f1xx_hal_gpio_ex.o"
arm-none-eabi-gcc "../Drivers/STM32F1xx_HAL_Driver/Src/stm32f1xx_hal_pwr.c" -mcpu=cortex-m3 -std=gnu11 -g3 -DDEBUG -DUSE_HAL_DRIVER -DSTM32F103xB -c -I../Core/Inc -I../Drivers/STM32F1xx_HAL_Driver/Inc/Legacy -I../Drivers/STM32F1xx_HAL_Driver/Inc -I../Drivers/CMSIS/Device/ST/STM32F1xx/Include -I../Drivers/CMSIS/Include -O0 -ffunction-sections -fdata-sections -Wall -fstack-usage -fcyclomatic-complexity -MMD -MP -MF"Drivers/STM32F1xx_HAL_Driver/Src/stm32f1xx_hal_pwr.d" -MT"Drivers/STM32F1xx_HAL_Driver/Src/stm32f1xx_hal_pwr.o" --specs=nano.specs -mfloat-abi=soft -mthumb -o "Drivers/STM32F1xx_HAL_Driver/Src/stm32f1xx_hal_pwr.o"
arm-none-eabi-gcc "../Drivers/STM32F1xx_HAL_Driver/Src/stm32f1xx_hal_rcc.c" -mcpu=cortex-m3 -std=gnu11 -g3 -DDEBUG -DUSE_HAL_DRIVER -DSTM32F103xB -c -I../Core/Inc -I../Drivers/STM32F1xx_HAL_Driver/Inc/Legacy -I../Drivers/STM32F1xx_HAL_Driver/Inc -I../Drivers/CMSIS/Device/ST/STM32F1xx/Include -I../Drivers/CMSIS/Include -O0 -ffunction-sections -fdata-sections -Wall -fstack-usage -fcyclomatic-complexity -MMD -MP -MF"Drivers/STM32F1xx_HAL_Driver/Src/stm32f1xx_hal_rcc.d" -MT"Drivers/STM32F1xx_HAL_Driver/Src/stm32f1xx_hal_rcc.o" --specs=nano.specs -mfloat-abi=soft -mthumb -o "Drivers/STM32F1xx_HAL_Driver/Src/stm32f1xx_hal_rcc.o"
arm-none-eabi-gcc "../Drivers/STM32F1xx_HAL_Driver/Src/stm32f1xx_hal_rcc_ex.c" -mcpu=cortex-m3 -std=gnu11 -g3 -DDEBUG -DUSE_HAL_DRIVER -DSTM32F103xB -c -I../Core/Inc -I../Drivers/STM32F1xx_HAL_Driver/Inc/Legacy -I../Drivers/STM32F1xx_HAL_Driver/Inc -I../Drivers/CMSIS/Device/ST/STM32F1xx/Include -I../Drivers/CMSIS/Include -O0 -ffunction-sections -fdata-sections -Wall -fstack-usage -fcyclomatic-complexity -MMD -MP -MF"Drivers/STM32F1xx_HAL_Driver/Src/stm32f1xx_hal_rcc_ex.d" -MT"Drivers/STM32F1xx_HAL_Driver/Src/stm32f1xx_hal_rcc_ex.o" --specs=nano.specs -mfloat-abi=soft -mthumb -o "Drivers/STM32F1xx_HAL_Driver/Src/stm32f1xx_hal_rcc_ex.o"
arm-none-eabi-gcc "../Core/Src/User/motor.c" -mcpu=cortex-m3 -std=gnu11 -g3 -DDEBUG -DUSE_HAL_DRIVER -DSTM32F103xB -c -I../Core/Inc -I../Drivers/STM32F1xx_HAL_Driver/Inc/Legacy -I../Drivers/STM32F1xx_HAL_Driver/Inc -I../Drivers/CMSIS/Device/ST/STM32F1xx/Include -I../Drivers/CMSIS/Include -O0 -ffunction-sections -fdata-sections -Wall -fstack-usage -fcyclomatic-complexity -MMD -MP -MF"Core/Src/User/motor.d" -MT"Core/Src/User/motor.o" --specs=nano.specs -mfloat-abi=soft -mthumb -o "Core/Src/User/motor.o"
arm-none-eabi-gcc "../Core/Src/gpio.c" -mcpu=cortex-m3 -std=gnu11 -g3 -DDEBUG -DUSE_HAL_DRIVER -DSTM32F103xB -c -I../Core/Inc -I../Drivers/STM32F1xx_HAL_Driver/Inc/Legacy -I../Drivers/STM32F1xx_HAL_Driver/Inc -I../Drivers/CMSIS/Device/ST/STM32F1xx/Include -I../Drivers/CMSIS/Include -O0 -ffunction-sections -fdata-sections -Wall -fstack-usage -fcyclomatic-complexity -MMD -MP -MF"Core/Src/gpio.d" -MT"Core/Src/gpio.o" --specs=nano.specs -mfloat-abi=soft -mthumb -o "Core/Src/gpio.o"
arm-none-eabi-gcc "../Core/Src/main.c" -mcpu=cortex-m3 -std=gnu11 -g3 -DDEBUG -DUSE_HAL_DRIVER -DSTM32F103xB -c -I../Core/Inc -I../Drivers/STM32F1xx_HAL_Driver/Inc/Legacy -I../Drivers/STM32F1xx_HAL_Driver/Inc -I../Drivers/CMSIS/Device/ST/STM32F1xx/Include -I../Drivers/CMSIS/Include -O0 -ffunction-sections -fdata-sections -Wall -fstack-usage -fcyclomatic-complexity -MMD -MP -MF"Core/Src/main.d" -MT"Core/Src/main.o" --specs=nano.specs -mfloat-abi=soft -mthumb -o "Core/Src/main.o"
arm-none-eabi-gcc "../Core/Src/stm32f1xx_hal_msp.c" -mcpu=cortex-m3 -std=gnu11 -g3 -DDEBUG -DUSE_HAL_DRIVER -DSTM32F103xB -c -I../Core/Inc -I../Drivers/STM32F1xx_HAL_Driver/Inc/Legacy -I../Drivers/STM32F1xx_HAL_Driver/Inc -I../Drivers/CMSIS/Device/ST/STM32F1xx/Include -I../Drivers/CMSIS/Include -O0 -ffunction-sections -fdata-sections -Wall -fstack-usage -fcyclomatic-complexity -MMD -MP -MF"Core/Src/stm32f1xx_hal_msp.d" -MT"Core/Src/stm32f1xx_hal_msp.o" --specs=nano.specs -mfloat-abi=soft -mthumb -o "Core/Src/stm32f1xx_hal_msp.o"
arm-none-eabi-gcc "../Core/Src/stm32f1xx_it.c" -mcpu=cortex-m3 -std=gnu11 -g3 -DDEBUG -DUSE_HAL_DRIVER -DSTM32F103xB -c -I../Core/Inc -I../Drivers/STM32F1xx_HAL_Driver/Inc/Legacy -I../Drivers/STM32F1xx_HAL_Driver/Inc -I../Drivers/CMSIS/Device/ST/STM32F1xx/Include -I../Drivers/CMSIS/Include -O0 -ffunction-sections -fdata-sections -Wall -fstack-usage -fcyclomatic-complexity -MMD -MP -MF"Core/Src/stm32f1xx_it.d" -MT"Core/Src/stm32f1xx_it.o" --specs=nano.specs -mfloat-abi=soft -mthumb -o "Core/Src/stm32f1xx_it.o"
arm-none-eabi-gcc "../Core/Src/syscalls.c" -mcpu=cortex-m3 -std=gnu11 -g3 -DDEBUG -DUSE_HAL_DRIVER -DSTM32F103xB -c -I../Core/Inc -I../Drivers/STM32F1xx_HAL_Driver/Inc/Legacy -I../Drivers/STM32F1xx_HAL_Driver/Inc -I../Drivers/CMSIS/Device/ST/STM32F1xx/Include -I../Drivers/CMSIS/Include -O0 -ffunction-sections -fdata-sections -Wall -fstack-usage -fcyclomatic-complexity -MMD -MP -MF"Core/Src/syscalls.d" -MT"Core/Src/syscalls.o" --specs=nano.specs -mfloat-abi=soft -mthumb -o "Core/Src/syscalls.o"
arm-none-eabi-gcc "../Core/Src/sysmem.c" -mcpu=cortex-m3 -std=gnu11 -g3 -DDEBUG -DUSE_HAL_DRIVER -DSTM32F103xB -c -I../Core/Inc -I../Drivers/STM32F1xx_HAL_Driver/Inc/Legacy -I../Drivers/STM32F1xx_HAL_Driver/Inc -I../Drivers/CMSIS/Device/ST/STM32F1xx/Include -I../Drivers/CMSIS/Include -O0 -ffunction-sections -fdata-sections -Wall -fstack-usage -fcyclomatic-complexity -MMD -MP -MF"Core/Src/sysmem.d" -MT"Core/Src/sysmem.o" --specs=nano.specs -mfloat-abi=soft -mthumb -o "Core/Src/sysmem.o"
arm-none-eabi-gcc "../Core/Src/system_stm32f1xx.c" -mcpu=cortex-m3 -std=gnu11 -g3 -DDEBUG -DUSE_HAL_DRIVER -DSTM32F103xB -c -I../Core/Inc -I../Drivers/STM32F1xx_HAL_Driver/Inc/Legacy -I../Drivers/STM32F1xx_HAL_Driver/Inc -I../Drivers/CMSIS/Device/ST/STM32F1xx/Include -I../Drivers/CMSIS/Include -O0 -ffunction-sections -fdata-sections -Wall -fstack-usage -fcyclomatic-complexity -MMD -MP -MF"Core/Src/system_stm32f1xx.d" -MT"Core/Src/system_stm32f1xx.o" --specs=nano.specs -mfloat-abi=soft -mthumb -o "Core/Src/system_stm32f1xx.o"
In file included from ../Core/Src/User/motor.c:8:
../Core/Inc/motor.h:12:10: fatal error: tim.h: No such file or directory
   12 | #include "tim.h"
      |          ^~~~~~~
compilation terminated.
In file included from ../Core/Inc/main.h:34,
                 from ../Core/Inc/gpio.h:29,
                 from ../Core/Src/gpio.c:22:
../Core/Inc/motor.h:12:10: fatal error: tim.h: No such file or directory
   12 | #include "tim.h"
      |          ^~~~~~~
compilation terminated.
In file included from ../Core/Inc/main.h:34,
                 from ../Core/Src/main.c:20:
../Core/Inc/motor.h:12:10: fatal error: tim.h: No such file or directory
   12 | #include "tim.h"
      |          ^~~~~~~
compilation terminated.
In file included from ../Core/Inc/main.h:34,
                 from ../Core/Src/stm32f1xx_hal_msp.c:22:
../Core/Inc/motor.h:12:10: fatal error: tim.h: No such file or directory
   12 | #include "tim.h"
      |          ^~~~~~~
compilation terminated.
In file included from ../Core/Inc/main.h:34,
                 from ../Core/Src/stm32f1xx_it.c:21:
../Core/Inc/motor.h:12:10: fatal error: tim.h: No such file or directory
   12 | #include "tim.h"
      |          ^~~~~~~
compilation terminated.
make: *** [Core/Src/User/subdir.mk:19: Core/Src/User/motor.o] Error 1
make: *** Waiting for unfinished jobs....
make: *** [Core/Src/subdir.mk:37: Core/Src/gpio.o] Error 1
make: *** [Core/Src/subdir.mk:37: Core/Src/main.o] Error 1
make: *** [Core/Src/subdir.mk:37: Core/Src/stm32f1xx_hal_msp.o] Error 1
make: *** [Core/Src/subdir.mk:37: Core/Src/stm32f1xx_it.o] Error 1
"make -j16 all" terminated with exit code 2. Build might be incomplete.
19:33:54 **** Incremental Build of configuration Debug for project TB6612FNG ****
make -j16 all 
arm-none-eabi-gcc "../Core/Src/User/motor.c" -mcpu=cortex-m3 -std=gnu11 -g3 -DDEBUG -DUSE_HAL_DRIVER -DSTM32F103xB -c -I../Core/Inc -I../Drivers/STM32F1xx_HAL_Driver/Inc/Legacy -I../Drivers/STM32F1xx_HAL_Driver/Inc -I../Drivers/CMSIS/Device/ST/STM32F1xx/Include -I../Drivers/CMSIS/Include -O0 -ffunction-sections -fdata-sections -Wall -fstack-usage -fcyclomatic-complexity -MMD -MP -MF"Core/Src/User/motor.d" -MT"Core/Src/User/motor.o" --specs=nano.specs -mfloat-abi=soft -mthumb -o "Core/Src/User/motor.o"
arm-none-eabi-gcc "../Core/Src/gpio.c" -mcpu=cortex-m3 -std=gnu11 -g3 -DDEBUG -DUSE_HAL_DRIVER -DSTM32F103xB -c -I../Core/Inc -I../Drivers/STM32F1xx_HAL_Driver/Inc/Legacy -I../Drivers/STM32F1xx_HAL_Driver/Inc -I../Drivers/CMSIS/Device/ST/STM32F1xx/Include -I../Drivers/CMSIS/Include -O0 -ffunction-sections -fdata-sections -Wall -fstack-usage -fcyclomatic-complexity -MMD -MP -MF"Core/Src/gpio.d" -MT"Core/Src/gpio.o" --specs=nano.specs -mfloat-abi=soft -mthumb -o "Core/Src/gpio.o"
arm-none-eabi-gcc "../Core/Src/main.c" -mcpu=cortex-m3 -std=gnu11 -g3 -DDEBUG -DUSE_HAL_DRIVER -DSTM32F103xB -c -I../Core/Inc -I../Drivers/STM32F1xx_HAL_Driver/Inc/Legacy -I../Drivers/STM32F1xx_HAL_Driver/Inc -I../Drivers/CMSIS/Device/ST/STM32F1xx/Include -I../Drivers/CMSIS/Include -O0 -ffunction-sections -fdata-sections -Wall -fstack-usage -fcyclomatic-complexity -MMD -MP -MF"Core/Src/main.d" -MT"Core/Src/main.o" --specs=nano.specs -mfloat-abi=soft -mthumb -o "Core/Src/main.o"
arm-none-eabi-gcc "../Core/Src/stm32f1xx_hal_msp.c" -mcpu=cortex-m3 -std=gnu11 -g3 -DDEBUG -DUSE_HAL_DRIVER -DSTM32F103xB -c -I../Core/Inc -I../Drivers/STM32F1xx_HAL_Driver/Inc/Legacy -I../Drivers/STM32F1xx_HAL_Driver/Inc -I../Drivers/CMSIS/Device/ST/STM32F1xx/Include -I../Drivers/CMSIS/Include -O0 -ffunction-sections -fdata-sections -Wall -fstack-usage -fcyclomatic-complexity -MMD -MP -MF"Core/Src/stm32f1xx_hal_msp.d" -MT"Core/Src/stm32f1xx_hal_msp.o" --specs=nano.specs -mfloat-abi=soft -mthumb -o "Core/Src/stm32f1xx_hal_msp.o"
arm-none-eabi-gcc "../Core/Src/stm32f1xx_it.c" -mcpu=cortex-m3 -std=gnu11 -g3 -DDEBUG -DUSE_HAL_DRIVER -DSTM32F103xB -c -I../Core/Inc -I../Drivers/STM32F1xx_HAL_Driver/Inc/Legacy -I../Drivers/STM32F1xx_HAL_Driver/Inc -I../Drivers/CMSIS/Device/ST/STM32F1xx/Include -I../Drivers/CMSIS/Include -O0 -ffunction-sections -fdata-sections -Wall -fstack-usage -fcyclomatic-complexity -MMD -MP -MF"Core/Src/stm32f1xx_it.d" -MT"Core/Src/stm32f1xx_it.o" --specs=nano.specs -mfloat-abi=soft -mthumb -o "Core/Src/stm32f1xx_it.o"
../Core/Src/main.c: In function 'main':
../Core/Src/main.c:90:3: warning: implicit declaration of function 'motorSet' [-Wimplicit-function-declaration]
   90 |   motorSet(MOTOR_A, MOTOR_FORWARD, 1);
      |   ^~~~~~~~
arm-none-eabi-gcc -o "TB6612FNG.elf" @"objects.list"   -mcpu=cortex-m3 -T"C:\Users\28584\workspace\TB6612FNG\STM32F103C8TX_FLASH.ld" --specs=nosys.specs -Wl,-Map="TB6612FNG.map" -Wl,--gc-sections -static --specs=nano.specs -mfloat-abi=soft -mthumb -Wl,--start-group -lc -lm -Wl,--end-group
已结束构建目标： TB6612FNG.elf
 
arm-none-eabi-size  TB6612FNG.elf 
arm-none-eabi-objdump -h -S TB6612FNG.elf  > "TB6612FNG.list"
   text	   data	    bss	    dec	    hex	filename
   4864	     12	   1572	   6448	   1930	TB6612FNG.elf
已结束构建： default.size.stdout
 
已结束构建： TB6612FNG.list
 
19:39:05 **** Incremental Build of configuration Debug for project ws2812 ****
make -j16 all 
arm-none-eabi-size  ws2812.elf 
   text	   data	    bss	    dec	    hex	filename
  11132	     12	   3636	  14780	   39bc	ws2812.elf
已结束构建： default.size.stdout
 
19:41:34 **** Incremental Build of configuration Debug for project ws2812 ****
make -j16 all 
arm-none-eabi-gcc "../Core/Src/main.c" -mcpu=cortex-m3 -std=gnu11 -g3 -DDEBUG -DUSE_HAL_DRIVER -DSTM32F103xB -c -I../Core/Inc -I../Drivers/STM32F1xx_HAL_Driver/Inc/Legacy -I../Drivers/STM32F1xx_HAL_Driver/Inc -I../Drivers/CMSIS/Device/ST/STM32F1xx/Include -I../Drivers/CMSIS/Include -O0 -ffunction-sections -fdata-sections -Wall -fstack-usage -fcyclomatic-complexity -MMD -MP -MF"Core/Src/main.d" -MT"Core/Src/main.o" --specs=nano.specs -mfloat-abi=soft -mthumb -o "Core/Src/main.o"
arm-none-eabi-gcc -o "ws2812.elf" @"objects.list"   -mcpu=cortex-m3 -T"C:\Users\28584\workspace\ws2812\STM32F103C8TX_FLASH.ld" --specs=nosys.specs -Wl,-Map="ws2812.map" -Wl,--gc-sections -static --specs=nano.specs -mfloat-abi=soft -mthumb -Wl,--start-group -lc -lm -Wl,--end-group
已结束构建目标： ws2812.elf
 
arm-none-eabi-size  ws2812.elf 
arm-none-eabi-objdump -h -S ws2812.elf  > "ws2812.list"
   text	   data	    bss	    dec	    hex	filename
  10748	     12	   3636	  14396	   383c	ws2812.elf
已结束构建： default.size.stdout
 
已结束构建： ws2812.list
 
19:42:14 **** Incremental Build of configuration Debug for project ws2812 ****
make -j16 all 
arm-none-eabi-gcc "../Core/Src/main.c" -mcpu=cortex-m3 -std=gnu11 -g3 -DDEBUG -DUSE_HAL_DRIVER -DSTM32F103xB -c -I../Core/Inc -I../Drivers/STM32F1xx_HAL_Driver/Inc/Legacy -I../Drivers/STM32F1xx_HAL_Driver/Inc -I../Drivers/CMSIS/Device/ST/STM32F1xx/Include -I../Drivers/CMSIS/Include -O0 -ffunction-sections -fdata-sections -Wall -fstack-usage -fcyclomatic-complexity -MMD -MP -MF"Core/Src/main.d" -MT"Core/Src/main.o" --specs=nano.specs -mfloat-abi=soft -mthumb -o "Core/Src/main.o"
arm-none-eabi-gcc -o "ws2812.elf" @"objects.list"   -mcpu=cortex-m3 -T"C:\Users\28584\workspace\ws2812\STM32F103C8TX_FLASH.ld" --specs=nosys.specs -Wl,-Map="ws2812.map" -Wl,--gc-sections -static --specs=nano.specs -mfloat-abi=soft -mthumb -Wl,--start-group -lc -lm -Wl,--end-group
已结束构建目标： ws2812.elf
 
arm-none-eabi-size  ws2812.elf 
arm-none-eabi-objdump -h -S ws2812.elf  > "ws2812.list"
   text	   data	    bss	    dec	    hex	filename
  11132	     12	   3636	  14780	   39bc	ws2812.elf
已结束构建： default.size.stdout
 
已结束构建： ws2812.list
 
22:48:12 **** Incremental Build of configuration Debug for project TB6612FNG ****
make -j16 all 
arm-none-eabi-gcc "../Drivers/STM32F1xx_HAL_Driver/Src/stm32f1xx_hal.c" -mcpu=cortex-m3 -std=gnu11 -g3 -DDEBUG -DUSE_HAL_DRIVER -DSTM32F103xB -c -I../Core/Inc -I../Drivers/STM32F1xx_HAL_Driver/Inc/Legacy -I../Drivers/STM32F1xx_HAL_Driver/Inc -I../Drivers/CMSIS/Device/ST/STM32F1xx/Include -I../Drivers/CMSIS/Include -O0 -ffunction-sections -fdata-sections -Wall -fstack-usage -fcyclomatic-complexity -MMD -MP -MF"Drivers/STM32F1xx_HAL_Driver/Src/stm32f1xx_hal.d" -MT"Drivers/STM32F1xx_HAL_Driver/Src/stm32f1xx_hal.o" --specs=nano.specs -mfloat-abi=soft -mthumb -o "Drivers/STM32F1xx_HAL_Driver/Src/stm32f1xx_hal.o"
arm-none-eabi-gcc "../Drivers/STM32F1xx_HAL_Driver/Src/stm32f1xx_hal_cortex.c" -mcpu=cortex-m3 -std=gnu11 -g3 -DDEBUG -DUSE_HAL_DRIVER -DSTM32F103xB -c -I../Core/Inc -I../Drivers/STM32F1xx_HAL_Driver/Inc/Legacy -I../Drivers/STM32F1xx_HAL_Driver/Inc -I../Drivers/CMSIS/Device/ST/STM32F1xx/Include -I../Drivers/CMSIS/Include -O0 -ffunction-sections -fdata-sections -Wall -fstack-usage -fcyclomatic-complexity -MMD -MP -MF"Drivers/STM32F1xx_HAL_Driver/Src/stm32f1xx_hal_cortex.d" -MT"Drivers/STM32F1xx_HAL_Driver/Src/stm32f1xx_hal_cortex.o" --specs=nano.specs -mfloat-abi=soft -mthumb -o "Drivers/STM32F1xx_HAL_Driver/Src/stm32f1xx_hal_cortex.o"
arm-none-eabi-gcc "../Drivers/STM32F1xx_HAL_Driver/Src/stm32f1xx_hal_dma.c" -mcpu=cortex-m3 -std=gnu11 -g3 -DDEBUG -DUSE_HAL_DRIVER -DSTM32F103xB -c -I../Core/Inc -I../Drivers/STM32F1xx_HAL_Driver/Inc/Legacy -I../Drivers/STM32F1xx_HAL_Driver/Inc -I../Drivers/CMSIS/Device/ST/STM32F1xx/Include -I../Drivers/CMSIS/Include -O0 -ffunction-sections -fdata-sections -Wall -fstack-usage -fcyclomatic-complexity -MMD -MP -MF"Drivers/STM32F1xx_HAL_Driver/Src/stm32f1xx_hal_dma.d" -MT"Drivers/STM32F1xx_HAL_Driver/Src/stm32f1xx_hal_dma.o" --specs=nano.specs -mfloat-abi=soft -mthumb -o "Drivers/STM32F1xx_HAL_Driver/Src/stm32f1xx_hal_dma.o"
arm-none-eabi-gcc "../Drivers/STM32F1xx_HAL_Driver/Src/stm32f1xx_hal_exti.c" -mcpu=cortex-m3 -std=gnu11 -g3 -DDEBUG -DUSE_HAL_DRIVER -DSTM32F103xB -c -I../Core/Inc -I../Drivers/STM32F1xx_HAL_Driver/Inc/Legacy -I../Drivers/STM32F1xx_HAL_Driver/Inc -I../Drivers/CMSIS/Device/ST/STM32F1xx/Include -I../Drivers/CMSIS/Include -O0 -ffunction-sections -fdata-sections -Wall -fstack-usage -fcyclomatic-complexity -MMD -MP -MF"Drivers/STM32F1xx_HAL_Driver/Src/stm32f1xx_hal_exti.d" -MT"Drivers/STM32F1xx_HAL_Driver/Src/stm32f1xx_hal_exti.o" --specs=nano.specs -mfloat-abi=soft -mthumb -o "Drivers/STM32F1xx_HAL_Driver/Src/stm32f1xx_hal_exti.o"
arm-none-eabi-gcc "../Drivers/STM32F1xx_HAL_Driver/Src/stm32f1xx_hal_flash.c" -mcpu=cortex-m3 -std=gnu11 -g3 -DDEBUG -DUSE_HAL_DRIVER -DSTM32F103xB -c -I../Core/Inc -I../Drivers/STM32F1xx_HAL_Driver/Inc/Legacy -I../Drivers/STM32F1xx_HAL_Driver/Inc -I../Drivers/CMSIS/Device/ST/STM32F1xx/Include -I../Drivers/CMSIS/Include -O0 -ffunction-sections -fdata-sections -Wall -fstack-usage -fcyclomatic-complexity -MMD -MP -MF"Drivers/STM32F1xx_HAL_Driver/Src/stm32f1xx_hal_flash.d" -MT"Drivers/STM32F1xx_HAL_Driver/Src/stm32f1xx_hal_flash.o" --specs=nano.specs -mfloat-abi=soft -mthumb -o "Drivers/STM32F1xx_HAL_Driver/Src/stm32f1xx_hal_flash.o"
arm-none-eabi-gcc "../Drivers/STM32F1xx_HAL_Driver/Src/stm32f1xx_hal_flash_ex.c" -mcpu=cortex-m3 -std=gnu11 -g3 -DDEBUG -DUSE_HAL_DRIVER -DSTM32F103xB -c -I../Core/Inc -I../Drivers/STM32F1xx_HAL_Driver/Inc/Legacy -I../Drivers/STM32F1xx_HAL_Driver/Inc -I../Drivers/CMSIS/Device/ST/STM32F1xx/Include -I../Drivers/CMSIS/Include -O0 -ffunction-sections -fdata-sections -Wall -fstack-usage -fcyclomatic-complexity -MMD -MP -MF"Drivers/STM32F1xx_HAL_Driver/Src/stm32f1xx_hal_flash_ex.d" -MT"Drivers/STM32F1xx_HAL_Driver/Src/stm32f1xx_hal_flash_ex.o" --specs=nano.specs -mfloat-abi=soft -mthumb -o "Drivers/STM32F1xx_HAL_Driver/Src/stm32f1xx_hal_flash_ex.o"
arm-none-eabi-gcc "../Drivers/STM32F1xx_HAL_Driver/Src/stm32f1xx_hal_gpio.c" -mcpu=cortex-m3 -std=gnu11 -g3 -DDEBUG -DUSE_HAL_DRIVER -DSTM32F103xB -c -I../Core/Inc -I../Drivers/STM32F1xx_HAL_Driver/Inc/Legacy -I../Drivers/STM32F1xx_HAL_Driver/Inc -I../Drivers/CMSIS/Device/ST/STM32F1xx/Include -I../Drivers/CMSIS/Include -O0 -ffunction-sections -fdata-sections -Wall -fstack-usage -fcyclomatic-complexity -MMD -MP -MF"Drivers/STM32F1xx_HAL_Driver/Src/stm32f1xx_hal_gpio.d" -MT"Drivers/STM32F1xx_HAL_Driver/Src/stm32f1xx_hal_gpio.o" --specs=nano.specs -mfloat-abi=soft -mthumb -o "Drivers/STM32F1xx_HAL_Driver/Src/stm32f1xx_hal_gpio.o"
arm-none-eabi-gcc "../Drivers/STM32F1xx_HAL_Driver/Src/stm32f1xx_hal_gpio_ex.c" -mcpu=cortex-m3 -std=gnu11 -g3 -DDEBUG -DUSE_HAL_DRIVER -DSTM32F103xB -c -I../Core/Inc -I../Drivers/STM32F1xx_HAL_Driver/Inc/Legacy -I../Drivers/STM32F1xx_HAL_Driver/Inc -I../Drivers/CMSIS/Device/ST/STM32F1xx/Include -I../Drivers/CMSIS/Include -O0 -ffunction-sections -fdata-sections -Wall -fstack-usage -fcyclomatic-complexity -MMD -MP -MF"Drivers/STM32F1xx_HAL_Driver/Src/stm32f1xx_hal_gpio_ex.d" -MT"Drivers/STM32F1xx_HAL_Driver/Src/stm32f1xx_hal_gpio_ex.o" --specs=nano.specs -mfloat-abi=soft -mthumb -o "Drivers/STM32F1xx_HAL_Driver/Src/stm32f1xx_hal_gpio_ex.o"
arm-none-eabi-gcc "../Drivers/STM32F1xx_HAL_Driver/Src/stm32f1xx_hal_pwr.c" -mcpu=cortex-m3 -std=gnu11 -g3 -DDEBUG -DUSE_HAL_DRIVER -DSTM32F103xB -c -I../Core/Inc -I../Drivers/STM32F1xx_HAL_Driver/Inc/Legacy -I../Drivers/STM32F1xx_HAL_Driver/Inc -I../Drivers/CMSIS/Device/ST/STM32F1xx/Include -I../Drivers/CMSIS/Include -O0 -ffunction-sections -fdata-sections -Wall -fstack-usage -fcyclomatic-complexity -MMD -MP -MF"Drivers/STM32F1xx_HAL_Driver/Src/stm32f1xx_hal_pwr.d" -MT"Drivers/STM32F1xx_HAL_Driver/Src/stm32f1xx_hal_pwr.o" --specs=nano.specs -mfloat-abi=soft -mthumb -o "Drivers/STM32F1xx_HAL_Driver/Src/stm32f1xx_hal_pwr.o"
arm-none-eabi-gcc "../Drivers/STM32F1xx_HAL_Driver/Src/stm32f1xx_hal_rcc.c" -mcpu=cortex-m3 -std=gnu11 -g3 -DDEBUG -DUSE_HAL_DRIVER -DSTM32F103xB -c -I../Core/Inc -I../Drivers/STM32F1xx_HAL_Driver/Inc/Legacy -I../Drivers/STM32F1xx_HAL_Driver/Inc -I../Drivers/CMSIS/Device/ST/STM32F1xx/Include -I../Drivers/CMSIS/Include -O0 -ffunction-sections -fdata-sections -Wall -fstack-usage -fcyclomatic-complexity -MMD -MP -MF"Drivers/STM32F1xx_HAL_Driver/Src/stm32f1xx_hal_rcc.d" -MT"Drivers/STM32F1xx_HAL_Driver/Src/stm32f1xx_hal_rcc.o" --specs=nano.specs -mfloat-abi=soft -mthumb -o "Drivers/STM32F1xx_HAL_Driver/Src/stm32f1xx_hal_rcc.o"
arm-none-eabi-gcc "../Drivers/STM32F1xx_HAL_Driver/Src/stm32f1xx_hal_rcc_ex.c" -mcpu=cortex-m3 -std=gnu11 -g3 -DDEBUG -DUSE_HAL_DRIVER -DSTM32F103xB -c -I../Core/Inc -I../Drivers/STM32F1xx_HAL_Driver/Inc/Legacy -I../Drivers/STM32F1xx_HAL_Driver/Inc -I../Drivers/CMSIS/Device/ST/STM32F1xx/Include -I../Drivers/CMSIS/Include -O0 -ffunction-sections -fdata-sections -Wall -fstack-usage -fcyclomatic-complexity -MMD -MP -MF"Drivers/STM32F1xx_HAL_Driver/Src/stm32f1xx_hal_rcc_ex.d" -MT"Drivers/STM32F1xx_HAL_Driver/Src/stm32f1xx_hal_rcc_ex.o" --specs=nano.specs -mfloat-abi=soft -mthumb -o "Drivers/STM32F1xx_HAL_Driver/Src/stm32f1xx_hal_rcc_ex.o"
arm-none-eabi-gcc "../Drivers/STM32F1xx_HAL_Driver/Src/stm32f1xx_hal_tim.c" -mcpu=cortex-m3 -std=gnu11 -g3 -DDEBUG -DUSE_HAL_DRIVER -DSTM32F103xB -c -I../Core/Inc -I../Drivers/STM32F1xx_HAL_Driver/Inc/Legacy -I../Drivers/STM32F1xx_HAL_Driver/Inc -I../Drivers/CMSIS/Device/ST/STM32F1xx/Include -I../Drivers/CMSIS/Include -O0 -ffunction-sections -fdata-sections -Wall -fstack-usage -fcyclomatic-complexity -MMD -MP -MF"Drivers/STM32F1xx_HAL_Driver/Src/stm32f1xx_hal_tim.d" -MT"Drivers/STM32F1xx_HAL_Driver/Src/stm32f1xx_hal_tim.o" --specs=nano.specs -mfloat-abi=soft -mthumb -o "Drivers/STM32F1xx_HAL_Driver/Src/stm32f1xx_hal_tim.o"
arm-none-eabi-gcc "../Drivers/STM32F1xx_HAL_Driver/Src/stm32f1xx_hal_tim_ex.c" -mcpu=cortex-m3 -std=gnu11 -g3 -DDEBUG -DUSE_HAL_DRIVER -DSTM32F103xB -c -I../Core/Inc -I../Drivers/STM32F1xx_HAL_Driver/Inc/Legacy -I../Drivers/STM32F1xx_HAL_Driver/Inc -I../Drivers/CMSIS/Device/ST/STM32F1xx/Include -I../Drivers/CMSIS/Include -O0 -ffunction-sections -fdata-sections -Wall -fstack-usage -fcyclomatic-complexity -MMD -MP -MF"Drivers/STM32F1xx_HAL_Driver/Src/stm32f1xx_hal_tim_ex.d" -MT"Drivers/STM32F1xx_HAL_Driver/Src/stm32f1xx_hal_tim_ex.o" --specs=nano.specs -mfloat-abi=soft -mthumb -o "Drivers/STM32F1xx_HAL_Driver/Src/stm32f1xx_hal_tim_ex.o"
arm-none-eabi-gcc "../Core/Src/User/motor.c" -mcpu=cortex-m3 -std=gnu11 -g3 -DDEBUG -DUSE_HAL_DRIVER -DSTM32F103xB -c -I../Core/Inc -I../Drivers/STM32F1xx_HAL_Driver/Inc/Legacy -I../Drivers/STM32F1xx_HAL_Driver/Inc -I../Drivers/CMSIS/Device/ST/STM32F1xx/Include -I../Drivers/CMSIS/Include -O0 -ffunction-sections -fdata-sections -Wall -fstack-usage -fcyclomatic-complexity -MMD -MP -MF"Core/Src/User/motor.d" -MT"Core/Src/User/motor.o" --specs=nano.specs -mfloat-abi=soft -mthumb -o "Core/Src/User/motor.o"
arm-none-eabi-gcc "../Core/Src/gpio.c" -mcpu=cortex-m3 -std=gnu11 -g3 -DDEBUG -DUSE_HAL_DRIVER -DSTM32F103xB -c -I../Core/Inc -I../Drivers/STM32F1xx_HAL_Driver/Inc/Legacy -I../Drivers/STM32F1xx_HAL_Driver/Inc -I../Drivers/CMSIS/Device/ST/STM32F1xx/Include -I../Drivers/CMSIS/Include -O0 -ffunction-sections -fdata-sections -Wall -fstack-usage -fcyclomatic-complexity -MMD -MP -MF"Core/Src/gpio.d" -MT"Core/Src/gpio.o" --specs=nano.specs -mfloat-abi=soft -mthumb -o "Core/Src/gpio.o"
arm-none-eabi-gcc "../Core/Src/main.c" -mcpu=cortex-m3 -std=gnu11 -g3 -DDEBUG -DUSE_HAL_DRIVER -DSTM32F103xB -c -I../Core/Inc -I../Drivers/STM32F1xx_HAL_Driver/Inc/Legacy -I../Drivers/STM32F1xx_HAL_Driver/Inc -I../Drivers/CMSIS/Device/ST/STM32F1xx/Include -I../Drivers/CMSIS/Include -O0 -ffunction-sections -fdata-sections -Wall -fstack-usage -fcyclomatic-complexity -MMD -MP -MF"Core/Src/main.d" -MT"Core/Src/main.o" --specs=nano.specs -mfloat-abi=soft -mthumb -o "Core/Src/main.o"
arm-none-eabi-gcc "../Core/Src/stm32f1xx_hal_msp.c" -mcpu=cortex-m3 -std=gnu11 -g3 -DDEBUG -DUSE_HAL_DRIVER -DSTM32F103xB -c -I../Core/Inc -I../Drivers/STM32F1xx_HAL_Driver/Inc/Legacy -I../Drivers/STM32F1xx_HAL_Driver/Inc -I../Drivers/CMSIS/Device/ST/STM32F1xx/Include -I../Drivers/CMSIS/Include -O0 -ffunction-sections -fdata-sections -Wall -fstack-usage -fcyclomatic-complexity -MMD -MP -MF"Core/Src/stm32f1xx_hal_msp.d" -MT"Core/Src/stm32f1xx_hal_msp.o" --specs=nano.specs -mfloat-abi=soft -mthumb -o "Core/Src/stm32f1xx_hal_msp.o"
arm-none-eabi-gcc "../Core/Src/stm32f1xx_it.c" -mcpu=cortex-m3 -std=gnu11 -g3 -DDEBUG -DUSE_HAL_DRIVER -DSTM32F103xB -c -I../Core/Inc -I../Drivers/STM32F1xx_HAL_Driver/Inc/Legacy -I../Drivers/STM32F1xx_HAL_Driver/Inc -I../Drivers/CMSIS/Device/ST/STM32F1xx/Include -I../Drivers/CMSIS/Include -O0 -ffunction-sections -fdata-sections -Wall -fstack-usage -fcyclomatic-complexity -MMD -MP -MF"Core/Src/stm32f1xx_it.d" -MT"Core/Src/stm32f1xx_it.o" --specs=nano.specs -mfloat-abi=soft -mthumb -o "Core/Src/stm32f1xx_it.o"
../Core/Src/User/motor.c: In function 'motorSet':
../Core/Src/User/motor.c:44:9: warning: implicit declaration of function 'Set_PWM_DutyCycle' [-Wimplicit-function-declaration]
   44 |         Set_PWM_DutyCycle(speed);
      |         ^~~~~~~~~~~~~~~~~
../Core/Src/User/motor.c: In function 'Set_PWM_Frequency':
../Core/Src/User/motor.c:61:57: error: 'htim' undeclared (first use in this function); did you mean 'htim1'?
   61 |     uint32_t new_ccr = (current_ccr * (new_arr + 1)) / (htim.Instance->ARR + 1);
      |                                                         ^~~~
      |                                                         htim1
../Core/Src/User/motor.c:61:57: note: each undeclared identifier is reported only once for each function it appears in
../Core/Src/User/motor.c: At top level:
../Core/Src/User/motor.c:67:6: warning: conflicting types for 'Set_PWM_DutyCycle'; have 'void(uint16_t)' {aka 'void(short unsigned int)'}
   67 | void Set_PWM_DutyCycle(uint16_t duty)
      |      ^~~~~~~~~~~~~~~~~
../Core/Src/User/motor.c:44:9: note: previous implicit declaration of 'Set_PWM_DutyCycle' with type 'void(uint16_t)' {aka 'void(short unsigned int)'}
   44 |         Set_PWM_DutyCycle(speed);
      |         ^~~~~~~~~~~~~~~~~
In file included from ../Core/Inc/stm32f1xx_hal_conf.h:334,
                 from ../Drivers/STM32F1xx_HAL_Driver/Inc/stm32f1xx_hal.h:29,
                 from ../Core/Inc/main.h:30,
                 from ../Core/Inc/motor.h:11,
                 from ../Core/Src/User/motor.c:8:
../Core/Src/User/motor.c: In function 'Set_PWM_DutyCycle':
../Core/Src/User/motor.c:74:46: error: 'htim' undeclared (first use in this function); did you mean 'htim1'?
   74 |     uint32_t arr = __HAL_TIM_GET_AUTORELOAD(&htim);
      |                                              ^~~~
../Drivers/STM32F1xx_HAL_Driver/Inc/stm32f1xx_hal_tim.h:1308:49: note: in definition of macro '__HAL_TIM_GET_AUTORELOAD'
arm-none-eabi-gcc "../Core/Src/syscalls.c" -mcpu=cortex-m3 -std=gnu11 -g3 -DDEBUG -DUSE_HAL_DRIVER -DSTM32F103xB -c -I../Core/Inc -I../Drivers/STM32F1xx_HAL_Driver/Inc/Legacy -I../Drivers/STM32F1xx_HAL_Driver/Inc -I../Drivers/CMSIS/Device/ST/STM32F1xx/Include -I../Drivers/CMSIS/Include -O0 -ffunction-sections -fdata-sections -Wall -fstack-usage -fcyclomatic-complexity -MMD -MP -MF"Core/Src/syscalls.d" -MT"Core/Src/syscalls.o" --specs=nano.specs -mfloat-abi=soft -mthumb -o "Core/Src/syscalls.o"
 1308 | #define __HAL_TIM_GET_AUTORELOAD(__HANDLE__)  ((__HANDLE__)->Instance->ARR)
      |                                                 ^~~~~~~~~~
make: *** [Core/Src/User/subdir.mk:19: Core/Src/User/motor.o] Error 1
make: *** Waiting for unfinished jobs....
../Core/Src/main.c: In function 'main':
../Core/Src/main.c:92:3: warning: implicit declaration of function 'motorSet' [-Wimplicit-function-declaration]
   92 |   motorSet(MOTOR_A, MOTOR_FORWARD, 1);
      |   ^~~~~~~~
"make -j16 all" terminated with exit code 2. Build might be incomplete.
22:48:29 **** Incremental Build of configuration Debug for project TB6612FNG ****
make -j16 all 
arm-none-eabi-gcc "../Core/Src/User/motor.c" -mcpu=cortex-m3 -std=gnu11 -g3 -DDEBUG -DUSE_HAL_DRIVER -DSTM32F103xB -c -I../Core/Inc -I../Drivers/STM32F1xx_HAL_Driver/Inc/Legacy -I../Drivers/STM32F1xx_HAL_Driver/Inc -I../Drivers/CMSIS/Device/ST/STM32F1xx/Include -I../Drivers/CMSIS/Include -O0 -ffunction-sections -fdata-sections -Wall -fstack-usage -fcyclomatic-complexity -MMD -MP -MF"Core/Src/User/motor.d" -MT"Core/Src/User/motor.o" --specs=nano.specs -mfloat-abi=soft -mthumb -o "Core/Src/User/motor.o"
arm-none-eabi-gcc "../Core/Src/sysmem.c" -mcpu=cortex-m3 -std=gnu11 -g3 -DDEBUG -DUSE_HAL_DRIVER -DSTM32F103xB -c -I../Core/Inc -I../Drivers/STM32F1xx_HAL_Driver/Inc/Legacy -I../Drivers/STM32F1xx_HAL_Driver/Inc -I../Drivers/CMSIS/Device/ST/STM32F1xx/Include -I../Drivers/CMSIS/Include -O0 -ffunction-sections -fdata-sections -Wall -fstack-usage -fcyclomatic-complexity -MMD -MP -MF"Core/Src/sysmem.d" -MT"Core/Src/sysmem.o" --specs=nano.specs -mfloat-abi=soft -mthumb -o "Core/Src/sysmem.o"
arm-none-eabi-gcc "../Core/Src/system_stm32f1xx.c" -mcpu=cortex-m3 -std=gnu11 -g3 -DDEBUG -DUSE_HAL_DRIVER -DSTM32F103xB -c -I../Core/Inc -I../Drivers/STM32F1xx_HAL_Driver/Inc/Legacy -I../Drivers/STM32F1xx_HAL_Driver/Inc -I../Drivers/CMSIS/Device/ST/STM32F1xx/Include -I../Drivers/CMSIS/Include -O0 -ffunction-sections -fdata-sections -Wall -fstack-usage -fcyclomatic-complexity -MMD -MP -MF"Core/Src/system_stm32f1xx.d" -MT"Core/Src/system_stm32f1xx.o" --specs=nano.specs -mfloat-abi=soft -mthumb -o "Core/Src/system_stm32f1xx.o"
arm-none-eabi-gcc "../Core/Src/tim.c" -mcpu=cortex-m3 -std=gnu11 -g3 -DDEBUG -DUSE_HAL_DRIVER -DSTM32F103xB -c -I../Core/Inc -I../Drivers/STM32F1xx_HAL_Driver/Inc/Legacy -I../Drivers/STM32F1xx_HAL_Driver/Inc -I../Drivers/CMSIS/Device/ST/STM32F1xx/Include -I../Drivers/CMSIS/Include -O0 -ffunction-sections -fdata-sections -Wall -fstack-usage -fcyclomatic-complexity -MMD -MP -MF"Core/Src/tim.d" -MT"Core/Src/tim.o" --specs=nano.specs -mfloat-abi=soft -mthumb -o "Core/Src/tim.o"
../Core/Src/User/motor.c: In function 'motorSet':
../Core/Src/User/motor.c:44:9: warning: implicit declaration of function 'Set_PWM_DutyCycle' [-Wimplicit-function-declaration]
   44 |         Set_PWM_DutyCycle(speed);
      |         ^~~~~~~~~~~~~~~~~
../Core/Src/User/motor.c: At top level:
../Core/Src/User/motor.c:67:6: warning: conflicting types for 'Set_PWM_DutyCycle'; have 'void(uint16_t)' {aka 'void(short unsigned int)'}
   67 | void Set_PWM_DutyCycle(uint16_t duty)
      |      ^~~~~~~~~~~~~~~~~
../Core/Src/User/motor.c:44:9: note: previous implicit declaration of 'Set_PWM_DutyCycle' with type 'void(uint16_t)' {aka 'void(short unsigned int)'}
   44 |         Set_PWM_DutyCycle(speed);
      |         ^~~~~~~~~~~~~~~~~
arm-none-eabi-gcc -o "TB6612FNG.elf" @"objects.list"   -mcpu=cortex-m3 -T"C:\Users\28584\workspace\TB6612FNG\STM32F103C8TX_FLASH.ld" --specs=nosys.specs -Wl,-Map="TB6612FNG.map" -Wl,--gc-sections -static --specs=nano.specs -mfloat-abi=soft -mthumb -Wl,--start-group -lc -lm -Wl,--end-group
已结束构建目标： TB6612FNG.elf
 
arm-none-eabi-size  TB6612FNG.elf 
arm-none-eabi-objdump -h -S TB6612FNG.elf  > "TB6612FNG.list"
   text	   data	    bss	    dec	    hex	filename
   7640	     12	   1644	   9296	   2450	TB6612FNG.elf
已结束构建： default.size.stdout
 
已结束构建： TB6612FNG.list
 
22:49:35 **** Incremental Build of configuration Debug for project TB6612FNG ****
make -j16 all 
arm-none-eabi-gcc "../Core/Src/main.c" -mcpu=cortex-m3 -std=gnu11 -g3 -DDEBUG -DUSE_HAL_DRIVER -DSTM32F103xB -c -I../Core/Inc -I../Drivers/STM32F1xx_HAL_Driver/Inc/Legacy -I../Drivers/STM32F1xx_HAL_Driver/Inc -I../Drivers/CMSIS/Device/ST/STM32F1xx/Include -I../Drivers/CMSIS/Include -O0 -ffunction-sections -fdata-sections -Wall -fstack-usage -fcyclomatic-complexity -MMD -MP -MF"Core/Src/main.d" -MT"Core/Src/main.o" --specs=nano.specs -mfloat-abi=soft -mthumb -o "Core/Src/main.o"
../Core/Src/main.c: In function 'main':
../Core/Src/main.c:92:3: warning: implicit declaration of function 'motorSet' [-Wimplicit-function-declaration]
   92 |   motorSet(MOTOR_A, MOTOR_FORWARD, 1000);
      |   ^~~~~~~~
arm-none-eabi-gcc -o "TB6612FNG.elf" @"objects.list"   -mcpu=cortex-m3 -T"C:\Users\28584\workspace\TB6612FNG\STM32F103C8TX_FLASH.ld" --specs=nosys.specs -Wl,-Map="TB6612FNG.map" -Wl,--gc-sections -static --specs=nano.specs -mfloat-abi=soft -mthumb -Wl,--start-group -lc -lm -Wl,--end-group
已结束构建目标： TB6612FNG.elf
 
arm-none-eabi-size  TB6612FNG.elf 
arm-none-eabi-objdump -h -S TB6612FNG.elf  > "TB6612FNG.list"
   text	   data	    bss	    dec	    hex	filename
   7644	     12	   1644	   9300	   2454	TB6612FNG.elf
已结束构建： default.size.stdout
 
已结束构建： TB6612FNG.list
 
22:53:18 **** Incremental Build of configuration Debug for project TB6612FNG ****
make -j16 all 
arm-none-eabi-gcc "../Core/Src/main.c" -mcpu=cortex-m3 -std=gnu11 -g3 -DDEBUG -DUSE_HAL_DRIVER -DSTM32F103xB -c -I../Core/Inc -I../Drivers/STM32F1xx_HAL_Driver/Inc/Legacy -I../Drivers/STM32F1xx_HAL_Driver/Inc -I../Drivers/CMSIS/Device/ST/STM32F1xx/Include -I../Drivers/CMSIS/Include -O0 -ffunction-sections -fdata-sections -Wall -fstack-usage -fcyclomatic-complexity -MMD -MP -MF"Core/Src/main.d" -MT"Core/Src/main.o" --specs=nano.specs -mfloat-abi=soft -mthumb -o "Core/Src/main.o"
../Core/Src/main.c: In function 'main':
../Core/Src/main.c:92:3: warning: implicit declaration of function 'motorSet' [-Wimplicit-function-declaration]
   92 |   motorSet(MOTOR_A, MOTOR_FORWARD, 20);
      |   ^~~~~~~~
arm-none-eabi-gcc -o "TB6612FNG.elf" @"objects.list"   -mcpu=cortex-m3 -T"C:\Users\28584\workspace\TB6612FNG\STM32F103C8TX_FLASH.ld" --specs=nosys.specs -Wl,-Map="TB6612FNG.map" -Wl,--gc-sections -static --specs=nano.specs -mfloat-abi=soft -mthumb -Wl,--start-group -lc -lm -Wl,--end-group
已结束构建目标： TB6612FNG.elf
 
arm-none-eabi-size  TB6612FNG.elf 
arm-none-eabi-objdump -h -S TB6612FNG.elf  > "TB6612FNG.list"
   text	   data	    bss	    dec	    hex	filename
   7640	     12	   1644	   9296	   2450	TB6612FNG.elf
已结束构建： default.size.stdout
 
已结束构建： TB6612FNG.list
 
22:53:54 **** Incremental Build of configuration Debug for project TB6612FNG ****
make -j16 all 
arm-none-eabi-gcc "../Core/Src/main.c" -mcpu=cortex-m3 -std=gnu11 -g3 -DDEBUG -DUSE_HAL_DRIVER -DSTM32F103xB -c -I../Core/Inc -I../Drivers/STM32F1xx_HAL_Driver/Inc/Legacy -I../Drivers/STM32F1xx_HAL_Driver/Inc -I../Drivers/CMSIS/Device/ST/STM32F1xx/Include -I../Drivers/CMSIS/Include -O0 -ffunction-sections -fdata-sections -Wall -fstack-usage -fcyclomatic-complexity -MMD -MP -MF"Core/Src/main.d" -MT"Core/Src/main.o" --specs=nano.specs -mfloat-abi=soft -mthumb -o "Core/Src/main.o"
../Core/Src/main.c: In function 'main':
../Core/Src/main.c:92:3: warning: implicit declaration of function 'motorSet' [-Wimplicit-function-declaration]
   92 |   motorSet(MOTOR_A, MOTOR_FORWARD, 300);
      |   ^~~~~~~~
arm-none-eabi-gcc -o "TB6612FNG.elf" @"objects.list"   -mcpu=cortex-m3 -T"C:\Users\28584\workspace\TB6612FNG\STM32F103C8TX_FLASH.ld" --specs=nosys.specs -Wl,-Map="TB6612FNG.map" -Wl,--gc-sections -static --specs=nano.specs -mfloat-abi=soft -mthumb -Wl,--start-group -lc -lm -Wl,--end-group
已结束构建目标： TB6612FNG.elf
 
arm-none-eabi-size  TB6612FNG.elf 
arm-none-eabi-objdump -h -S TB6612FNG.elf  > "TB6612FNG.list"
   text	   data	    bss	    dec	    hex	filename
   7644	     12	   1644	   9300	   2454	TB6612FNG.elf
已结束构建： default.size.stdout
 
已结束构建： TB6612FNG.list
 
22:54:15 **** Incremental Build of configuration Debug for project TB6612FNG ****
make -j16 all 
arm-none-eabi-gcc "../Core/Src/main.c" -mcpu=cortex-m3 -std=gnu11 -g3 -DDEBUG -DUSE_HAL_DRIVER -DSTM32F103xB -c -I../Core/Inc -I../Drivers/STM32F1xx_HAL_Driver/Inc/Legacy -I../Drivers/STM32F1xx_HAL_Driver/Inc -I../Drivers/CMSIS/Device/ST/STM32F1xx/Include -I../Drivers/CMSIS/Include -O0 -ffunction-sections -fdata-sections -Wall -fstack-usage -fcyclomatic-complexity -MMD -MP -MF"Core/Src/main.d" -MT"Core/Src/main.o" --specs=nano.specs -mfloat-abi=soft -mthumb -o "Core/Src/main.o"
../Core/Src/main.c: In function 'main':
../Core/Src/main.c:92:3: warning: implicit declaration of function 'motorSet' [-Wimplicit-function-declaration]
   92 |   motorSet(MOTOR_A, MOTOR_FORWARD, 500);
      |   ^~~~~~~~
arm-none-eabi-gcc -o "TB6612FNG.elf" @"objects.list"   -mcpu=cortex-m3 -T"C:\Users\28584\workspace\TB6612FNG\STM32F103C8TX_FLASH.ld" --specs=nosys.specs -Wl,-Map="TB6612FNG.map" -Wl,--gc-sections -static --specs=nano.specs -mfloat-abi=soft -mthumb -Wl,--start-group -lc -lm -Wl,--end-group
已结束构建目标： TB6612FNG.elf
 
arm-none-eabi-size  TB6612FNG.elf 
arm-none-eabi-objdump -h -S TB6612FNG.elf  > "TB6612FNG.list"
   text	   data	    bss	    dec	    hex	filename
   7644	     12	   1644	   9300	   2454	TB6612FNG.elf
已结束构建： default.size.stdout
 
已结束构建： TB6612FNG.list
 
22:54:32 **** Incremental Build of configuration Debug for project TB6612FNG ****
make -j16 all 
arm-none-eabi-gcc "../Core/Src/main.c" -mcpu=cortex-m3 -std=gnu11 -g3 -DDEBUG -DUSE_HAL_DRIVER -DSTM32F103xB -c -I../Core/Inc -I../Drivers/STM32F1xx_HAL_Driver/Inc/Legacy -I../Drivers/STM32F1xx_HAL_Driver/Inc -I../Drivers/CMSIS/Device/ST/STM32F1xx/Include -I../Drivers/CMSIS/Include -O0 -ffunction-sections -fdata-sections -Wall -fstack-usage -fcyclomatic-complexity -MMD -MP -MF"Core/Src/main.d" -MT"Core/Src/main.o" --specs=nano.specs -mfloat-abi=soft -mthumb -o "Core/Src/main.o"
../Core/Src/main.c: In function 'main':
../Core/Src/main.c:92:3: warning: implicit declaration of function 'motorSet' [-Wimplicit-function-declaration]
   92 |   motorSet(MOTOR_A, MOTOR_FORWARD, 400);
      |   ^~~~~~~~
arm-none-eabi-gcc -o "TB6612FNG.elf" @"objects.list"   -mcpu=cortex-m3 -T"C:\Users\28584\workspace\TB6612FNG\STM32F103C8TX_FLASH.ld" --specs=nosys.specs -Wl,-Map="TB6612FNG.map" -Wl,--gc-sections -static --specs=nano.specs -mfloat-abi=soft -mthumb -Wl,--start-group -lc -lm -Wl,--end-group
已结束构建目标： TB6612FNG.elf
 
arm-none-eabi-size  TB6612FNG.elf 
arm-none-eabi-objdump -h -S TB6612FNG.elf  > "TB6612FNG.list"
   text	   data	    bss	    dec	    hex	filename
   7644	     12	   1644	   9300	   2454	TB6612FNG.elf
已结束构建： default.size.stdout
 
已结束构建： TB6612FNG.list
 
22:56:50 **** Incremental Build of configuration Debug for project TB6612FNG ****
make -j16 all 
arm-none-eabi-gcc "../Core/Src/User/motor.c" -mcpu=cortex-m3 -std=gnu11 -g3 -DDEBUG -DUSE_HAL_DRIVER -DSTM32F103xB -c -I../Core/Inc -I../Drivers/STM32F1xx_HAL_Driver/Inc/Legacy -I../Drivers/STM32F1xx_HAL_Driver/Inc -I../Drivers/CMSIS/Device/ST/STM32F1xx/Include -I../Drivers/CMSIS/Include -O0 -ffunction-sections -fdata-sections -Wall -fstack-usage -fcyclomatic-complexity -MMD -MP -MF"Core/Src/User/motor.d" -MT"Core/Src/User/motor.o" --specs=nano.specs -mfloat-abi=soft -mthumb -o "Core/Src/User/motor.o"
arm-none-eabi-gcc "../Core/Src/main.c" -mcpu=cortex-m3 -std=gnu11 -g3 -DDEBUG -DUSE_HAL_DRIVER -DSTM32F103xB -c -I../Core/Inc -I../Drivers/STM32F1xx_HAL_Driver/Inc/Legacy -I../Drivers/STM32F1xx_HAL_Driver/Inc -I../Drivers/CMSIS/Device/ST/STM32F1xx/Include -I../Drivers/CMSIS/Include -O0 -ffunction-sections -fdata-sections -Wall -fstack-usage -fcyclomatic-complexity -MMD -MP -MF"Core/Src/main.d" -MT"Core/Src/main.o" --specs=nano.specs -mfloat-abi=soft -mthumb -o "Core/Src/main.o"
../Core/Src/main.c: In function 'main':
../Core/Src/main.c:92:3: warning: implicit declaration of function 'motorSet' [-Wimplicit-function-declaration]
   92 |   motorSet(MOTOR_A, MOTOR_FORWARD, 400);
      |   ^~~~~~~~
../Core/Src/User/motor.c: In function 'motorSet':
../Core/Src/User/motor.c:44:9: warning: implicit declaration of function 'Set_PWM_DutyCycle' [-Wimplicit-function-declaration]
   44 |         Set_PWM_DutyCycle(speed);
      |         ^~~~~~~~~~~~~~~~~
../Core/Src/User/motor.c: At top level:
../Core/Src/User/motor.c:67:6: warning: conflicting types for 'Set_PWM_DutyCycle'; have 'void(uint16_t)' {aka 'void(short unsigned int)'}
   67 | void Set_PWM_DutyCycle(uint16_t duty)
      |      ^~~~~~~~~~~~~~~~~
../Core/Src/User/motor.c:44:9: note: previous implicit declaration of 'Set_PWM_DutyCycle' with type 'void(uint16_t)' {aka 'void(short unsigned int)'}
   44 |         Set_PWM_DutyCycle(speed);
      |         ^~~~~~~~~~~~~~~~~
../Core/Src/main.c:100:11: warning: implicit declaration of function 'Set_PWM_Frequency' [-Wimplicit-function-declaration]
  100 |           Set_PWM_Frequency(a);
      |           ^~~~~~~~~~~~~~~~~
arm-none-eabi-gcc -o "TB6612FNG.elf" @"objects.list"   -mcpu=cortex-m3 -T"C:\Users\28584\workspace\TB6612FNG\STM32F103C8TX_FLASH.ld" --specs=nosys.specs -Wl,-Map="TB6612FNG.map" -Wl,--gc-sections -static --specs=nano.specs -mfloat-abi=soft -mthumb -Wl,--start-group -lc -lm -Wl,--end-group
已结束构建目标： TB6612FNG.elf
 
arm-none-eabi-size  TB6612FNG.elf 
arm-none-eabi-objdump -h -S TB6612FNG.elf  > "TB6612FNG.list"
   text	   data	    bss	    dec	    hex	filename
   7860	     12	   1644	   9516	   252c	TB6612FNG.elf
已结束构建： default.size.stdout
 
已结束构建： TB6612FNG.list
 
22:57:21 **** Incremental Build of configuration Debug for project TB6612FNG ****
make -j16 all 
arm-none-eabi-gcc "../Core/Src/main.c" -mcpu=cortex-m3 -std=gnu11 -g3 -DDEBUG -DUSE_HAL_DRIVER -DSTM32F103xB -c -I../Core/Inc -I../Drivers/STM32F1xx_HAL_Driver/Inc/Legacy -I../Drivers/STM32F1xx_HAL_Driver/Inc -I../Drivers/CMSIS/Device/ST/STM32F1xx/Include -I../Drivers/CMSIS/Include -O0 -ffunction-sections -fdata-sections -Wall -fstack-usage -fcyclomatic-complexity -MMD -MP -MF"Core/Src/main.d" -MT"Core/Src/main.o" --specs=nano.specs -mfloat-abi=soft -mthumb -o "Core/Src/main.o"
../Core/Src/main.c: In function 'main':
../Core/Src/main.c:92:3: warning: implicit declaration of function 'motorSet' [-Wimplicit-function-declaration]
   92 |   motorSet(MOTOR_A, MOTOR_FORWARD, 400);
      |   ^~~~~~~~
../Core/Src/main.c:100:11: warning: implicit declaration of function 'Set_PWM_Frequency' [-Wimplicit-function-declaration]
  100 |           Set_PWM_Frequency(a);
      |           ^~~~~~~~~~~~~~~~~
arm-none-eabi-gcc -o "TB6612FNG.elf" @"objects.list"   -mcpu=cortex-m3 -T"C:\Users\28584\workspace\TB6612FNG\STM32F103C8TX_FLASH.ld" --specs=nosys.specs -Wl,-Map="TB6612FNG.map" -Wl,--gc-sections -static --specs=nano.specs -mfloat-abi=soft -mthumb -Wl,--start-group -lc -lm -Wl,--end-group
已结束构建目标： TB6612FNG.elf
 
arm-none-eabi-size  TB6612FNG.elf 
arm-none-eabi-objdump -h -S TB6612FNG.elf  > "TB6612FNG.list"
   text	   data	    bss	    dec	    hex	filename
   7860	     12	   1644	   9516	   252c	TB6612FNG.elf
已结束构建： default.size.stdout
 
已结束构建： TB6612FNG.list
 
22:57:33 **** Incremental Build of configuration Debug for project TB6612FNG ****
make -j16 all 
arm-none-eabi-gcc "../Core/Src/main.c" -mcpu=cortex-m3 -std=gnu11 -g3 -DDEBUG -DUSE_HAL_DRIVER -DSTM32F103xB -c -I../Core/Inc -I../Drivers/STM32F1xx_HAL_Driver/Inc/Legacy -I../Drivers/STM32F1xx_HAL_Driver/Inc -I../Drivers/CMSIS/Device/ST/STM32F1xx/Include -I../Drivers/CMSIS/Include -O0 -ffunction-sections -fdata-sections -Wall -fstack-usage -fcyclomatic-complexity -MMD -MP -MF"Core/Src/main.d" -MT"Core/Src/main.o" --specs=nano.specs -mfloat-abi=soft -mthumb -o "Core/Src/main.o"
../Core/Src/main.c: In function 'main':
../Core/Src/main.c:92:3: warning: implicit declaration of function 'motorSet' [-Wimplicit-function-declaration]
   92 |   motorSet(MOTOR_A, MOTOR_FORWARD, 400);
      |   ^~~~~~~~
../Core/Src/main.c:100:11: warning: implicit declaration of function 'Set_PWM_Frequency' [-Wimplicit-function-declaration]
  100 |           Set_PWM_Frequency(a);
      |           ^~~~~~~~~~~~~~~~~
../Core/Src/main.c:102:14: error: expected ';' before '}' token
  102 |           a++
      |              ^
      |              ;
......
  106 |   }
      |   ~           
make: *** [Core/Src/subdir.mk:40: Core/Src/main.o] Error 1
"make -j16 all" terminated with exit code 2. Build might be incomplete.
22:57:40 **** Incremental Build of configuration Debug for project TB6612FNG ****
make -j16 all 
arm-none-eabi-gcc "../Core/Src/main.c" -mcpu=cortex-m3 -std=gnu11 -g3 -DDEBUG -DUSE_HAL_DRIVER -DSTM32F103xB -c -I../Core/Inc -I../Drivers/STM32F1xx_HAL_Driver/Inc/Legacy -I../Drivers/STM32F1xx_HAL_Driver/Inc -I../Drivers/CMSIS/Device/ST/STM32F1xx/Include -I../Drivers/CMSIS/Include -O0 -ffunction-sections -fdata-sections -Wall -fstack-usage -fcyclomatic-complexity -MMD -MP -MF"Core/Src/main.d" -MT"Core/Src/main.o" --specs=nano.specs -mfloat-abi=soft -mthumb -o "Core/Src/main.o"
../Core/Src/main.c: In function 'main':
../Core/Src/main.c:92:3: warning: implicit declaration of function 'motorSet' [-Wimplicit-function-declaration]
   92 |   motorSet(MOTOR_A, MOTOR_FORWARD, 400);
      |   ^~~~~~~~
../Core/Src/main.c:100:11: warning: implicit declaration of function 'Set_PWM_Frequency' [-Wimplicit-function-declaration]
  100 |           Set_PWM_Frequency(a);
      |           ^~~~~~~~~~~~~~~~~
arm-none-eabi-gcc -o "TB6612FNG.elf" @"objects.list"   -mcpu=cortex-m3 -T"C:\Users\28584\workspace\TB6612FNG\STM32F103C8TX_FLASH.ld" --specs=nosys.specs -Wl,-Map="TB6612FNG.map" -Wl,--gc-sections -static --specs=nano.specs -mfloat-abi=soft -mthumb -Wl,--start-group -lc -lm -Wl,--end-group
已结束构建目标： TB6612FNG.elf
 
arm-none-eabi-size  TB6612FNG.elf 
arm-none-eabi-objdump -h -S TB6612FNG.elf  > "TB6612FNG.list"
   text	   data	    bss	    dec	    hex	filename
   7864	     12	   1644	   9520	   2530	TB6612FNG.elf
已结束构建： default.size.stdout
 
已结束构建： TB6612FNG.list
 
22:58:38 **** Incremental Build of configuration Debug for project TB6612FNG ****
make -j16 all 
arm-none-eabi-gcc "../Core/Src/main.c" -mcpu=cortex-m3 -std=gnu11 -g3 -DDEBUG -DUSE_HAL_DRIVER -DSTM32F103xB -c -I../Core/Inc -I../Drivers/STM32F1xx_HAL_Driver/Inc/Legacy -I../Drivers/STM32F1xx_HAL_Driver/Inc -I../Drivers/CMSIS/Device/ST/STM32F1xx/Include -I../Drivers/CMSIS/Include -O0 -ffunction-sections -fdata-sections -Wall -fstack-usage -fcyclomatic-complexity -MMD -MP -MF"Core/Src/main.d" -MT"Core/Src/main.o" --specs=nano.specs -mfloat-abi=soft -mthumb -o "Core/Src/main.o"
../Core/Src/main.c: In function 'main':
../Core/Src/main.c:92:3: warning: implicit declaration of function 'motorSet' [-Wimplicit-function-declaration]
   92 |   motorSet(MOTOR_A, MOTOR_FORWARD, 400);
      |   ^~~~~~~~
../Core/Src/main.c:100:11: warning: implicit declaration of function 'Set_PWM_Frequency' [-Wimplicit-function-declaration]
  100 |           Set_PWM_Frequency(a);
      |           ^~~~~~~~~~~~~~~~~
arm-none-eabi-gcc -o "TB6612FNG.elf" @"objects.list"   -mcpu=cortex-m3 -T"C:\Users\28584\workspace\TB6612FNG\STM32F103C8TX_FLASH.ld" --specs=nosys.specs -Wl,-Map="TB6612FNG.map" -Wl,--gc-sections -static --specs=nano.specs -mfloat-abi=soft -mthumb -Wl,--start-group -lc -lm -Wl,--end-group
已结束构建目标： TB6612FNG.elf
 
arm-none-eabi-size  TB6612FNG.elf 
arm-none-eabi-objdump -h -S TB6612FNG.elf  > "TB6612FNG.list"
   text	   data	    bss	    dec	    hex	filename
   7864	     12	   1644	   9520	   2530	TB6612FNG.elf
已结束构建： default.size.stdout
 
已结束构建： TB6612FNG.list
 
22:59:04 **** Incremental Build of configuration Debug for project TB6612FNG ****
make -j16 all 
arm-none-eabi-gcc "../Core/Src/main.c" -mcpu=cortex-m3 -std=gnu11 -g3 -DDEBUG -DUSE_HAL_DRIVER -DSTM32F103xB -c -I../Core/Inc -I../Drivers/STM32F1xx_HAL_Driver/Inc/Legacy -I../Drivers/STM32F1xx_HAL_Driver/Inc -I../Drivers/CMSIS/Device/ST/STM32F1xx/Include -I../Drivers/CMSIS/Include -O0 -ffunction-sections -fdata-sections -Wall -fstack-usage -fcyclomatic-complexity -MMD -MP -MF"Core/Src/main.d" -MT"Core/Src/main.o" --specs=nano.specs -mfloat-abi=soft -mthumb -o "Core/Src/main.o"
../Core/Src/main.c: In function 'main':
../Core/Src/main.c:92:3: warning: implicit declaration of function 'motorSet' [-Wimplicit-function-declaration]
   92 |   motorSet(MOTOR_A, MOTOR_FORWARD, 400);
      |   ^~~~~~~~
../Core/Src/main.c:100:11: warning: implicit declaration of function 'Set_PWM_Frequency' [-Wimplicit-function-declaration]
  100 |           Set_PWM_Frequency(a);
      |           ^~~~~~~~~~~~~~~~~
arm-none-eabi-gcc -o "TB6612FNG.elf" @"objects.list"   -mcpu=cortex-m3 -T"C:\Users\28584\workspace\TB6612FNG\STM32F103C8TX_FLASH.ld" --specs=nosys.specs -Wl,-Map="TB6612FNG.map" -Wl,--gc-sections -static --specs=nano.specs -mfloat-abi=soft -mthumb -Wl,--start-group -lc -lm -Wl,--end-group
已结束构建目标： TB6612FNG.elf
 
arm-none-eabi-size  TB6612FNG.elf 
arm-none-eabi-objdump -h -S TB6612FNG.elf  > "TB6612FNG.list"
   text	   data	    bss	    dec	    hex	filename
   7864	     12	   1644	   9520	   2530	TB6612FNG.elf
已结束构建： default.size.stdout
 
已结束构建： TB6612FNG.list
 
22:59:10 **** Incremental Build of configuration Debug for project TB6612FNG ****
make -j16 all 
arm-none-eabi-gcc "../Core/Src/main.c" -mcpu=cortex-m3 -std=gnu11 -g3 -DDEBUG -DUSE_HAL_DRIVER -DSTM32F103xB -c -I../Core/Inc -I../Drivers/STM32F1xx_HAL_Driver/Inc/Legacy -I../Drivers/STM32F1xx_HAL_Driver/Inc -I../Drivers/CMSIS/Device/ST/STM32F1xx/Include -I../Drivers/CMSIS/Include -O0 -ffunction-sections -fdata-sections -Wall -fstack-usage -fcyclomatic-complexity -MMD -MP -MF"Core/Src/main.d" -MT"Core/Src/main.o" --specs=nano.specs -mfloat-abi=soft -mthumb -o "Core/Src/main.o"
../Core/Src/main.c: In function 'main':
../Core/Src/main.c:92:3: warning: implicit declaration of function 'motorSet' [-Wimplicit-function-declaration]
   92 |   motorSet(MOTOR_A, MOTOR_FORWARD, 420);
      |   ^~~~~~~~
../Core/Src/main.c:100:11: warning: implicit declaration of function 'Set_PWM_Frequency' [-Wimplicit-function-declaration]
  100 |           Set_PWM_Frequency(a);
      |           ^~~~~~~~~~~~~~~~~
arm-none-eabi-gcc -o "TB6612FNG.elf" @"objects.list"   -mcpu=cortex-m3 -T"C:\Users\28584\workspace\TB6612FNG\STM32F103C8TX_FLASH.ld" --specs=nosys.specs -Wl,-Map="TB6612FNG.map" -Wl,--gc-sections -static --specs=nano.specs -mfloat-abi=soft -mthumb -Wl,--start-group -lc -lm -Wl,--end-group
已结束构建目标： TB6612FNG.elf
 
arm-none-eabi-size  TB6612FNG.elf 
arm-none-eabi-objdump -h -S TB6612FNG.elf  > "TB6612FNG.list"
   text	   data	    bss	    dec	    hex	filename
   7864	     12	   1644	   9520	   2530	TB6612FNG.elf
已结束构建： default.size.stdout
 
已结束构建： TB6612FNG.list
 
22:59:26 **** Incremental Build of configuration Debug for project TB6612FNG ****
make -j16 all 
arm-none-eabi-gcc "../Core/Src/main.c" -mcpu=cortex-m3 -std=gnu11 -g3 -DDEBUG -DUSE_HAL_DRIVER -DSTM32F103xB -c -I../Core/Inc -I../Drivers/STM32F1xx_HAL_Driver/Inc/Legacy -I../Drivers/STM32F1xx_HAL_Driver/Inc -I../Drivers/CMSIS/Device/ST/STM32F1xx/Include -I../Drivers/CMSIS/Include -O0 -ffunction-sections -fdata-sections -Wall -fstack-usage -fcyclomatic-complexity -MMD -MP -MF"Core/Src/main.d" -MT"Core/Src/main.o" --specs=nano.specs -mfloat-abi=soft -mthumb -o "Core/Src/main.o"
../Core/Src/main.c: In function 'main':
../Core/Src/main.c:92:3: warning: implicit declaration of function 'motorSet' [-Wimplicit-function-declaration]
   92 |   motorSet(MOTOR_A, MOTOR_FORWARD, 410);
      |   ^~~~~~~~
../Core/Src/main.c:100:11: warning: implicit declaration of function 'Set_PWM_Frequency' [-Wimplicit-function-declaration]
  100 |           Set_PWM_Frequency(a);
      |           ^~~~~~~~~~~~~~~~~
arm-none-eabi-gcc -o "TB6612FNG.elf" @"objects.list"   -mcpu=cortex-m3 -T"C:\Users\28584\workspace\TB6612FNG\STM32F103C8TX_FLASH.ld" --specs=nosys.specs -Wl,-Map="TB6612FNG.map" -Wl,--gc-sections -static --specs=nano.specs -mfloat-abi=soft -mthumb -Wl,--start-group -lc -lm -Wl,--end-group
已结束构建目标： TB6612FNG.elf
 
arm-none-eabi-size  TB6612FNG.elf 
arm-none-eabi-objdump -h -S TB6612FNG.elf  > "TB6612FNG.list"
   text	   data	    bss	    dec	    hex	filename
   7864	     12	   1644	   9520	   2530	TB6612FNG.elf
已结束构建： default.size.stdout
 
已结束构建： TB6612FNG.list
 
23:03:15 **** Incremental Build of configuration Debug for project TB6612FNG ****
make -j16 all 
arm-none-eabi-gcc "../Core/Src/User/OLED.c" -mcpu=cortex-m3 -std=gnu11 -g3 -DDEBUG -DUSE_HAL_DRIVER -DSTM32F103xB -c -I../Core/Inc -I../Drivers/STM32F1xx_HAL_Driver/Inc/Legacy -I../Drivers/STM32F1xx_HAL_Driver/Inc -I../Drivers/CMSIS/Device/ST/STM32F1xx/Include -I../Drivers/CMSIS/Include -O0 -ffunction-sections -fdata-sections -Wall -fstack-usage -fcyclomatic-complexity -MMD -MP -MF"Core/Src/User/OLED.d" -MT"Core/Src/User/OLED.o" --specs=nano.specs -mfloat-abi=soft -mthumb -o "Core/Src/User/OLED.o"
arm-none-eabi-gcc "../Core/Src/User/font.c" -mcpu=cortex-m3 -std=gnu11 -g3 -DDEBUG -DUSE_HAL_DRIVER -DSTM32F103xB -c -I../Core/Inc -I../Drivers/STM32F1xx_HAL_Driver/Inc/Legacy -I../Drivers/STM32F1xx_HAL_Driver/Inc -I../Drivers/CMSIS/Device/ST/STM32F1xx/Include -I../Drivers/CMSIS/Include -O0 -ffunction-sections -fdata-sections -Wall -fstack-usage -fcyclomatic-complexity -MMD -MP -MF"Core/Src/User/font.d" -MT"Core/Src/User/font.o" --specs=nano.specs -mfloat-abi=soft -mthumb -o "Core/Src/User/font.o"
arm-none-eabi-gcc "../Core/Src/User/motor.c" -mcpu=cortex-m3 -std=gnu11 -g3 -DDEBUG -DUSE_HAL_DRIVER -DSTM32F103xB -c -I../Core/Inc -I../Drivers/STM32F1xx_HAL_Driver/Inc/Legacy -I../Drivers/STM32F1xx_HAL_Driver/Inc -I../Drivers/CMSIS/Device/ST/STM32F1xx/Include -I../Drivers/CMSIS/Include -O0 -ffunction-sections -fdata-sections -Wall -fstack-usage -fcyclomatic-complexity -MMD -MP -MF"Core/Src/User/motor.d" -MT"Core/Src/User/motor.o" --specs=nano.specs -mfloat-abi=soft -mthumb -o "Core/Src/User/motor.o"
arm-none-eabi-gcc "../Core/Src/gpio.c" -mcpu=cortex-m3 -std=gnu11 -g3 -DDEBUG -DUSE_HAL_DRIVER -DSTM32F103xB -c -I../Core/Inc -I../Drivers/STM32F1xx_HAL_Driver/Inc/Legacy -I../Drivers/STM32F1xx_HAL_Driver/Inc -I../Drivers/CMSIS/Device/ST/STM32F1xx/Include -I../Drivers/CMSIS/Include -O0 -ffunction-sections -fdata-sections -Wall -fstack-usage -fcyclomatic-complexity -MMD -MP -MF"Core/Src/gpio.d" -MT"Core/Src/gpio.o" --specs=nano.specs -mfloat-abi=soft -mthumb -o "Core/Src/gpio.o"
arm-none-eabi-gcc "../Core/Src/main.c" -mcpu=cortex-m3 -std=gnu11 -g3 -DDEBUG -DUSE_HAL_DRIVER -DSTM32F103xB -c -I../Core/Inc -I../Drivers/STM32F1xx_HAL_Driver/Inc/Legacy -I../Drivers/STM32F1xx_HAL_Driver/Inc -I../Drivers/CMSIS/Device/ST/STM32F1xx/Include -I../Drivers/CMSIS/Include -O0 -ffunction-sections -fdata-sections -Wall -fstack-usage -fcyclomatic-complexity -MMD -MP -MF"Core/Src/main.d" -MT"Core/Src/main.o" --specs=nano.specs -mfloat-abi=soft -mthumb -o "Core/Src/main.o"
arm-none-eabi-gcc "../Core/Src/stm32f1xx_hal_msp.c" -mcpu=cortex-m3 -std=gnu11 -g3 -DDEBUG -DUSE_HAL_DRIVER -DSTM32F103xB -c -I../Core/Inc -I../Drivers/STM32F1xx_HAL_Driver/Inc/Legacy -I../Drivers/STM32F1xx_HAL_Driver/Inc -I../Drivers/CMSIS/Device/ST/STM32F1xx/Include -I../Drivers/CMSIS/Include -O0 -ffunction-sections -fdata-sections -Wall -fstack-usage -fcyclomatic-complexity -MMD -MP -MF"Core/Src/stm32f1xx_hal_msp.d" -MT"Core/Src/stm32f1xx_hal_msp.o" --specs=nano.specs -mfloat-abi=soft -mthumb -o "Core/Src/stm32f1xx_hal_msp.o"
arm-none-eabi-gcc "../Core/Src/stm32f1xx_it.c" -mcpu=cortex-m3 -std=gnu11 -g3 -DDEBUG -DUSE_HAL_DRIVER -DSTM32F103xB -c -I../Core/Inc -I../Drivers/STM32F1xx_HAL_Driver/Inc/Legacy -I../Drivers/STM32F1xx_HAL_Driver/Inc -I../Drivers/CMSIS/Device/ST/STM32F1xx/Include -I../Drivers/CMSIS/Include -O0 -ffunction-sections -fdata-sections -Wall -fstack-usage -fcyclomatic-complexity -MMD -MP -MF"Core/Src/stm32f1xx_it.d" -MT"Core/Src/stm32f1xx_it.o" --specs=nano.specs -mfloat-abi=soft -mthumb -o "Core/Src/stm32f1xx_it.o"
arm-none-eabi-gcc "../Core/Src/tim.c" -mcpu=cortex-m3 -std=gnu11 -g3 -DDEBUG -DUSE_HAL_DRIVER -DSTM32F103xB -c -I../Core/Inc -I../Drivers/STM32F1xx_HAL_Driver/Inc/Legacy -I../Drivers/STM32F1xx_HAL_Driver/Inc -I../Drivers/CMSIS/Device/ST/STM32F1xx/Include -I../Drivers/CMSIS/Include -O0 -ffunction-sections -fdata-sections -Wall -fstack-usage -fcyclomatic-complexity -MMD -MP -MF"Core/Src/tim.d" -MT"Core/Src/tim.o" --specs=nano.specs -mfloat-abi=soft -mthumb -o "Core/Src/tim.o"
In file included from ../Core/Src/User/OLED.c:14:
../Core/Inc/OLED.h:11:10: fatal error: i2c.h: No such file or directory
   11 | #include "i2c.h"
      |          ^~~~~~~
compilation terminated.
make: *** [Core/Src/User/subdir.mk:25: Core/Src/User/OLED.o] Error 1
make: *** Waiting for unfinished jobs....
In file included from ../Core/Inc/main.h:35,
                 from ../Core/Inc/font.h:11,
                 from ../Core/Src/User/font.c:7:
../Core/Inc/OLED.h:11:10: fatal error: i2c.h: No such file or directory
   11 | #include "i2c.h"
      |          ^~~~~~~
compilation terminated.
make: *** [Core/Src/User/subdir.mk:25: Core/Src/User/font.o] Error 1
In file included from ../Core/Inc/main.h:35,
                 from ../Core/Inc/motor.h:11,
                 from ../Core/Src/User/motor.c:8:
../Core/Inc/OLED.h:11:10: fatal error: i2c.h: No such file or directory
   11 | #include "i2c.h"
      |          ^~~~~~~
compilation terminated.
In file included from ../Core/Inc/main.h:35,
                 from ../Core/Inc/gpio.h:29,
                 from ../Core/Src/gpio.c:22:
../Core/Inc/OLED.h:11:10: fatal error: i2c.h: No such file or directory
   11 | #include "i2c.h"
      |          ^~~~~~~
compilation terminated.
make: *** [Core/Src/User/subdir.mk:25: Core/Src/User/motor.o] Error 1
make: *** [Core/Src/subdir.mk:40: Core/Src/gpio.o] Error 1
In file included from ../Core/Inc/main.h:35,
                 from ../Core/Src/main.c:20:
../Core/Inc/OLED.h:11:10: fatal error: i2c.h: No such file or directory
   11 | #include "i2c.h"
      |          ^~~~~~~
compilation terminated.
make: *** [Core/Src/subdir.mk:40: Core/Src/main.o] Error 1
In file included from ../Core/Inc/main.h:35,
                 from ../Core/Src/stm32f1xx_hal_msp.c:22:
../Core/Inc/OLED.h:11:10: fatal error: i2c.h: No such file or directory
   11 | #include "i2c.h"
      |          ^~~~~~~
compilation terminated.
In file included from ../Core/Inc/main.h:35,
                 from ../Core/Src/stm32f1xx_it.c:21:
../Core/Inc/OLED.h:11:10: fatal error: i2c.h: No such file or directory
   11 | #include "i2c.h"
      |          ^~~~~~~
compilation terminated.
make: *** [Core/Src/subdir.mk:40: Core/Src/stm32f1xx_hal_msp.o] Error 1
make: *** [Core/Src/subdir.mk:40: Core/Src/stm32f1xx_it.o] Error 1
In file included from ../Core/Inc/main.h:35,
                 from ../Core/Inc/tim.h:29,
                 from ../Core/Src/tim.c:21:
../Core/Inc/OLED.h:11:10: fatal error: i2c.h: No such file or directory
   11 | #include "i2c.h"
      |          ^~~~~~~
compilation terminated.
make: *** [Core/Src/subdir.mk:40: Core/Src/tim.o] Error 1
"make -j16 all" terminated with exit code 2. Build might be incomplete.
23:03:48 **** Incremental Build of configuration Debug for project TB6612FNG ****
make -j16 all 
arm-none-eabi-gcc "../Drivers/STM32F1xx_HAL_Driver/Src/stm32f1xx_hal.c" -mcpu=cortex-m3 -std=gnu11 -g3 -DDEBUG -DUSE_HAL_DRIVER -DSTM32F103xB -c -I../Core/Inc -I../Drivers/STM32F1xx_HAL_Driver/Inc/Legacy -I../Drivers/STM32F1xx_HAL_Driver/Inc -I../Drivers/CMSIS/Device/ST/STM32F1xx/Include -I../Drivers/CMSIS/Include -O0 -ffunction-sections -fdata-sections -Wall -fstack-usage -fcyclomatic-complexity -MMD -MP -MF"Drivers/STM32F1xx_HAL_Driver/Src/stm32f1xx_hal.d" -MT"Drivers/STM32F1xx_HAL_Driver/Src/stm32f1xx_hal.o" --specs=nano.specs -mfloat-abi=soft -mthumb -o "Drivers/STM32F1xx_HAL_Driver/Src/stm32f1xx_hal.o"
arm-none-eabi-gcc "../Drivers/STM32F1xx_HAL_Driver/Src/stm32f1xx_hal_cortex.c" -mcpu=cortex-m3 -std=gnu11 -g3 -DDEBUG -DUSE_HAL_DRIVER -DSTM32F103xB -c -I../Core/Inc -I../Drivers/STM32F1xx_HAL_Driver/Inc/Legacy -I../Drivers/STM32F1xx_HAL_Driver/Inc -I../Drivers/CMSIS/Device/ST/STM32F1xx/Include -I../Drivers/CMSIS/Include -O0 -ffunction-sections -fdata-sections -Wall -fstack-usage -fcyclomatic-complexity -MMD -MP -MF"Drivers/STM32F1xx_HAL_Driver/Src/stm32f1xx_hal_cortex.d" -MT"Drivers/STM32F1xx_HAL_Driver/Src/stm32f1xx_hal_cortex.o" --specs=nano.specs -mfloat-abi=soft -mthumb -o "Drivers/STM32F1xx_HAL_Driver/Src/stm32f1xx_hal_cortex.o"
arm-none-eabi-gcc "../Drivers/STM32F1xx_HAL_Driver/Src/stm32f1xx_hal_dma.c" -mcpu=cortex-m3 -std=gnu11 -g3 -DDEBUG -DUSE_HAL_DRIVER -DSTM32F103xB -c -I../Core/Inc -I../Drivers/STM32F1xx_HAL_Driver/Inc/Legacy -I../Drivers/STM32F1xx_HAL_Driver/Inc -I../Drivers/CMSIS/Device/ST/STM32F1xx/Include -I../Drivers/CMSIS/Include -O0 -ffunction-sections -fdata-sections -Wall -fstack-usage -fcyclomatic-complexity -MMD -MP -MF"Drivers/STM32F1xx_HAL_Driver/Src/stm32f1xx_hal_dma.d" -MT"Drivers/STM32F1xx_HAL_Driver/Src/stm32f1xx_hal_dma.o" --specs=nano.specs -mfloat-abi=soft -mthumb -o "Drivers/STM32F1xx_HAL_Driver/Src/stm32f1xx_hal_dma.o"
arm-none-eabi-gcc "../Drivers/STM32F1xx_HAL_Driver/Src/stm32f1xx_hal_exti.c" -mcpu=cortex-m3 -std=gnu11 -g3 -DDEBUG -DUSE_HAL_DRIVER -DSTM32F103xB -c -I../Core/Inc -I../Drivers/STM32F1xx_HAL_Driver/Inc/Legacy -I../Drivers/STM32F1xx_HAL_Driver/Inc -I../Drivers/CMSIS/Device/ST/STM32F1xx/Include -I../Drivers/CMSIS/Include -O0 -ffunction-sections -fdata-sections -Wall -fstack-usage -fcyclomatic-complexity -MMD -MP -MF"Drivers/STM32F1xx_HAL_Driver/Src/stm32f1xx_hal_exti.d" -MT"Drivers/STM32F1xx_HAL_Driver/Src/stm32f1xx_hal_exti.o" --specs=nano.specs -mfloat-abi=soft -mthumb -o "Drivers/STM32F1xx_HAL_Driver/Src/stm32f1xx_hal_exti.o"
arm-none-eabi-gcc "../Drivers/STM32F1xx_HAL_Driver/Src/stm32f1xx_hal_flash.c" -mcpu=cortex-m3 -std=gnu11 -g3 -DDEBUG -DUSE_HAL_DRIVER -DSTM32F103xB -c -I../Core/Inc -I../Drivers/STM32F1xx_HAL_Driver/Inc/Legacy -I../Drivers/STM32F1xx_HAL_Driver/Inc -I../Drivers/CMSIS/Device/ST/STM32F1xx/Include -I../Drivers/CMSIS/Include -O0 -ffunction-sections -fdata-sections -Wall -fstack-usage -fcyclomatic-complexity -MMD -MP -MF"Drivers/STM32F1xx_HAL_Driver/Src/stm32f1xx_hal_flash.d" -MT"Drivers/STM32F1xx_HAL_Driver/Src/stm32f1xx_hal_flash.o" --specs=nano.specs -mfloat-abi=soft -mthumb -o "Drivers/STM32F1xx_HAL_Driver/Src/stm32f1xx_hal_flash.o"
arm-none-eabi-gcc "../Drivers/STM32F1xx_HAL_Driver/Src/stm32f1xx_hal_flash_ex.c" -mcpu=cortex-m3 -std=gnu11 -g3 -DDEBUG -DUSE_HAL_DRIVER -DSTM32F103xB -c -I../Core/Inc -I../Drivers/STM32F1xx_HAL_Driver/Inc/Legacy -I../Drivers/STM32F1xx_HAL_Driver/Inc -I../Drivers/CMSIS/Device/ST/STM32F1xx/Include -I../Drivers/CMSIS/Include -O0 -ffunction-sections -fdata-sections -Wall -fstack-usage -fcyclomatic-complexity -MMD -MP -MF"Drivers/STM32F1xx_HAL_Driver/Src/stm32f1xx_hal_flash_ex.d" -MT"Drivers/STM32F1xx_HAL_Driver/Src/stm32f1xx_hal_flash_ex.o" --specs=nano.specs -mfloat-abi=soft -mthumb -o "Drivers/STM32F1xx_HAL_Driver/Src/stm32f1xx_hal_flash_ex.o"
arm-none-eabi-gcc "../Drivers/STM32F1xx_HAL_Driver/Src/stm32f1xx_hal_gpio.c" -mcpu=cortex-m3 -std=gnu11 -g3 -DDEBUG -DUSE_HAL_DRIVER -DSTM32F103xB -c -I../Core/Inc -I../Drivers/STM32F1xx_HAL_Driver/Inc/Legacy -I../Drivers/STM32F1xx_HAL_Driver/Inc -I../Drivers/CMSIS/Device/ST/STM32F1xx/Include -I../Drivers/CMSIS/Include -O0 -ffunction-sections -fdata-sections -Wall -fstack-usage -fcyclomatic-complexity -MMD -MP -MF"Drivers/STM32F1xx_HAL_Driver/Src/stm32f1xx_hal_gpio.d" -MT"Drivers/STM32F1xx_HAL_Driver/Src/stm32f1xx_hal_gpio.o" --specs=nano.specs -mfloat-abi=soft -mthumb -o "Drivers/STM32F1xx_HAL_Driver/Src/stm32f1xx_hal_gpio.o"
arm-none-eabi-gcc "../Drivers/STM32F1xx_HAL_Driver/Src/stm32f1xx_hal_gpio_ex.c" -mcpu=cortex-m3 -std=gnu11 -g3 -DDEBUG -DUSE_HAL_DRIVER -DSTM32F103xB -c -I../Core/Inc -I../Drivers/STM32F1xx_HAL_Driver/Inc/Legacy -I../Drivers/STM32F1xx_HAL_Driver/Inc -I../Drivers/CMSIS/Device/ST/STM32F1xx/Include -I../Drivers/CMSIS/Include -O0 -ffunction-sections -fdata-sections -Wall -fstack-usage -fcyclomatic-complexity -MMD -MP -MF"Drivers/STM32F1xx_HAL_Driver/Src/stm32f1xx_hal_gpio_ex.d" -MT"Drivers/STM32F1xx_HAL_Driver/Src/stm32f1xx_hal_gpio_ex.o" --specs=nano.specs -mfloat-abi=soft -mthumb -o "Drivers/STM32F1xx_HAL_Driver/Src/stm32f1xx_hal_gpio_ex.o"
arm-none-eabi-gcc "../Drivers/STM32F1xx_HAL_Driver/Src/stm32f1xx_hal_i2c.c" -mcpu=cortex-m3 -std=gnu11 -g3 -DDEBUG -DUSE_HAL_DRIVER -DSTM32F103xB -c -I../Core/Inc -I../Drivers/STM32F1xx_HAL_Driver/Inc/Legacy -I../Drivers/STM32F1xx_HAL_Driver/Inc -I../Drivers/CMSIS/Device/ST/STM32F1xx/Include -I../Drivers/CMSIS/Include -O0 -ffunction-sections -fdata-sections -Wall -fstack-usage -fcyclomatic-complexity -MMD -MP -MF"Drivers/STM32F1xx_HAL_Driver/Src/stm32f1xx_hal_i2c.d" -MT"Drivers/STM32F1xx_HAL_Driver/Src/stm32f1xx_hal_i2c.o" --specs=nano.specs -mfloat-abi=soft -mthumb -o "Drivers/STM32F1xx_HAL_Driver/Src/stm32f1xx_hal_i2c.o"
arm-none-eabi-gcc "../Drivers/STM32F1xx_HAL_Driver/Src/stm32f1xx_hal_pwr.c" -mcpu=cortex-m3 -std=gnu11 -g3 -DDEBUG -DUSE_HAL_DRIVER -DSTM32F103xB -c -I../Core/Inc -I../Drivers/STM32F1xx_HAL_Driver/Inc/Legacy -I../Drivers/STM32F1xx_HAL_Driver/Inc -I../Drivers/CMSIS/Device/ST/STM32F1xx/Include -I../Drivers/CMSIS/Include -O0 -ffunction-sections -fdata-sections -Wall -fstack-usage -fcyclomatic-complexity -MMD -MP -MF"Drivers/STM32F1xx_HAL_Driver/Src/stm32f1xx_hal_pwr.d" -MT"Drivers/STM32F1xx_HAL_Driver/Src/stm32f1xx_hal_pwr.o" --specs=nano.specs -mfloat-abi=soft -mthumb -o "Drivers/STM32F1xx_HAL_Driver/Src/stm32f1xx_hal_pwr.o"
arm-none-eabi-gcc "../Drivers/STM32F1xx_HAL_Driver/Src/stm32f1xx_hal_rcc.c" -mcpu=cortex-m3 -std=gnu11 -g3 -DDEBUG -DUSE_HAL_DRIVER -DSTM32F103xB -c -I../Core/Inc -I../Drivers/STM32F1xx_HAL_Driver/Inc/Legacy -I../Drivers/STM32F1xx_HAL_Driver/Inc -I../Drivers/CMSIS/Device/ST/STM32F1xx/Include -I../Drivers/CMSIS/Include -O0 -ffunction-sections -fdata-sections -Wall -fstack-usage -fcyclomatic-complexity -MMD -MP -MF"Drivers/STM32F1xx_HAL_Driver/Src/stm32f1xx_hal_rcc.d" -MT"Drivers/STM32F1xx_HAL_Driver/Src/stm32f1xx_hal_rcc.o" --specs=nano.specs -mfloat-abi=soft -mthumb -o "Drivers/STM32F1xx_HAL_Driver/Src/stm32f1xx_hal_rcc.o"
arm-none-eabi-gcc "../Drivers/STM32F1xx_HAL_Driver/Src/stm32f1xx_hal_rcc_ex.c" -mcpu=cortex-m3 -std=gnu11 -g3 -DDEBUG -DUSE_HAL_DRIVER -DSTM32F103xB -c -I../Core/Inc -I../Drivers/STM32F1xx_HAL_Driver/Inc/Legacy -I../Drivers/STM32F1xx_HAL_Driver/Inc -I../Drivers/CMSIS/Device/ST/STM32F1xx/Include -I../Drivers/CMSIS/Include -O0 -ffunction-sections -fdata-sections -Wall -fstack-usage -fcyclomatic-complexity -MMD -MP -MF"Drivers/STM32F1xx_HAL_Driver/Src/stm32f1xx_hal_rcc_ex.d" -MT"Drivers/STM32F1xx_HAL_Driver/Src/stm32f1xx_hal_rcc_ex.o" --specs=nano.specs -mfloat-abi=soft -mthumb -o "Drivers/STM32F1xx_HAL_Driver/Src/stm32f1xx_hal_rcc_ex.o"
arm-none-eabi-gcc "../Drivers/STM32F1xx_HAL_Driver/Src/stm32f1xx_hal_tim.c" -mcpu=cortex-m3 -std=gnu11 -g3 -DDEBUG -DUSE_HAL_DRIVER -DSTM32F103xB -c -I../Core/Inc -I../Drivers/STM32F1xx_HAL_Driver/Inc/Legacy -I../Drivers/STM32F1xx_HAL_Driver/Inc -I../Drivers/CMSIS/Device/ST/STM32F1xx/Include -I../Drivers/CMSIS/Include -O0 -ffunction-sections -fdata-sections -Wall -fstack-usage -fcyclomatic-complexity -MMD -MP -MF"Drivers/STM32F1xx_HAL_Driver/Src/stm32f1xx_hal_tim.d" -MT"Drivers/STM32F1xx_HAL_Driver/Src/stm32f1xx_hal_tim.o" --specs=nano.specs -mfloat-abi=soft -mthumb -o "Drivers/STM32F1xx_HAL_Driver/Src/stm32f1xx_hal_tim.o"
arm-none-eabi-gcc "../Drivers/STM32F1xx_HAL_Driver/Src/stm32f1xx_hal_tim_ex.c" -mcpu=cortex-m3 -std=gnu11 -g3 -DDEBUG -DUSE_HAL_DRIVER -DSTM32F103xB -c -I../Core/Inc -I../Drivers/STM32F1xx_HAL_Driver/Inc/Legacy -I../Drivers/STM32F1xx_HAL_Driver/Inc -I../Drivers/CMSIS/Device/ST/STM32F1xx/Include -I../Drivers/CMSIS/Include -O0 -ffunction-sections -fdata-sections -Wall -fstack-usage -fcyclomatic-complexity -MMD -MP -MF"Drivers/STM32F1xx_HAL_Driver/Src/stm32f1xx_hal_tim_ex.d" -MT"Drivers/STM32F1xx_HAL_Driver/Src/stm32f1xx_hal_tim_ex.o" --specs=nano.specs -mfloat-abi=soft -mthumb -o "Drivers/STM32F1xx_HAL_Driver/Src/stm32f1xx_hal_tim_ex.o"
arm-none-eabi-gcc "../Core/Src/User/OLED.c" -mcpu=cortex-m3 -std=gnu11 -g3 -DDEBUG -DUSE_HAL_DRIVER -DSTM32F103xB -c -I../Core/Inc -I../Drivers/STM32F1xx_HAL_Driver/Inc/Legacy -I../Drivers/STM32F1xx_HAL_Driver/Inc -I../Drivers/CMSIS/Device/ST/STM32F1xx/Include -I../Drivers/CMSIS/Include -O0 -ffunction-sections -fdata-sections -Wall -fstack-usage -fcyclomatic-complexity -MMD -MP -MF"Core/Src/User/OLED.d" -MT"Core/Src/User/OLED.o" --specs=nano.specs -mfloat-abi=soft -mthumb -o "Core/Src/User/OLED.o"
arm-none-eabi-gcc "../Core/Src/User/font.c" -mcpu=cortex-m3 -std=gnu11 -g3 -DDEBUG -DUSE_HAL_DRIVER -DSTM32F103xB -c -I../Core/Inc -I../Drivers/STM32F1xx_HAL_Driver/Inc/Legacy -I../Drivers/STM32F1xx_HAL_Driver/Inc -I../Drivers/CMSIS/Device/ST/STM32F1xx/Include -I../Drivers/CMSIS/Include -O0 -ffunction-sections -fdata-sections -Wall -fstack-usage -fcyclomatic-complexity -MMD -MP -MF"Core/Src/User/font.d" -MT"Core/Src/User/font.o" --specs=nano.specs -mfloat-abi=soft -mthumb -o "Core/Src/User/font.o"
arm-none-eabi-gcc "../Core/Src/User/motor.c" -mcpu=cortex-m3 -std=gnu11 -g3 -DDEBUG -DUSE_HAL_DRIVER -DSTM32F103xB -c -I../Core/Inc -I../Drivers/STM32F1xx_HAL_Driver/Inc/Legacy -I../Drivers/STM32F1xx_HAL_Driver/Inc -I../Drivers/CMSIS/Device/ST/STM32F1xx/Include -I../Drivers/CMSIS/Include -O0 -ffunction-sections -fdata-sections -Wall -fstack-usage -fcyclomatic-complexity -MMD -MP -MF"Core/Src/User/motor.d" -MT"Core/Src/User/motor.o" --specs=nano.specs -mfloat-abi=soft -mthumb -o "Core/Src/User/motor.o"
arm-none-eabi-gcc "../Core/Src/gpio.c" -mcpu=cortex-m3 -std=gnu11 -g3 -DDEBUG -DUSE_HAL_DRIVER -DSTM32F103xB -c -I../Core/Inc -I../Drivers/STM32F1xx_HAL_Driver/Inc/Legacy -I../Drivers/STM32F1xx_HAL_Driver/Inc -I../Drivers/CMSIS/Device/ST/STM32F1xx/Include -I../Drivers/CMSIS/Include -O0 -ffunction-sections -fdata-sections -Wall -fstack-usage -fcyclomatic-complexity -MMD -MP -MF"Core/Src/gpio.d" -MT"Core/Src/gpio.o" --specs=nano.specs -mfloat-abi=soft -mthumb -o "Core/Src/gpio.o"
[...]
      |                 {                                                                              }
......
  245 |                 0x00,0x00,0x80,0x80,0x80,0x80,0x80,0x00,0x00,0x6B,0x94,0x94,0x94,0x93,0x60,0x00,/*"g",71*/
      |                 {                                                                              }
......
  248 |                 0x10,0xF0,0x00,0x80,0x80,0x80,0x00,0x00,0x20,0x3F,0x21,0x00,0x00,0x20,0x3F,0x20,/*"h",72*/
      |                 {                                                                              }
......
  251 |                 0x00,0x80,0x98,0x98,0x00,0x00,0x00,0x00,0x00,0x20,0x20,0x3F,0x20,0x20,0x00,0x00,/*"i",73*/
      |                 {                                                                              }
......
  254 |                 0x00,0x00,0x00,0x80,0x98,0x98,0x00,0x00,0x00,0xC0,0x80,0x80,0x80,0x7F,0x00,0x00,/*"j",74*/
      |                 {                                                                              }
......
  257 |                 0x10,0xF0,0x00,0x00,0x80,0x80,0x80,0x00,0x20,0x3F,0x24,0x06,0x29,0x30,0x20,0x00,/*"k",75*/
      |                 {                                                                              }
......
  260 |                 0x00,0x10,0x10,0xF8,0x00,0x00,0x00,0x00,0x00,0x20,0x20,0x3F,0x20,0x20,0x00,0x00,/*"l",76*/
      |                 {                                                                              }
......
  263 |                 0x80,0x80,0x80,0x80,0x80,0x80,0x80,0x00,0x20,0x3F,0x20,0x00,0x3F,0x20,0x00,0x3F,/*"m",77*/
      |                 {                                                                              }
......
  266 |                 0x80,0x80,0x00,0x80,0x80,0x80,0x00,0x00,0x20,0x3F,0x21,0x00,0x00,0x20,0x3F,0x20,/*"n",78*/
      |                 {                                                                              }
......
  269 |                 0x00,0x00,0x80,0x80,0x80,0x80,0x00,0x00,0x00,0x1F,0x20,0x20,0x20,0x20,0x1F,0x00,/*"o",79*/
      |                 {                                                                              }
......
  272 |                 0x80,0x80,0x00,0x80,0x80,0x00,0x00,0x00,0x80,0xFF,0x91,0x20,0x20,0x11,0x0E,0x00,/*"p",80*/
      |                 {                                                                              }
......
  275 |                 0x00,0x00,0x00,0x80,0x80,0x00,0x80,0x00,0x00,0x0E,0x11,0x20,0x20,0x91,0xFF,0x80,/*"q",81*/
      |                 {                                                                              }
......
  278 |                 0x80,0x80,0x80,0x00,0x80,0x80,0x80,0x00,0x20,0x20,0x3F,0x21,0x20,0x00,0x01,0x00,/*"r",82*/
      |                 {                                                                              }
......
  281 |                 0x00,0x00,0x80,0x80,0x80,0x80,0x80,0x00,0x00,0x33,0x24,0x24,0x24,0x24,0x19,0x00,/*"s",83*/
      |                 {                                                                              }
......
  284 |                 0x00,0x80,0x80,0xE0,0x80,0x80,0x00,0x00,0x00,0x00,0x00,0x1F,0x20,0x20,0x10,0x00,/*"t",84*/
      |                 {                                                                              }
......
  287 |                 0x80,0x80,0x00,0x00,0x00,0x80,0x80,0x00,0x00,0x1F,0x20,0x20,0x20,0x10,0x3F,0x20,/*"u",85*/
      |                 {                                                                              }
......
  290 |                 0x80,0x80,0x80,0x00,0x80,0x80,0x80,0x00,0x00,0x03,0x0C,0x30,0x0C,0x03,0x00,0x00,/*"v",86*/
      |                 {                                                                              }
......
  293 |                 0x80,0x80,0x00,0x80,0x80,0x00,0x80,0x80,0x01,0x0E,0x30,0x0C,0x07,0x38,0x06,0x01,/*"w",87*/
      |                 {                                                                              }
......
  296 |                 0x00,0x80,0x80,0x80,0x00,0x80,0x80,0x00,0x00,0x20,0x31,0x0E,0x2E,0x31,0x20,0x00,/*"x",88*/
      |                 {                                                                              }
......
  299 |                 0x80,0x80,0x80,0x00,0x00,0x80,0x80,0x80,0x00,0x81,0x86,0x78,0x18,0x06,0x01,0x00,/*"y",89*/
      |                 {                                                                              }
......
  302 |                 0x00,0x80,0x80,0x80,0x80,0x80,0x80,0x00,0x00,0x21,0x30,0x2C,0x22,0x21,0x30,0x00,/*"z",90*/
      |                 {                                                                              }
......
  305 |                 0x00,0x00,0x00,0x00,0x00,0xFC,0x02,0x02,0x00,0x00,0x00,0x00,0x01,0x3E,0x40,0x40,/*"{",91*/
      |                 {                                                                              }
......
  308 |                 0x00,0x00,0x00,0x00,0xFF,0x00,0x00,0x00,0x00,0x00,0x00,0x00,0xFF,0x00,0x00,0x00,/*"|",92*/
      |                 {                                                                              }
......
  311 |                 0x02,0x02,0xFC,0x00,0x00,0x00,0x00,0x00,0x40,0x40,0x3E,0x01,0x00,0x00,0x00,0x00,/*"}",93*/
      |                 {                                                                              }
......
  314 |                 0x00,0x02,0x01,0x02,0x02,0x04,0x02,0x00,0x00,0x00,0x00,0x00,0x00,0x00,0x00,0x00/*"~",94*/
      |                 {
  315 |                 /* (8 X 16 , 宋体 )*/
  316 | };
      | }
../Core/Src/User/font.c:318:20: warning: missing braces around initializer [-Wmissing-braces]
  318 | uint8_t EN6_8[][6]={
      |                    ^
  319 |                         0x00,0x00,0x00,0x00,0x00,0x00,//   0
      |                         {                            }
  320 |                         0x00,0x00,0x00,0x2F,0x00,0x00,// ! 1
      |                         {                            }
  321 |                         0x00,0x00,0x07,0x00,0x07,0x00,// " 2
      |                         {                            }
  322 |                         0x00,0x14,0x7F,0x14,0x7F,0x14,// # 3
      |                         {                            }
  323 |                         0x00,0x24,0x2A,0x7F,0x2A,0x12,// $ 4
      |                         {                            }
  324 |                         0x00,0x23,0x13,0x08,0x64,0x62,// % 5
      |                         {                            }
  325 |                         0x00,0x36,0x49,0x55,0x22,0x50,// & 6
      |                         {                            }
  326 |                         0x00,0x00,0x00,0x07,0x00,0x00,// ' 7
      |                         {                            }
  327 |                         0x00,0x00,0x1C,0x22,0x41,0x00,// ( 8
      |                         {                            }
  328 |                         0x00,0x00,0x41,0x22,0x1C,0x00,// ) 9
      |                         {                            }
  329 |                         0x00,0x14,0x08,0x3E,0x08,0x14,// * 10
      |                         {                            }
  330 |                         0x00,0x08,0x08,0x3E,0x08,0x08,// + 11
      |                         {                            }
  331 |                         0x00,0x00,0x00,0xA0,0x60,0x00,// , 12
      |                         {                            }
  332 |                         0x00,0x08,0x08,0x08,0x08,0x08,// - 13
      |                         {                            }
  333 |                         0x00,0x00,0x60,0x60,0x00,0x00,// . 14
      |                         {                            }
  334 |                         0x00,0x20,0x10,0x08,0x04,0x02,// / 15
      |                         {                            }
  335 |                         0x00,0x3E,0x51,0x49,0x45,0x3E,// 0 16
      |                         {                            }
  336 |                         0x00,0x00,0x42,0x7F,0x40,0x00,// 1 17
      |                         {                            }
  337 |                         0x00,0x42,0x61,0x51,0x49,0x46,// 2 18
      |                         {                            }
  338 |                         0x00,0x21,0x41,0x45,0x4B,0x31,// 3 19
      |                         {                            }
  339 |                         0x00,0x18,0x14,0x12,0x7F,0x10,// 4 20
      |                         {                            }
  340 |                         0x00,0x27,0x45,0x45,0x45,0x39,// 5 21
      |                         {                            }
  341 |                         0x00,0x3C,0x4A,0x49,0x49,0x30,// 6 22
      |                         {                            }
  342 |                         0x00,0x01,0x71,0x09,0x05,0x03,// 7 23
      |                         {                            }
  343 |                         0x00,0x36,0x49,0x49,0x49,0x36,// 8 24
      |                         {                            }
  344 |                         0x00,0x06,0x49,0x49,0x29,0x1E,// 9 25
      |                         {                            }
  345 |                         0x00,0x00,0x36,0x36,0x00,0x00,// : 26
      |                         {                            }
  346 |                         0x00,0x00,0x56,0x36,0x00,0x00,// ; 27
      |                         {                            }
  347 |                         0x00,0x08,0x14,0x22,0x41,0x00,// < 28
      |                         {                            }
  348 |                         0x00,0x14,0x14,0x14,0x14,0x14,// = 29
      |                         {                            }
  349 |                         0x00,0x00,0x41,0x22,0x14,0x08,// > 30
      |                         {                            }
  350 |                         0x00,0x02,0x01,0x51,0x09,0x06,// ? 31
      |                         {                            }
  351 |                         0x00,0x3E,0x49,0x55,0x59,0x2E,// @ 32
      |                         {                            }
  352 |                         0x00,0x7C,0x12,0x11,0x12,0x7C,// A 33
      |                         {                            }
  353 |                         0x00,0x7F,0x49,0x49,0x49,0x36,// B 34
      |                         {                            }
  354 |                         0x00,0x3E,0x41,0x41,0x41,0x22,// C 35
      |                         {                            }
  355 |                         0x00,0x7F,0x41,0x41,0x22,0x1C,// D 36
      |                         {                            }
  356 |                         0x00,0x7F,0x49,0x49,0x49,0x41,// E 37
      |                         {                            }
  357 |                         0x00,0x7F,0x09,0x09,0x09,0x01,// F 38
      |                         {                            }
  358 |                         0x00,0x3E,0x41,0x49,0x49,0x7A,// G 39
      |                         {                            }
  359 |                         0x00,0x7F,0x08,0x08,0x08,0x7F,// H 40
      |                         {                            }
  360 |                         0x00,0x00,0x41,0x7F,0x41,0x00,// I 41
      |                         {                            }
  361 |                         0x00,0x20,0x40,0x41,0x3F,0x01,// J 42
      |                         {                            }
  362 |                         0x00,0x7F,0x08,0x14,0x22,0x41,// K 43
      |                         {                            }
  363 |                         0x00,0x7F,0x40,0x40,0x40,0x40,// L 44
      |                         {                            }
  364 |                         0x00,0x7F,0x02,0x0C,0x02,0x7F,// M 45
      |                         {                            }
  365 |                         0x00,0x7F,0x04,0x08,0x10,0x7F,// N 46
      |                         {                            }
  366 |                         0x00,0x3E,0x41,0x41,0x41,0x3E,// O 47
      |                         {                            }
  367 |                         0x00,0x7F,0x09,0x09,0x09,0x06,// P 48
      |                         {                            }
  368 |                         0x00,0x3E,0x41,0x51,0x21,0x5E,// Q 49
      |                         {                            }
  369 |                         0x00,0x7F,0x09,0x19,0x29,0x46,// R 50
      |                         {                            }
  370 |                         0x00,0x46,0x49,0x49,0x49,0x31,// S 51
      |                         {                            }
  371 |                         0x00,0x01,0x01,0x7F,0x01,0x01,// T 52
      |                         {                            }
  372 |                         0x00,0x3F,0x40,0x40,0x40,0x3F,// U 53
      |                         {                            }
  373 |                         0x00,0x1F,0x20,0x40,0x20,0x1F,// V 54
      |                         {                            }
  374 |                         0x00,0x3F,0x40,0x38,0x40,0x3F,// W 55
      |                         {                            }
  375 |                         0x00,0x63,0x14,0x08,0x14,0x63,// X 56
      |                         {                            }
  376 |                         0x00,0x07,0x08,0x70,0x08,0x07,// Y 57
      |                         {                            }
  377 |                         0x00,0x61,0x51,0x49,0x45,0x43,// Z 58
      |                         {                            }
  378 |                         0x00,0x00,0x7F,0x41,0x41,0x00,// [ 59
      |                         {                            }
  379 |                         0x00,0x02,0x04,0x08,0x10,0x20,// \ 60
      |                         {                            }
  380 |                         0x00,0x00,0x41,0x41,0x7F,0x00,// ] 61
      |                         {                            }
  381 |                         0x00,0x04,0x02,0x01,0x02,0x04,// ^ 62
      |                         {                            }
  382 |                         0x00,0x40,0x40,0x40,0x40,0x40,// _ 63
      |                         {                            }
  383 |                         0x00,0x00,0x01,0x02,0x04,0x00,// ` 64
      |                         {                            }
  384 |                         0x00,0x20,0x54,0x54,0x54,0x78,// a 65
      |                         {                            }
  385 |                         0x00,0x7F,0x48,0x44,0x44,0x38,// b 66
      |                         {                            }
  386 |                         0x00,0x38,0x44,0x44,0x44,0x20,// c 67
      |                         {                            }
  387 |                         0x00,0x38,0x44,0x44,0x48,0x7F,// d 68
      |                         {                            }
  388 |                         0x00,0x38,0x54,0x54,0x54,0x18,// e 69
      |                         {                            }
  389 |                         0x00,0x08,0x7E,0x09,0x01,0x02,// f 70
      |                         {                            }
  390 |                         0x00,0x18,0xA4,0xA4,0xA4,0x7C,// g 71
      |                         {                            }
  391 |                         0x00,0x7F,0x08,0x04,0x04,0x78,// h 72
      |                         {                            }
  392 |                         0x00,0x00,0x44,0x7D,0x40,0x00,// i 73
      |                         {                            }
  393 |                         0x00,0x40,0x80,0x84,0x7D,0x00,// j 74
      |                         {                            }
  394 |                         0x00,0x7F,0x10,0x28,0x44,0x00,// k 75
      |                         {                            }
  395 |                         0x00,0x00,0x41,0x7F,0x40,0x00,// l 76
      |                         {                            }
  396 |                         0x00,0x7C,0x04,0x18,0x04,0x78,// m 77
      |                         {                            }
  397 |                         0x00,0x7C,0x08,0x04,0x04,0x78,// n 78
      |                         {                            }
  398 |                         0x00,0x38,0x44,0x44,0x44,0x38,// o 79
      |                         {                            }
  399 |                         0x00,0xFC,0x24,0x24,0x24,0x18,// p 80
      |                         {                            }
  400 |                         0x00,0x18,0x24,0x24,0x18,0xFC,// q 81
      |                         {                            }
  401 |                         0x00,0x7C,0x08,0x04,0x04,0x08,// r 82
      |                         {                            }
  402 |                         0x00,0x48,0x54,0x54,0x54,0x20,// s 83
      |                         {                            }
  403 |                         0x00,0x04,0x3F,0x44,0x40,0x20,// t 84
      |                         {                            }
  404 |                         0x00,0x3C,0x40,0x40,0x20,0x7C,// u 85
      |                         {                            }
  405 |                         0x00,0x1C,0x20,0x40,0x20,0x1C,// v 86
      |                         {                            }
  406 |                         0x00,0x3C,0x40,0x30,0x40,0x3C,// w 87
      |                         {                            }
  407 |                         0x00,0x44,0x28,0x10,0x28,0x44,// x 88
      |                         {                            }
  408 |                         0x00,0x1C,0xA0,0xA0,0xA0,0x7C,// y 89
      |                         {                            }
  409 |                         0x00,0x44,0x64,0x54,0x4C,0x44,// z 90
      |                         {                            }
  410 |                         0x00,0x00,0x08,0x7F,0x41,0x00,// { 91
      |                         {                            }
  411 |                         0x00,0x00,0x00,0x7F,0x00,0x00,// | 92
      |                         {                            }
  412 |                         0x00,0x00,0x41,0x7F,0x08,0x00,// } 93
      |                         {                            }
  413 |                         0x00,0x08,0x04,0x08,0x10,0x08,// ~ 94
      |                         {
  414 | };
      | }
arm-none-eabi-gcc -o "OLED.elf" @"objects.list"   -mcpu=cortex-m3 -T"C:\Users\28584\workspace\OLED\STM32F103C8TX_FLASH.ld" --specs=nosys.specs -Wl,-Map="OLED.map" -Wl,--gc-sections -static --specs=nano.specs -mfloat-abi=soft -mthumb -Wl,--start-group -lc -lm -Wl,--end-group
已结束构建目标： OLED.elf
 
arm-none-eabi-size  OLED.elf 
arm-none-eabi-objdump -h -S OLED.elf  > "OLED.list"
   text	   data	    bss	    dec	    hex	filename
   9424	    328	   2744	  12496	   30d0	OLED.elf
已结束构建： default.size.stdout
 
已结束构建： OLED.list
 
00:37:30 **** Incremental Build of configuration Debug for project OLED ****
make -j16 all 
arm-none-eabi-gcc "../Core/Src/User/OLED.c" -mcpu=cortex-m3 -std=gnu11 -g3 -DDEBUG -DUSE_HAL_DRIVER -DSTM32F103xB -c -I../Core/Inc -I../Drivers/STM32F1xx_HAL_Driver/Inc/Legacy -I../Drivers/STM32F1xx_HAL_Driver/Inc -I../Drivers/CMSIS/Device/ST/STM32F1xx/Include -I../Drivers/CMSIS/Include -O0 -ffunction-sections -fdata-sections -Wall -fstack-usage -fcyclomatic-complexity -MMD -MP -MF"Core/Src/User/OLED.d" -MT"Core/Src/User/OLED.o" --specs=nano.specs -mfloat-abi=soft -mthumb -o "Core/Src/User/OLED.o"
arm-none-eabi-gcc -o "OLED.elf" @"objects.list"   -mcpu=cortex-m3 -T"C:\Users\28584\workspace\OLED\STM32F103C8TX_FLASH.ld" --specs=nosys.specs -Wl,-Map="OLED.map" -Wl,--gc-sections -static --specs=nano.specs -mfloat-abi=soft -mthumb -Wl,--start-group -lc -lm -Wl,--end-group
已结束构建目标： OLED.elf
 
arm-none-eabi-size  OLED.elf 
arm-none-eabi-objdump -h -S OLED.elf  > "OLED.list"
   text	   data	    bss	    dec	    hex	filename
   9424	    328	   2744	  12496	   30d0	OLED.elf
已结束构建： default.size.stdout
 
已结束构建： OLED.list
 
