13:56:23 **** 构建 of configuration Debug for project HC-SR04 ****
make -j16 all 
arm-none-eabi-gcc "../USB_DEVICE/Target/usbd_conf.c" -mcpu=cortex-m3 -std=gnu11 -g3 -DDEBUG -DUSE_HAL_DRIVER -DSTM32F103xB -c -I../Core/Inc -I../Drivers/STM32F1xx_HAL_Driver/Inc/Legacy -I../Drivers/STM32F1xx_HAL_Driver/Inc -I../Drivers/CMSIS/Device/ST/STM32F1xx/Include -I../Drivers/CMSIS/Include -I../USB_DEVICE/App -I../USB_DEVICE/Target -I../Middlewares/ST/STM32_USB_Device_Library/Core/Inc -I../Middlewares/ST/STM32_USB_Device_Library/Class/CDC/Inc -O0 -ffunction-sections -fdata-sections -Wall -fstack-usage -fcyclomatic-complexity -MMD -MP -MF"USB_DEVICE/Target/usbd_conf.d" -MT"USB_DEVICE/Target/usbd_conf.o" --specs=nano.specs -mfloat-abi=soft -mthumb -o "USB_DEVICE/Target/usbd_conf.o"
arm-none-eabi-gcc "../USB_DEVICE/App/usb_device.c" -mcpu=cortex-m3 -std=gnu11 -g3 -DDEBUG -DUSE_HAL_DRIVER -DSTM32F103xB -c -I../Core/Inc -I../Drivers/STM32F1xx_HAL_Driver/Inc/Legacy -I../Drivers/STM32F1xx_HAL_Driver/Inc -I../Drivers/CMSIS/Device/ST/STM32F1xx/Include -I../Drivers/CMSIS/Include -I../USB_DEVICE/App -I../USB_DEVICE/Target -I../Middlewares/ST/STM32_USB_Device_Library/Core/Inc -I../Middlewares/ST/STM32_USB_Device_Library/Class/CDC/Inc -O0 -ffunction-sections -fdata-sections -Wall -fstack-usage -fcyclomatic-complexity -MMD -MP -MF"USB_DEVICE/App/usb_device.d" -MT"USB_DEVICE/App/usb_device.o" --specs=nano.specs -mfloat-abi=soft -mthumb -o "USB_DEVICE/App/usb_device.o"
arm-none-eabi-gcc "../USB_DEVICE/App/usbd_cdc_if.c" -mcpu=cortex-m3 -std=gnu11 -g3 -DDEBUG -DUSE_HAL_DRIVER -DSTM32F103xB -c -I../Core/Inc -I../Drivers/STM32F1xx_HAL_Driver/Inc/Legacy -I../Drivers/STM32F1xx_HAL_Driver/Inc -I../Drivers/CMSIS/Device/ST/STM32F1xx/Include -I../Drivers/CMSIS/Include -I../USB_DEVICE/App -I../USB_DEVICE/Target -I../Middlewares/ST/STM32_USB_Device_Library/Core/Inc -I../Middlewares/ST/STM32_USB_Device_Library/Class/CDC/Inc -O0 -ffunction-sections -fdata-sections -Wall -fstack-usage -fcyclomatic-complexity -MMD -MP -MF"USB_DEVICE/App/usbd_cdc_if.d" -MT"USB_DEVICE/App/usbd_cdc_if.o" --specs=nano.specs -mfloat-abi=soft -mthumb -o "USB_DEVICE/App/usbd_cdc_if.o"
arm-none-eabi-gcc "../USB_DEVICE/App/usbd_desc.c" -mcpu=cortex-m3 -std=gnu11 -g3 -DDEBUG -DUSE_HAL_DRIVER -DSTM32F103xB -c -I../Core/Inc -I../Drivers/STM32F1xx_HAL_Driver/Inc/Legacy -I../Drivers/STM32F1xx_HAL_Driver/Inc -I../Drivers/CMSIS/Device/ST/STM32F1xx/Include -I../Drivers/CMSIS/Include -I../USB_DEVICE/App -I../USB_DEVICE/Target -I../Middlewares/ST/STM32_USB_Device_Library/Core/Inc -I../Middlewares/ST/STM32_USB_Device_Library/Class/CDC/Inc -O0 -ffunction-sections -fdata-sections -Wall -fstack-usage -fcyclomatic-complexity -MMD -MP -MF"USB_DEVICE/App/usbd_desc.d" -MT"USB_DEVICE/App/usbd_desc.o" --specs=nano.specs -mfloat-abi=soft -mthumb -o "USB_DEVICE/App/usbd_desc.o"
arm-none-eabi-gcc "../Middlewares/ST/STM32_USB_Device_Library/Core/Src/usbd_core.c" -mcpu=cortex-m3 -std=gnu11 -g3 -DDEBUG -DUSE_HAL_DRIVER -DSTM32F103xB -c -I../Core/Inc -I../Drivers/STM32F1xx_HAL_Driver/Inc/Legacy -I../Drivers/STM32F1xx_HAL_Driver/Inc -I../Drivers/CMSIS/Device/ST/STM32F1xx/Include -I../Drivers/CMSIS/Include -I../USB_DEVICE/App -I../USB_DEVICE/Target -I../Middlewares/ST/STM32_USB_Device_Library/Core/Inc -I../Middlewares/ST/STM32_USB_Device_Library/Class/CDC/Inc -O0 -ffunction-sections -fdata-sections -Wall -fstack-usage -fcyclomatic-complexity -MMD -MP -MF"Middlewares/ST/STM32_USB_Device_Library/Core/Src/usbd_core.d" -MT"Middlewares/ST/STM32_USB_Device_Library/Core/Src/usbd_core.o" --specs=nano.specs -mfloat-abi=soft -mthumb -o "Middlewares/ST/STM32_USB_Device_Library/Core/Src/usbd_core.o"
arm-none-eabi-gcc "../Middlewares/ST/STM32_USB_Device_Library/Core/Src/usbd_ctlreq.c" -mcpu=cortex-m3 -std=gnu11 -g3 -DDEBUG -DUSE_HAL_DRIVER -DSTM32F103xB -c -I../Core/Inc -I../Drivers/STM32F1xx_HAL_Driver/Inc/Legacy -I../Drivers/STM32F1xx_HAL_Driver/Inc -I../Drivers/CMSIS/Device/ST/STM32F1xx/Include -I../Drivers/CMSIS/Include -I../USB_DEVICE/App -I../USB_DEVICE/Target -I../Middlewares/ST/STM32_USB_Device_Library/Core/Inc -I../Middlewares/ST/STM32_USB_Device_Library/Class/CDC/Inc -O0 -ffunction-sections -fdata-sections -Wall -fstack-usage -fcyclomatic-complexity -MMD -MP -MF"Middlewares/ST/STM32_USB_Device_Library/Core/Src/usbd_ctlreq.d" -MT"Middlewares/ST/STM32_USB_Device_Library/Core/Src/usbd_ctlreq.o" --specs=nano.specs -mfloat-abi=soft -mthumb -o "Middlewares/ST/STM32_USB_Device_Library/Core/Src/usbd_ctlreq.o"
arm-none-eabi-gcc "../Middlewares/ST/STM32_USB_Device_Library/Core/Src/usbd_ioreq.c" -mcpu=cortex-m3 -std=gnu11 -g3 -DDEBUG -DUSE_HAL_DRIVER -DSTM32F103xB -c -I../Core/Inc -I../Drivers/STM32F1xx_HAL_Driver/Inc/Legacy -I../Drivers/STM32F1xx_HAL_Driver/Inc -I../Drivers/CMSIS/Device/ST/STM32F1xx/Include -I../Drivers/CMSIS/Include -I../USB_DEVICE/App -I../USB_DEVICE/Target -I../Middlewares/ST/STM32_USB_Device_Library/Core/Inc -I../Middlewares/ST/STM32_USB_Device_Library/Class/CDC/Inc -O0 -ffunction-sections -fdata-sections -Wall -fstack-usage -fcyclomatic-complexity -MMD -MP -MF"Middlewares/ST/STM32_USB_Device_Library/Core/Src/usbd_ioreq.d" -MT"Middlewares/ST/STM32_USB_Device_Library/Core/Src/usbd_ioreq.o" --specs=nano.specs -mfloat-abi=soft -mthumb -o "Middlewares/ST/STM32_USB_Device_Library/Core/Src/usbd_ioreq.o"
arm-none-eabi-gcc "../Middlewares/ST/STM32_USB_Device_Library/Class/CDC/Src/usbd_cdc.c" -mcpu=cortex-m3 -std=gnu11 -g3 -DDEBUG -DUSE_HAL_DRIVER -DSTM32F103xB -c -I../Core/Inc -I../Drivers/STM32F1xx_HAL_Driver/Inc/Legacy -I../Drivers/STM32F1xx_HAL_Driver/Inc -I../Drivers/CMSIS/Device/ST/STM32F1xx/Include -I../Drivers/CMSIS/Include -I../USB_DEVICE/App -I../USB_DEVICE/Target -I../Middlewares/ST/STM32_USB_Device_Library/Core/Inc -I../Middlewares/ST/STM32_USB_Device_Library/Class/CDC/Inc -O0 -ffunction-sections -fdata-sections -Wall -fstack-usage -fcyclomatic-complexity -MMD -MP -MF"Middlewares/ST/STM32_USB_Device_Library/Class/CDC/Src/usbd_cdc.d" -MT"Middlewares/ST/STM32_USB_Device_Library/Class/CDC/Src/usbd_cdc.o" --specs=nano.specs -mfloat-abi=soft -mthumb -o "Middlewares/ST/STM32_USB_Device_Library/Class/CDC/Src/usbd_cdc.o"
arm-none-eabi-gcc "../Drivers/STM32F1xx_HAL_Driver/Src/stm32f1xx_hal.c" -mcpu=cortex-m3 -std=gnu11 -g3 -DDEBUG -DUSE_HAL_DRIVER -DSTM32F103xB -c -I../Core/Inc -I../Drivers/STM32F1xx_HAL_Driver/Inc/Legacy -I../Drivers/STM32F1xx_HAL_Driver/Inc -I../Drivers/CMSIS/Device/ST/STM32F1xx/Include -I../Drivers/CMSIS/Include -I../USB_DEVICE/App -I../USB_DEVICE/Target -I../Middlewares/ST/STM32_USB_Device_Library/Core/Inc -I../Middlewares/ST/STM32_USB_Device_Library/Class/CDC/Inc -O0 -ffunction-sections -fdata-sections -Wall -fstack-usage -fcyclomatic-complexity -MMD -MP -MF"Drivers/STM32F1xx_HAL_Driver/Src/stm32f1xx_hal.d" -MT"Drivers/STM32F1xx_HAL_Driver/Src/stm32f1xx_hal.o" --specs=nano.specs -mfloat-abi=soft -mthumb -o "Drivers/STM32F1xx_HAL_Driver/Src/stm32f1xx_hal.o"
arm-none-eabi-gcc "../Drivers/STM32F1xx_HAL_Driver/Src/stm32f1xx_hal_cortex.c" -mcpu=cortex-m3 -std=gnu11 -g3 -DDEBUG -DUSE_HAL_DRIVER -DSTM32F103xB -c -I../Core/Inc -I../Drivers/STM32F1xx_HAL_Driver/Inc/Legacy -I../Drivers/STM32F1xx_HAL_Driver/Inc -I../Drivers/CMSIS/Device/ST/STM32F1xx/Include -I../Drivers/CMSIS/Include -I../USB_DEVICE/App -I../USB_DEVICE/Target -I../Middlewares/ST/STM32_USB_Device_Library/Core/Inc -I../Middlewares/ST/STM32_USB_Device_Library/Class/CDC/Inc -O0 -ffunction-sections -fdata-sections -Wall -fstack-usage -fcyclomatic-complexity -MMD -MP -MF"Drivers/STM32F1xx_HAL_Driver/Src/stm32f1xx_hal_cortex.d" -MT"Drivers/STM32F1xx_HAL_Driver/Src/stm32f1xx_hal_cortex.o" --specs=nano.specs -mfloat-abi=soft -mthumb -o "Drivers/STM32F1xx_HAL_Driver/Src/stm32f1xx_hal_cortex.o"
arm-none-eabi-gcc "../Drivers/STM32F1xx_HAL_Driver/Src/stm32f1xx_hal_dma.c" -mcpu=cortex-m3 -std=gnu11 -g3 -DDEBUG -DUSE_HAL_DRIVER -DSTM32F103xB -c -I../Core/Inc -I../Drivers/STM32F1xx_HAL_Driver/Inc/Legacy -I../Drivers/STM32F1xx_HAL_Driver/Inc -I../Drivers/CMSIS/Device/ST/STM32F1xx/Include -I../Drivers/CMSIS/Include -I../USB_DEVICE/App -I../USB_DEVICE/Target -I../Middlewares/ST/STM32_USB_Device_Library/Core/Inc -I../Middlewares/ST/STM32_USB_Device_Library/Class/CDC/Inc -O0 -ffunction-sections -fdata-sections -Wall -fstack-usage -fcyclomatic-complexity -MMD -MP -MF"Drivers/STM32F1xx_HAL_Driver/Src/stm32f1xx_hal_dma.d" -MT"Drivers/STM32F1xx_HAL_Driver/Src/stm32f1xx_hal_dma.o" --specs=nano.specs -mfloat-abi=soft -mthumb -o "Drivers/STM32F1xx_HAL_Driver/Src/stm32f1xx_hal_dma.o"
arm-none-eabi-gcc "../Drivers/STM32F1xx_HAL_Driver/Src/stm32f1xx_hal_exti.c" -mcpu=cortex-m3 -std=gnu11 -g3 -DDEBUG -DUSE_HAL_DRIVER -DSTM32F103xB -c -I../Core/Inc -I../Drivers/STM32F1xx_HAL_Driver/Inc/Legacy -I../Drivers/STM32F1xx_HAL_Driver/Inc -I../Drivers/CMSIS/Device/ST/STM32F1xx/Include -I../Drivers/CMSIS/Include -I../USB_DEVICE/App -I../USB_DEVICE/Target -I../Middlewares/ST/STM32_USB_Device_Library/Core/Inc -I../Middlewares/ST/STM32_USB_Device_Library/Class/CDC/Inc -O0 -ffunction-sections -fdata-sections -Wall -fstack-usage -fcyclomatic-complexity -MMD -MP -MF"Drivers/STM32F1xx_HAL_Driver/Src/stm32f1xx_hal_exti.d" -MT"Drivers/STM32F1xx_HAL_Driver/Src/stm32f1xx_hal_exti.o" --specs=nano.specs -mfloat-abi=soft -mthumb -o "Drivers/STM32F1xx_HAL_Driver/Src/stm32f1xx_hal_exti.o"
arm-none-eabi-gcc "../Drivers/STM32F1xx_HAL_Driver/Src/stm32f1xx_hal_flash.c" -mcpu=cortex-m3 -std=gnu11 -g3 -DDEBUG -DUSE_HAL_DRIVER -DSTM32F103xB -c -I../Core/Inc -I../Drivers/STM32F1xx_HAL_Driver/Inc/Legacy -I../Drivers/STM32F1xx_HAL_Driver/Inc -I../Drivers/CMSIS/Device/ST/STM32F1xx/Include -I../Drivers/CMSIS/Include -I../USB_DEVICE/App -I../USB_DEVICE/Target -I../Middlewares/ST/STM32_USB_Device_Library/Core/Inc -I../Middlewares/ST/STM32_USB_Device_Library/Class/CDC/Inc -O0 -ffunction-sections -fdata-sections -Wall -fstack-usage -fcyclomatic-complexity -MMD -MP -MF"Drivers/STM32F1xx_HAL_Driver/Src/stm32f1xx_hal_flash.d" -MT"Drivers/STM32F1xx_HAL_Driver/Src/stm32f1xx_hal_flash.o" --specs=nano.specs -mfloat-abi=soft -mthumb -o "Drivers/STM32F1xx_HAL_Driver/Src/stm32f1xx_hal_flash.o"
arm-none-eabi-gcc "../Drivers/STM32F1xx_HAL_Driver/Src/stm32f1xx_hal_flash_ex.c" -mcpu=cortex-m3 -std=gnu11 -g3 -DDEBUG -DUSE_HAL_DRIVER -DSTM32F103xB -c -I../Core/Inc -I../Drivers/STM32F1xx_HAL_Driver/Inc/Legacy -I../Drivers/STM32F1xx_HAL_Driver/Inc -I../Drivers/CMSIS/Device/ST/STM32F1xx/Include -I../Drivers/CMSIS/Include -I../USB_DEVICE/App -I../USB_DEVICE/Target -I../Middlewares/ST/STM32_USB_Device_Library/Core/Inc -I../Middlewares/ST/STM32_USB_Device_Library/Class/CDC/Inc -O0 -ffunction-sections -fdata-sections -Wall -fstack-usage -fcyclomatic-complexity -MMD -MP -MF"Drivers/STM32F1xx_HAL_Driver/Src/stm32f1xx_hal_flash_ex.d" -MT"Drivers/STM32F1xx_HAL_Driver/Src/stm32f1xx_hal_flash_ex.o" --specs=nano.specs -mfloat-abi=soft -mthumb -o "Drivers/STM32F1xx_HAL_Driver/Src/stm32f1xx_hal_flash_ex.o"
arm-none-eabi-gcc "../Drivers/STM32F1xx_HAL_Driver/Src/stm32f1xx_hal_gpio.c" -mcpu=cortex-m3 -std=gnu11 -g3 -DDEBUG -DUSE_HAL_DRIVER -DSTM32F103xB -c -I../Core/Inc -I../Drivers/STM32F1xx_HAL_Driver/Inc/Legacy -I../Drivers/STM32F1xx_HAL_Driver/Inc -I../Drivers/CMSIS/Device/ST/STM32F1xx/Include -I../Drivers/CMSIS/Include -I../USB_DEVICE/App -I../USB_DEVICE/Target -I../Middlewares/ST/STM32_USB_Device_Library/Core/Inc -I../Middlewares/ST/STM32_USB_Device_Library/Class/CDC/Inc -O0 -ffunction-sections -fdata-sections -Wall -fstack-usage -fcyclomatic-complexity -MMD -MP -MF"Drivers/STM32F1xx_HAL_Driver/Src/stm32f1xx_hal_gpio.d" -MT"Drivers/STM32F1xx_HAL_Driver/Src/stm32f1xx_hal_gpio.o" --specs=nano.specs -mfloat-abi=soft -mthumb -o "Drivers/STM32F1xx_HAL_Driver/Src/stm32f1xx_hal_gpio.o"
arm-none-eabi-gcc "../Drivers/STM32F1xx_HAL_Driver/Src/stm32f1xx_hal_gpio_ex.c" -mcpu=cortex-m3 -std=gnu11 -g3 -DDEBUG -DUSE_HAL_DRIVER -DSTM32F103xB -c -I../Core/Inc -I../Drivers/STM32F1xx_HAL_Driver/Inc/Legacy -I../Drivers/STM32F1xx_HAL_Driver/Inc -I../Drivers/CMSIS/Device/ST/STM32F1xx/Include -I../Drivers/CMSIS/Include -I../USB_DEVICE/App -I../USB_DEVICE/Target -I../Middlewares/ST/STM32_USB_Device_Library/Core/Inc -I../Middlewares/ST/STM32_USB_Device_Library/Class/CDC/Inc -O0 -ffunction-sections -fdata-sections -Wall -fstack-usage -fcyclomatic-complexity -MMD -MP -MF"Drivers/STM32F1xx_HAL_Driver/Src/stm32f1xx_hal_gpio_ex.d" -MT"Drivers/STM32F1xx_HAL_Driver/Src/stm32f1xx_hal_gpio_ex.o" --specs=nano.specs -mfloat-abi=soft -mthumb -o "Drivers/STM32F1xx_HAL_Driver/Src/stm32f1xx_hal_gpio_ex.o"
arm-none-eabi-gcc "../Drivers/STM32F1xx_HAL_Driver/Src/stm32f1xx_hal_i2c.c" -mcpu=cortex-m3 -std=gnu11 -g3 -DDEBUG -DUSE_HAL_DRIVER -DSTM32F103xB -c -I../Core/Inc -I../Drivers/STM32F1xx_HAL_Driver/Inc/Legacy -I../Drivers/STM32F1xx_HAL_Driver/Inc -I../Drivers/CMSIS/Device/ST/STM32F1xx/Include -I../Drivers/CMSIS/Include -I../USB_DEVICE/App -I../USB_DEVICE/Target -I../Middlewares/ST/STM32_USB_Device_Library/Core/Inc -I../Middlewares/ST/STM32_USB_Device_Library/Class/CDC/Inc -O0 -ffunction-sections -fdata-sections -Wall -fstack-usage -fcyclomatic-complexity -MMD -MP -MF"Drivers/STM32F1xx_HAL_Driver/Src/stm32f1xx_hal_i2c.d" -MT"Drivers/STM32F1xx_HAL_Driver/Src/stm32f1xx_hal_i2c.o" --specs=nano.specs -mfloat-abi=soft -mthumb -o "Drivers/STM32F1xx_HAL_Driver/Src/stm32f1xx_hal_i2c.o"
arm-none-eabi-gcc "../Drivers/STM32F1xx_HAL_Driver/Src/stm32f1xx_hal_pcd.c" -mcpu=cortex-m3 -std=gnu11 -g3 -DDEBUG -DUSE_HAL_DRIVER -DSTM32F103xB -c -I../Core/Inc -I../Drivers/STM32F1xx_HAL_Driver/Inc/Legacy -I../Drivers/STM32F1xx_HAL_Driver/Inc -I../Drivers/CMSIS/Device/ST/STM32F1xx/Include -I../Drivers/CMSIS/Include -I../USB_DEVICE/App -I../USB_DEVICE/Target -I../Middlewares/ST/STM32_USB_Device_Library/Core/Inc -I../Middlewares/ST/STM32_USB_Device_Library/Class/CDC/Inc -O0 -ffunction-sections -fdata-sections -Wall -fstack-usage -fcyclomatic-complexity -MMD -MP -MF"Drivers/STM32F1xx_HAL_Driver/Src/stm32f1xx_hal_pcd.d" -MT"Drivers/STM32F1xx_HAL_Driver/Src/stm32f1xx_hal_pcd.o" --specs=nano.specs -mfloat-abi=soft -mthumb -o "Drivers/STM32F1xx_HAL_Driver/Src/stm32f1xx_hal_pcd.o"
arm-none-eabi-gcc "../Drivers/STM32F1xx_HAL_Driver/Src/stm32f1xx_hal_pcd_ex.c" -mcpu=cortex-m3 -std=gnu11 -g3 -DDEBUG -DUSE_HAL_DRIVER -DSTM32F103xB -c -I../Core/Inc -I../Drivers/STM32F1xx_HAL_Driver/Inc/Legacy -I../Drivers/STM32F1xx_HAL_Driver/Inc -I../Drivers/CMSIS/Device/ST/STM32F1xx/Include -I../Drivers/CMSIS/Include -I../USB_DEVICE/App -I../USB_DEVICE/Target -I../Middlewares/ST/STM32_USB_Device_Library/Core/Inc -I../Middlewares/ST/STM32_USB_Device_Library/Class/CDC/Inc -O0 -ffunction-sections -fdata-sections -Wall -fstack-usage -fcyclomatic-complexity -MMD -MP -MF"Drivers/STM32F1xx_HAL_Driver/Src/stm32f1xx_hal_pcd_ex.d" -MT"Drivers/STM32F1xx_HAL_Driver/Src/stm32f1xx_hal_pcd_ex.o" --specs=nano.specs -mfloat-abi=soft -mthumb -o "Drivers/STM32F1xx_HAL_Driver/Src/stm32f1xx_hal_pcd_ex.o"
arm-none-eabi-gcc "../Drivers/STM32F1xx_HAL_Driver/Src/stm32f1xx_hal_pwr.c" -mcpu=cortex-m3 -std=gnu11 -g3 -DDEBUG -DUSE_HAL_DRIVER -DSTM32F103xB -c -I../Core/Inc -I../Drivers/STM32F1xx_HAL_Driver/Inc/Legacy -I../Drivers/STM32F1xx_HAL_Driver/Inc -I../Drivers/CMSIS/Device/ST/STM32F1xx/Include -I../Drivers/CMSIS/Include -I../USB_DEVICE/App -I../USB_DEVICE/Target -I../Middlewares/ST/STM32_USB_Device_Library/Core/Inc -I../Middlewares/ST/STM32_USB_Device_Library/Class/CDC/Inc -O0 -ffunction-sections -fdata-sections -Wall -fstack-usage -fcyclomatic-complexity -MMD -MP -MF"Drivers/STM32F1xx_HAL_Driver/Src/stm32f1xx_hal_pwr.d" -MT"Drivers/STM32F1xx_HAL_Driver/Src/stm32f1xx_hal_pwr.o" --specs=nano.specs -mfloat-abi=soft -mthumb -o "Drivers/STM32F1xx_HAL_Driver/Src/stm32f1xx_hal_pwr.o"
arm-none-eabi-gcc "../Drivers/STM32F1xx_HAL_Driver/Src/stm32f1xx_hal_rcc.c" -mcpu=cortex-m3 -std=gnu11 -g3 -DDEBUG -DUSE_HAL_DRIVER -DSTM32F103xB -c -I../Core/Inc -I../Drivers/STM32F1xx_HAL_Driver/Inc/Legacy -I../Drivers/STM32F1xx_HAL_Driver/Inc -I../Drivers/CMSIS/Device/ST/STM32F1xx/Include -I../Drivers/CMSIS/Include -I../USB_DEVICE/App -I../USB_DEVICE/Target -I../Middlewares/ST/STM32_USB_Device_Library/Core/Inc -I../Middlewares/ST/STM32_USB_Device_Library/Class/CDC/Inc -O0 -ffunction-sections -fdata-sections -Wall -fstack-usage -fcyclomatic-complexity -MMD -MP -MF"Drivers/STM32F1xx_HAL_Driver/Src/stm32f1xx_hal_rcc.d" -MT"Drivers/STM32F1xx_HAL_Driver/Src/stm32f1xx_hal_rcc.o" --specs=nano.specs -mfloat-abi=soft -mthumb -o "Drivers/STM32F1xx_HAL_Driver/Src/stm32f1xx_hal_rcc.o"
arm-none-eabi-gcc "../Drivers/STM32F1xx_HAL_Driver/Src/stm32f1xx_hal_rcc_ex.c" -mcpu=cortex-m3 -std=gnu11 -g3 -DDEBUG -DUSE_HAL_DRIVER -DSTM32F103xB -c -I../Core/Inc -I../Drivers/STM32F1xx_HAL_Driver/Inc/Legacy -I../Drivers/STM32F1xx_HAL_Driver/Inc -I../Drivers/CMSIS/Device/ST/STM32F1xx/Include -I../Drivers/CMSIS/Include -I../USB_DEVICE/App -I../USB_DEVICE/Target -I../Middlewares/ST/STM32_USB_Device_Library/Core/Inc -I../Middlewares/ST/STM32_USB_Device_Library/Class/CDC/Inc -O0 -ffunction-sections -fdata-sections -Wall -fstack-usage -fcyclomatic-complexity -MMD -MP -MF"Drivers/STM32F1xx_HAL_Driver/Src/stm32f1xx_hal_rcc_ex.d" -MT"Drivers/STM32F1xx_HAL_Driver/Src/stm32f1xx_hal_rcc_ex.o" --specs=nano.specs -mfloat-abi=soft -mthumb -o "Drivers/STM32F1xx_HAL_Driver/Src/stm32f1xx_hal_rcc_ex.o"
arm-none-eabi-gcc "../Drivers/STM32F1xx_HAL_Driver/Src/stm32f1xx_hal_tim.c" -mcpu=cortex-m3 -std=gnu11 -g3 -DDEBUG -DUSE_HAL_DRIVER -DSTM32F103xB -c -I../Core/Inc -I../Drivers/STM32F1xx_HAL_Driver/Inc/Legacy -I../Drivers/STM32F1xx_HAL_Driver/Inc -I../Drivers/CMSIS/Device/ST/STM32F1xx/Include -I../Drivers/CMSIS/Include -I../USB_DEVICE/App -I../USB_DEVICE/Target -I../Middlewares/ST/STM32_USB_Device_Library/Core/Inc -I../Middlewares/ST/STM32_USB_Device_Library/Class/CDC/Inc -O0 -ffunction-sections -fdata-sections -Wall -fstack-usage -fcyclomatic-complexity -MMD -MP -MF"Drivers/STM32F1xx_HAL_Driver/Src/stm32f1xx_hal_tim.d" -MT"Drivers/STM32F1xx_HAL_Driver/Src/stm32f1xx_hal_tim.o" --specs=nano.specs -mfloat-abi=soft -mthumb -o "Drivers/STM32F1xx_HAL_Driver/Src/stm32f1xx_hal_tim.o"
arm-none-eabi-gcc "../Drivers/STM32F1xx_HAL_Driver/Src/stm32f1xx_hal_tim_ex.c" -mcpu=cortex-m3 -std=gnu11 -g3 -DDEBUG -DUSE_HAL_DRIVER -DSTM32F103xB -c -I../Core/Inc -I../Drivers/STM32F1xx_HAL_Driver/Inc/Legacy -I../Drivers/STM32F1xx_HAL_Driver/Inc -I../Drivers/CMSIS/Device/ST/STM32F1xx/Include -I../Drivers/CMSIS/Include -I../USB_DEVICE/App -I../USB_DEVICE/Target -I../Middlewares/ST/STM32_USB_Device_Library/Core/Inc -I../Middlewares/ST/STM32_USB_Device_Library/Class/CDC/Inc -O0 -ffunction-sections -fdata-sections -Wall -fstack-usage -fcyclomatic-complexity -MMD -MP -MF"Drivers/STM32F1xx_HAL_Driver/Src/stm32f1xx_hal_tim_ex.d" -MT"Drivers/STM32F1xx_HAL_Driver/Src/stm32f1xx_hal_tim_ex.o" --specs=nano.specs -mfloat-abi=soft -mthumb -o "Drivers/STM32F1xx_HAL_Driver/Src/stm32f1xx_hal_tim_ex.o"
arm-none-eabi-gcc "../Drivers/STM32F1xx_HAL_Driver/Src/stm32f1xx_ll_usb.c" -mcpu=cortex-m3 -std=gnu11 -g3 -DDEBUG -DUSE_HAL_DRIVER -DSTM32F103xB -c -I../Core/Inc -I../Drivers/STM32F1xx_HAL_Driver/Inc/Legacy -I../Drivers/STM32F1xx_HAL_Driver/Inc -I../Drivers/CMSIS/Device/ST/STM32F1xx/Include -I../Drivers/CMSIS/Include -I../USB_DEVICE/App -I../USB_DEVICE/Target -I../Middlewares/ST/STM32_USB_Device_Library/Core/Inc -I../Middlewares/ST/STM32_USB_Device_Library/Class/CDC/Inc -O0 -ffunction-sections -fdata-sections -Wall -fstack-usage -fcyclomatic-complexity -MMD -MP -MF"Drivers/STM32F1xx_HAL_Driver/Src/stm32f1xx_ll_usb.d" -MT"Drivers/STM32F1xx_HAL_Driver/Src/stm32f1xx_ll_usb.o" --specs=nano.specs -mfloat-abi=soft -mthumb -o "Drivers/STM32F1xx_HAL_Driver/Src/stm32f1xx_ll_usb.o"
arm-none-eabi-gcc -mcpu=cortex-m3 -g3 -DDEBUG -c -x assembler-with-cpp -MMD -MP -MF"Core/Startup/startup_stm32f103c8tx.d" -MT"Core/Startup/startup_stm32f103c8tx.o" --specs=nano.specs -mfloat-abi=soft -mthumb -o "Core/Startup/startup_stm32f103c8tx.o" "../Core/Startup/startup_stm32f103c8tx.s"
arm-none-eabi-gcc "../Core/Src/User/HC-SR04.c" -mcpu=cortex-m3 -std=gnu11 -g3 -DDEBUG -DUSE_HAL_DRIVER -DSTM32F103xB -c -I../Core/Inc -I../Drivers/STM32F1xx_HAL_Driver/Inc/Legacy -I../Drivers/STM32F1xx_HAL_Driver/Inc -I../Drivers/CMSIS/Device/ST/STM32F1xx/Include -I../Drivers/CMSIS/Include -I../USB_DEVICE/App -I../USB_DEVICE/Target -I../Middlewares/ST/STM32_USB_Device_Library/Core/Inc -I../Middlewares/ST/STM32_USB_Device_Library/Class/CDC/Inc -O0 -ffunction-sections -fdata-sections -Wall -fstack-usage -fcyclomatic-complexity -MMD -MP -MF"Core/Src/User/HC-SR04.d" -MT"Core/Src/User/HC-SR04.o" --specs=nano.specs -mfloat-abi=soft -mthumb -o "Core/Src/User/HC-SR04.o"
arm-none-eabi-gcc "../Core/Src/User/OLED.c" -mcpu=cortex-m3 -std=gnu11 -g3 -DDEBUG -DUSE_HAL_DRIVER -DSTM32F103xB -c -I../Core/Inc -I../Drivers/STM32F1xx_HAL_Driver/Inc/Legacy -I../Drivers/STM32F1xx_HAL_Driver/Inc -I../Drivers/CMSIS/Device/ST/STM32F1xx/Include -I../Drivers/CMSIS/Include -I../USB_DEVICE/App -I../USB_DEVICE/Target -I../Middlewares/ST/STM32_USB_Device_Library/Core/Inc -I../Middlewares/ST/STM32_USB_Device_Library/Class/CDC/Inc -O0 -ffunction-sections -fdata-sections -Wall -fstack-usage -fcyclomatic-complexity -MMD -MP -MF"Core/Src/User/OLED.d" -MT"Core/Src/User/OLED.o" --specs=nano.specs -mfloat-abi=soft -mthumb -o "Core/Src/User/OLED.o"
arm-none-eabi-gcc "../Core/Src/User/font.c" -mcpu=cortex-m3 -std=gnu11 -g3 -DDEBUG -DUSE_HAL_DRIVER -DSTM32F103xB -c -I../Core/Inc -I../Drivers/STM32F1xx_HAL_Driver/Inc/Legacy -I../Drivers/STM32F1xx_HAL_Driver/Inc -I../Drivers/CMSIS/Device/ST/STM32F1xx/Include -I../Drivers/CMSIS/Include -I../USB_DEVICE/App -I../USB_DEVICE/Target -I../Middlewares/ST/STM32_USB_Device_Library/Core/Inc -I../Middlewares/ST/STM32_USB_Device_Library/Class/CDC/Inc -O0 -ffunction-sections -fdata-sections -Wall -fstack-usage -fcyclomatic-complexity -MMD -MP -MF"Core/Src/User/font.d" -MT"Core/Src/User/font.o" --specs=nano.specs -mfloat-abi=soft -mthumb -o "Core/Src/User/font.o"
arm-none-eabi-gcc "../Core/Src/gpio.c" -mcpu=cortex-m3 -std=gnu11 -g3 -DDEBUG -DUSE_HAL_DRIVER -DSTM32F103xB -c -I../Core/Inc -I../Drivers/STM32F1xx_HAL_Driver/Inc/Legacy -I../Drivers/STM32F1xx_HAL_Driver/Inc -I../Drivers/CMSIS/Device/ST/STM32F1xx/Include -I../Drivers/CMSIS/Include -I../USB_DEVICE/App -I../USB_DEVICE/Target -I../Middlewares/ST/STM32_USB_Device_Library/Core/Inc -I../Middlewares/ST/STM32_USB_Device_Library/Class/CDC/Inc -O0 -ffunction-sections -fdata-sections -Wall -fstack-usage -fcyclomatic-complexity -MMD -MP -MF"Core/Src/gpio.d" -MT"Core/Src/gpio.o" --specs=nano.specs -mfloat-abi=soft -mthumb -o "Core/Src/gpio.o"
arm-none-eabi-gcc "../Core/Src/i2c.c" -mcpu=cortex-m3 -std=gnu11 -g3 -DDEBUG -DUSE_HAL_DRIVER -DSTM32F103xB -c -I../Core/Inc -I../Drivers/STM32F1xx_HAL_Driver/Inc/Legacy -I../Drivers/STM32F1xx_HAL_Driver/Inc -I../Drivers/CMSIS/Device/ST/STM32F1xx/Include -I../Drivers/CMSIS/Include -I../USB_DEVICE/App -I../USB_DEVICE/Target -I../Middlewares/ST/STM32_USB_Device_Library/Core/Inc -I../Middlewares/ST/STM32_USB_Device_Library/Class/CDC/Inc -O0 -ffunction-sections -fdata-sections -Wall -fstack-usage -fcyclomatic-complexity -MMD -MP -MF"Core/Src/i2c.d" -MT"Core/Src/i2c.o" --specs=nano.specs -mfloat-abi=soft -mthumb -o "Core/Src/i2c.o"
arm-none-eabi-gcc "../Core/Src/main.c" -mcpu=cortex-m3 -std=gnu11 -g3 -DDEBUG -DUSE_HAL_DRIVER -DSTM32F103xB -c -I../Core/Inc -I../Drivers/STM32F1xx_HAL_Driver/Inc/Legacy -I../Drivers/STM32F1xx_HAL_Driver/Inc -I../Drivers/CMSIS/Device/ST/STM32F1xx/Include -I../Drivers/CMSIS/Include -I../USB_DEVICE/App -I../USB_DEVICE/Target -I../Middlewares/ST/STM32_USB_Device_Library/Core/Inc -I../Middlewares/ST/STM32_USB_Device_Library/Class/CDC/Inc -O0 -ffunction-sections -fdata-sections -Wall -fstack-usage -fcyclomatic-complexity -MMD -MP -MF"Core/Src/main.d" -MT"Core/Src/main.o" --specs=nano.specs -mfloat-abi=soft -mthumb -o "Core/Src/main.o"
arm-none-eabi-gcc "../Core/Src/stm32f1xx_hal_msp.c" -mcpu=cortex-m3 -std=gnu11 -g3 -DDEBUG -DUSE_HAL_DRIVER -DSTM32F103xB -c -I../Core/Inc -I../Drivers/STM32F1xx_HAL_Driver/Inc/Legacy -I../Drivers/STM32F1xx_HAL_Driver/Inc -I../Drivers/CMSIS/Device/ST/STM32F1xx/Include -I../Drivers/CMSIS/Include -I../USB_DEVICE/App -I../USB_DEVICE/Target -I../Middlewares/ST/STM32_USB_Device_Library/Core/Inc -I../Middlewares/ST/STM32_USB_Device_Library/Class/CDC/Inc -O0 -ffunction-sections -fdata-sections -Wall -fstack-usage -fcyclomatic-complexity -MMD -MP -MF"Core/Src/stm32f1xx_hal_msp.d" -MT"Core/Src/stm32f1xx_hal_msp.o" --specs=nano.specs -mfloat-abi=soft -mthumb -o "Core/Src/stm32f1xx_hal_msp.o"
arm-none-eabi-gcc "../Core/Src/stm32f1xx_it.c" -mcpu=cortex-m3 -std=gnu11 -g3 -DDEBUG -DUSE_HAL_DRIVER -DSTM32F103xB -c -I../Core/Inc -I../Drivers/STM32F1xx_HAL_Driver/Inc/Legacy -I../Drivers/STM32F1xx_HAL_Driver/Inc -I../Drivers/CMSIS/Device/ST/STM32F1xx/Include -I../Drivers/CMSIS/Include -I../USB_DEVICE/App -I../USB_DEVICE/Target -I../Middlewares/ST/STM32_USB_Device_Library/Core/Inc -I../Middlewares/ST/STM32_USB_Device_Library/Class/CDC/Inc -O0 -ffunction-sections -fdata-sections -Wall -fstack-usage -fcyclomatic-complexity -MMD -MP -MF"Core/Src/stm32f1xx_it.d" -MT"Core/Src/stm32f1xx_it.o" --specs=nano.specs -mfloat-abi=soft -mthumb -o "Core/Src/stm32f1xx_it.o"
arm-none-eabi-gcc "../Core/Src/syscalls.c" -mcpu=cortex-m3 -std=gnu11 -g3 -DDEBUG -DUSE_HAL_DRIVER -DSTM32F103xB -c -I../Core/Inc -I../Drivers/STM32F1xx_HAL_Driver/Inc/Legacy -I../Drivers/STM32F1xx_HAL_Driver/Inc -I../Drivers/CMSIS/Device/ST/STM32F1xx/Include -I../Drivers/CMSIS/Include -I../USB_DEVICE/App -I../USB_DEVICE/Target -I../Middlewares/ST/STM32_USB_Device_Library/Core/Inc -I../Middlewares/ST/STM32_USB_Device_Library/Class/CDC/Inc -O0 -ffunction-sections -fdata-sections -Wall -fstack-usage -fcyclomatic-complexity -MMD -MP -MF"Core/Src/syscalls.d" -MT"Core/Src/syscalls.o" --specs=nano.specs -mfloat-abi=soft -mthumb -o "Core/Src/syscalls.o"
../Core/Src/User/font.c:9:22: warning: missing braces around initializer [-Wmissing-braces]
    9 | uint8_t EN8_16[][16]={
      |                      ^
   10 |                 0x00,0x00,0x00,0x00,0x00,0x00,0x00,0x00,0x00,0x00,0x00,0x00,0x00,0x00,0x00,0x00,/*" ",0*/
      |                 {                                                                              }
......
   13 |                 0x00,0x00,0x00,0xF8,0x00,0x00,0x00,0x00,0x00,0x00,0x00,0x33,0x00,0x00,0x00,0x00,/*"!",1*/
      |                 {                                                                              }
......
   16 |                 0x00,0x10,0x0C,0x02,0x10,0x0C,0x02,0x00,0x00,0x00,0x00,0x00,0x00,0x00,0x00,0x00,/*""",2*/
      |                 {                                                                              }
......
   19 |                 0x00,0x40,0xC0,0x78,0x40,0xC0,0x78,0x00,0x00,0x04,0x3F,0x04,0x04,0x3F,0x04,0x00,/*"#",3*/
      |                 {                                                                              }
......
   22 |                 0x00,0x70,0x88,0x88,0xFC,0x08,0x30,0x00,0x00,0x18,0x20,0x20,0xFF,0x21,0x1E,0x00,/*"$",4*/
      |                 {                                                                              }
......
   25 |                 0xF0,0x08,0xF0,0x80,0x60,0x18,0x00,0x00,0x00,0x31,0x0C,0x03,0x1E,0x21,0x1E,0x00,/*"%",5*/
      |                 {                                                                              }
......
   28 |                 0x00,0xF0,0x08,0x88,0x70,0x00,0x00,0x00,0x1E,0x21,0x23,0x2C,0x19,0x27,0x21,0x10,/*"&",6*/
      |                 {                                                                              }
......
   31 |                 0x00,0x12,0x0E,0x00,0x00,0x00,0x00,0x00,0x00,0x00,0x00,0x00,0x00,0x00,0x00,0x00,/*"'",7*/
      |                 {                                                                              }
......
   34 |                 0x00,0x00,0x00,0xE0,0x18,0x04,0x02,0x00,0x00,0x00,0x00,0x07,0x18,0x20,0x40,0x00,/*"(",8*/
      |                 {                                                                              }
......
   37 |                 0x00,0x02,0x04,0x18,0xE0,0x00,0x00,0x00,0x00,0x40,0x20,0x18,0x07,0x00,0x00,0x00,/*")",9*/
      |                 {                                                                              }
......
   40 |                 0x40,0x40,0x80,0xF0,0x80,0x40,0x40,0x00,0x02,0x02,0x01,0x0F,0x01,0x02,0x02,0x00,/*"*",10*/
      |                 {                                                                              }
......
   43 |                 0x00,0x00,0x00,0x00,0xE0,0x00,0x00,0x00,0x00,0x01,0x01,0x01,0x0F,0x01,0x01,0x01,/*"+",11*/
      |                 {                                                                              }
......
   46 |                 0x00,0x00,0x00,0x00,0x00,0x00,0x00,0x00,0x00,0x90,0x70,0x00,0x00,0x00,0x00,0x00,/*",",12*/
      |                 {                                                                              }
......
   49 |                 0x00,0x00,0x00,0x00,0x00,0x00,0x00,0x00,0x00,0x01,0x01,0x01,0x01,0x01,0x01,0x00,/*"-",13*/
      |                 {                                                                              }
......
   52 |                 0x00,0x00,0x00,0x00,0x00,0x00,0x00,0x00,0x00,0x30,0x30,0x00,0x00,0x00,0x00,0x00,/*".",14*/
      |                 {                                                                              }
......
   55 |                 0x00,0x00,0x00,0x00,0xC0,0x38,0x04,0x00,0x00,0x60,0x18,0x07,0x00,0x00,0x00,0x00,/*"/",15*/
      |                 {                                                                              }
......
   58 |                 0x00,0xE0,0x10,0x08,0x08,0x10,0xE0,0x00,0x00,0x0F,0x10,0x20,0x20,0x10,0x0F,0x00,/*"0",16*/
      |                 {                                                                              }
......
   61 |                 0x00,0x00,0x10,0x10,0xF8,0x00,0x00,0x00,0x00,0x00,0x20,0x20,0x3F,0x20,0x20,0x00,/*"1",17*/
      |                 {                                                                              }
......
   64 |                 0x00,0x70,0x08,0x08,0x08,0x08,0xF0,0x00,0x00,0x30,0x28,0x24,0x22,0x21,0x30,0x00,/*"2",18*/
      |                 {                                                                              }
......
   67 |                 0x00,0x30,0x08,0x08,0x08,0x88,0x70,0x00,0x00,0x18,0x20,0x21,0x21,0x22,0x1C,0x00,/*"3",19*/
      |                 {                                                                              }
......
   70 |                 0x00,0x00,0x80,0x40,0x30,0xF8,0x00,0x00,0x00,0x06,0x05,0x24,0x24,0x3F,0x24,0x24,/*"4",20*/
      |                 {                                                                              }
......
   73 |                 0x00,0xF8,0x88,0x88,0x88,0x08,0x08,0x00,0x00,0x19,0x20,0x20,0x20,0x11,0x0E,0x00,/*"5",21*/
      |                 {                                                                              }
......
   76 |                 0x00,0xE0,0x10,0x88,0x88,0x90,0x00,0x00,0x00,0x0F,0x11,0x20,0x20,0x20,0x1F,0x00,/*"6",22*/
      |                 {                                                                              }
......
   79 |                 0x00,0x18,0x08,0x08,0x88,0x68,0x18,0x00,0x00,0x00,0x00,0x3E,0x01,0x00,0x00,0x00,/*"7",23*/
      |                 {                                                                              }
......
   82 |                 0x00,0x70,0x88,0x08,0x08,0x88,0x70,0x00,0x00,0x1C,0x22,0x21,0x21,0x22,0x1C,0x00,/*"8",24*/
      |                 {                                                                              }
......
   85 |                 0x00,0xF0,0x08,0x08,0x08,0x10,0xE0,0x00,0x00,0x01,0x12,0x22,0x22,0x11,0x0F,0x00,/*"9",25*/
      |                 {                                                                              }
......
   88 |                 0x00,0x00,0x00,0xC0,0xC0,0x00,0x00,0x00,0x00,0x00,0x00,0x30,0x30,0x00,0x00,0x00,/*":",26*/
      |                 {                                                                              }
......
   91 |                 0x00,0x00,0x00,0x80,0x00,0x00,0x00,0x00,0x00,0x00,0x00,0xE0,0x00,0x00,0x00,0x00,/*";",27*/
      |                 {                                                                              }
......
   94 |                 0x00,0x00,0x80,0x40,0x20,0x10,0x08,0x00,0x00,0x01,0x02,0x04,0x08,0x10,0x20,0x00,/*"<",28*/
      |                 {                                                                              }
......
   97 |                 0x00,0x40,0x40,0x40,0x40,0x40,0x40,0x00,0x00,0x02,0x02,0x02,0x02,0x02,0x02,0x00,/*"=",29*/
      |                 {                                                                              }
......
  100 |                 0x00,0x08,0x10,0x20,0x40,0x80,0x00,0x00,0x00,0x20,0x10,0x08,0x04,0x02,0x01,0x00,/*">",30*/
      |                 {                                                                              }
......
  103 |                 0x00,0x70,0x48,0x08,0x08,0x88,0x70,0x00,0x00,0x00,0x00,0x30,0x37,0x00,0x00,0x00,/*"?",31*/
      |                 {                                                                              }
......
  106 |                 0xC0,0x30,0xC8,0x28,0xE8,0x10,0xE0,0x00,0x07,0x18,0x27,0x28,0x2F,0x28,0x17,0x00,/*"@",32*/
      |                 {                                                                              }
......
  109 |                 0x00,0x00,0xC0,0x38,0xE0,0x00,0x00,0x00,0x20,0x3C,0x23,0x02,0x02,0x27,0x38,0x20,/*"A",33*/
      |                 {                                                                              }
......
  112 |                 0x08,0xF8,0x88,0x88,0x88,0x70,0x00,0x00,0x20,0x3F,0x20,0x20,0x20,0x11,0x0E,0x00,/*"B",34*/
      |                 {                                                                              }
......
  115 |                 0xC0,0x30,0x08,0x08,0x08,0x08,0x38,0x00,0x07,0x18,0x20,0x20,0x20,0x10,0x08,0x00,/*"C",35*/
      |                 {                                                                              }
......
  118 |                 0x08,0xF8,0x08,0x08,0x08,0x10,0xE0,0x00,0x20,0x3F,0x20,0x20,0x20,0x10,0x0F,0x00,/*"D",36*/
      |                 {                                                                              }
......
  121 |                 0x08,0xF8,0x88,0x88,0xE8,0x08,0x10,0x00,0x20,0x3F,0x20,0x20,0x23,0x20,0x18,0x00,/*"E",37*/
      |                 {                                                                              }
......
  124 |                 0x08,0xF8,0x88,0x88,0xE8,0x08,0x10,0x00,0x20,0x3F,0x20,0x00,0x03,0x00,0x00,0x00,/*"F",38*/
      |                 {                                                                              }
......
  127 |                 0xC0,0x30,0x08,0x08,0x08,0x38,0x00,0x00,0x07,0x18,0x20,0x20,0x22,0x1E,0x02,0x00,/*"G",39*/
      |                 {                                                                              }
......
  130 |                 0x08,0xF8,0x08,0x00,0x00,0x08,0xF8,0x08,0x20,0x3F,0x21,0x01,0x01,0x21,0x3F,0x20,/*"H",40*/
arm-none-eabi-gcc "../Core/Src/sysmem.c" -mcpu=cortex-m3 -std=gnu11 -g3 -DDEBUG -DUSE_HAL_DRIVER -DSTM32F103xB -c -I../Core/Inc -I../Drivers/STM32F1xx_HAL_Driver/Inc/Legacy -I../Drivers/STM32F1xx_HAL_Driver/Inc -I../Drivers/CMSIS/Device/ST/STM32F1xx/Include -I../Drivers/CMSIS/Include -I../USB_DEVICE/App -I../USB_DEVICE/Target -I../Middlewares/ST/STM32_USB_Device_Library/Core/Inc -I../Middlewares/ST/STM32_USB_Device_Library/Class/CDC/Inc -O0 -ffunction-sections -fdata-sections -Wall -fstack-usage -fcyclomatic-complexity -MMD -MP -MF"Core/Src/sysmem.d" -MT"Core/Src/sysmem.o" --specs=nano.specs -mfloat-abi=soft -mthumb -o "Core/Src/sysmem.o"
      |                 {                                                                              }
......
  133 |                 0x00,0x08,0x08,0xF8,0x08,0x08,0x00,0x00,0x00,0x20,0x20,0x3F,0x20,0x20,0x00,0x00,/*"I",41*/
      |                 {                                                                              }
......
  136 |                 0x00,0x00,0x08,0x08,0xF8,0x08,0x08,0x00,0xC0,0x80,0x80,0x80,0x7F,0x00,0x00,0x00,/*"J",42*/
      |                 {                                                                              }
......
  139 |                 0x08,0xF8,0x88,0xC0,0x28,0x18,0x08,0x00,0x20,0x3F,0x20,0x01,0x26,0x38,0x20,0x00,/*"K",43*/
      |                 {                                                                              }
......
  142 |                 0x08,0xF8,0x08,0x00,0x00,0x00,0x00,0x00,0x20,0x3F,0x20,0x20,0x20,0x20,0x30,0x00,/*"L",44*/
      |                 {                                                                              }
......
  145 |                 0x08,0xF8,0xF8,0x00,0xF8,0xF8,0x08,0x00,0x20,0x3F,0x01,0x3E,0x01,0x3F,0x20,0x00,/*"M",45*/
      |                 {                                                                              }
......
  148 |                 0x08,0xF8,0x30,0xC0,0x00,0x08,0xF8,0x08,0x20,0x3F,0x20,0x00,0x07,0x18,0x3F,0x00,/*"N",46*/
      |                 {                                                                              }
......
  151 |                 0xE0,0x10,0x08,0x08,0x08,0x10,0xE0,0x00,0x0F,0x10,0x20,0x20,0x20,0x10,0x0F,0x00,/*"O",47*/
      |                 {                                                                              }
......
  154 |                 0x08,0xF8,0x08,0x08,0x08,0x08,0xF0,0x00,0x20,0x3F,0x21,0x01,0x01,0x01,0x00,0x00,/*"P",48*/
      |                 {                                                                              }
......
  157 |                 0xE0,0x10,0x08,0x08,0x08,0x10,0xE0,0x00,0x0F,0x10,0x28,0x28,0x30,0x50,0x4F,0x00,/*"Q",49*/
      |                 {                                                                              }
......
  160 |                 0x08,0xF8,0x88,0x88,0x88,0x88,0x70,0x00,0x20,0x3F,0x20,0x00,0x03,0x0C,0x30,0x20,/*"R",50*/
      |                 {                                                                              }
......
  163 |                 0x00,0x70,0x88,0x08,0x08,0x08,0x38,0x00,0x00,0x38,0x20,0x21,0x21,0x22,0x1C,0x00,/*"S",51*/
      |                 {                                                                              }
......
  166 |                 0x18,0x08,0x08,0xF8,0x08,0x08,0x18,0x00,0x00,0x00,0x20,0x3F,0x20,0x00,0x00,0x00,/*"T",52*/
      |                 {                                                                              }
......
  169 |                 0x08,0xF8,0x08,0x00,0x00,0x08,0xF8,0x08,0x00,0x1F,0x20,0x20,0x20,0x20,0x1F,0x00,/*"U",53*/
      |                 {                                                                              }
......
  172 |                 0x08,0x78,0x88,0x00,0x00,0xC8,0x38,0x08,0x00,0x00,0x07,0x38,0x0E,0x01,0x00,0x00,/*"V",54*/
      |                 {                                                                              }
......
  175 |                 0x08,0xF8,0x00,0xF8,0x00,0xF8,0x08,0x00,0x00,0x03,0x3E,0x01,0x3E,0x03,0x00,0x00,/*"W",55*/
      |                 {                                                                              }
......
  178 |                 0x08,0x18,0x68,0x80,0x80,0x68,0x18,0x08,0x20,0x30,0x2C,0x03,0x03,0x2C,0x30,0x20,/*"X",56*/
      |                 {                                                                              }
......
  181 |                 0x08,0x38,0xC8,0x00,0xC8,0x38,0x08,0x00,0x00,0x00,0x20,0x3F,0x20,0x00,0x00,0x00,/*"Y",57*/
      |                 {                                                                              }
......
  184 |                 0x10,0x08,0x08,0x08,0xC8,0x38,0x08,0x00,0x20,0x38,0x26,0x21,0x20,0x20,0x18,0x00,/*"Z",58*/
      |                 {                                                                              }
......
  187 |                 0x00,0x00,0x00,0xFE,0x02,0x02,0x02,0x00,0x00,0x00,0x00,0x7F,0x40,0x40,0x40,0x00,/*"[",59*/
      |                 {                                                                              }
......
  190 |                 0x00,0x04,0x38,0xC0,0x00,0x00,0x00,0x00,0x00,0x00,0x00,0x01,0x06,0x38,0xC0,0x00,/*"\",60*/
      |                 {                                                                              }
......
  193 |                 0x00,0x02,0x02,0x02,0xFE,0x00,0x00,0x00,0x00,0x40,0x40,0x40,0x7F,0x00,0x00,0x00,/*"]",61*/
      |                 {                                                                              }
......
  196 |                 0x00,0x00,0x04,0x02,0x02,0x04,0x00,0x00,0x00,0x00,0x00,0x00,0x00,0x00,0x00,0x00,/*"^",62*/
      |                 {                                                                              }
......
  199 |                 0x00,0x00,0x00,0x00,0x00,0x00,0x00,0x00,0x80,0x80,0x80,0x80,0x80,0x80,0x80,0x80,/*"_",63*/
      |                 {                                                                              }
......
  202 |                 0x00,0x02,0x02,0x04,0x00,0x00,0x00,0x00,0x00,0x00,0x00,0x00,0x00,0x00,0x00,0x00,/*"`",64*/
      |                 {                                                                              }
......
  205 |                 0x00,0x00,0x80,0x80,0x80,0x00,0x00,0x00,0x00,0x19,0x24,0x24,0x12,0x3F,0x20,0x00,/*"a",65*/
      |                 {                                                                              }
......
  208 |                 0x10,0xF0,0x00,0x80,0x80,0x00,0x00,0x00,0x00,0x3F,0x11,0x20,0x20,0x11,0x0E,0x00,/*"b",66*/
      |                 {                                                                              }
......
  211 |                 0x00,0x00,0x00,0x80,0x80,0x80,0x00,0x00,0x00,0x0E,0x11,0x20,0x20,0x20,0x11,0x00,/*"c",67*/
      |                 {                                                                              }
......
  214 |                 0x00,0x00,0x80,0x80,0x80,0x90,0xF0,0x00,0x00,0x1F,0x20,0x20,0x20,0x10,0x3F,0x20,/*"d",68*/
      |                 {                                                                              }
......
  217 |                 0x00,0x00,0x80,0x80,0x80,0x80,0x00,0x00,0x00,0x1F,0x24,0x24,0x24,0x24,0x17,0x00,/*"e",69*/
      |                 {                                                                              }
......
  220 |                 0x00,0x80,0x80,0xE0,0x90,0x90,0x20,0x00,0x00,0x20,0x20,0x3F,0x20,0x20,0x00,0x00,/*"f",70*/
      |                 {                                                                              }
......
  223 |                 0x00,0x00,0x80,0x80,0x80,0x80,0x80,0x00,0x00,0x6B,0x94,0x94,0x94,0x93,0x60,0x00,/*"g",71*/
      |                 {                                                                              }
......
  226 |                 0x10,0xF0,0x00,0x80,0x80,0x80,0x00,0x00,0x20,0x3F,0x21,0x00,0x00,0x20,0x3F,0x20,/*"h",72*/
      |                 {                                                                              }
......
  229 |                 0x00,0x80,0x98,0x98,0x00,0x00,0x00,0x00,0x00,0x20,0x20,0x3F,0x20,0x20,0x00,0x00,/*"i",73*/
      |                 {                                                                              }
......
  232 |                 0x00,0x00,0x00,0x80,0x98,0x98,0x00,0x00,0x00,0xC0,0x80,0x80,0x80,0x7F,0x00,0x00,/*"j",74*/
      |                 {                                                                              }
......
  235 |                 0x10,0xF0,0x00,0x00,0x80,0x80,0x80,0x00,0x20,0x3F,0x24,0x06,0x29,0x30,0x20,0x00,/*"k",75*/
      |                 {                                                                              }
......
  238 |                 0x00,0x10,0x10,0xF8,0x00,0x00,0x00,0x00,0x00,0x20,0x20,0x3F,0x20,0x20,0x00,0x00,/*"l",76*/
      |                 {                                                                              }
......
  241 |                 0x80,0x80,0x80,0x80,0x80,0x80,0x80,0x00,0x20,0x3F,0x20,0x00,0x3F,0x20,0x00,0x3F,/*"m",77*/
      |                 {                                                                              }
......
  244 |                 0x80,0x80,0x00,0x80,0x80,0x80,0x00,0x00,0x20,0x3F,0x21,0x00,0x00,0x20,0x3F,0x20,/*"n",78*/
      |                 {                                                                              }
......
  247 |                 0x00,0x00,0x80,0x80,0x80,0x80,0x00,0x00,0x00,0x1F,0x20,0x20,0x20,0x20,0x1F,0x00,/*"o",79*/
      |                 {                                                                              }
......
  250 |                 0x80,0x80,0x00,0x80,0x80,0x00,0x00,0x00,0x80,0xFF,0x91,0x20,0x20,0x11,0x0E,0x00,/*"p",80*/
      |                 {                                                                              }
......
  253 |                 0x00,0x00,0x00,0x80,0x80,0x00,0x80,0x00,0x00,0x0E,0x11,0x20,0x20,0x91,0xFF,0x80,/*"q",81*/
      |                 {                                                                              }
......
  256 |                 0x80,0x80,0x80,0x00,0x80,0x80,0x80,0x00,0x20,0x20,0x3F,0x21,0x20,0x00,0x01,0x00,/*"r",82*/
      |                 {                                                                              }
......
  259 |                 0x00,0x00,0x80,0x80,0x80,0x80,0x80,0x00,0x00,0x33,0x24,0x24,0x24,0x24,0x19,0x00,/*"s",83*/
      |                 {                                                                              }
......
  262 |                 0x00,0x80,0x80,0xE0,0x80,0x80,0x00,0x00,0x00,0x00,0x00,0x1F,0x20,0x20,0x10,0x00,/*"t",84*/
      |                 {                                                                              }
......
  265 |                 0x80,0x80,0x00,0x00,0x00,0x80,0x80,0x00,0x00,0x1F,0x20,0x20,0x20,0x10,0x3F,0x20,/*"u",85*/
      |                 {                                                                              }
......
  268 |                 0x80,0x80,0x80,0x00,0x80,0x80,0x80,0x00,0x00,0x03,0x0C,0x30,0x0C,0x03,0x00,0x00,/*"v",86*/
      |                 {                                                                              }
......
  271 |                 0x80,0x80,0x00,0x80,0x80,0x00,0x80,0x80,0x01,0x0E,0x30,0x0C,0x07,0x38,0x06,0x01,/*"w",87*/
      |                 {                                                                              }
......
  274 |                 0x00,0x80,0x80,0x80,0x00,0x80,0x80,0x00,0x00,0x20,0x31,0x0E,0x2E,0x31,0x20,0x00,/*"x",88*/
      |                 {                                                                              }
......
  277 |                 0x80,0x80,0x80,0x00,0x00,0x80,0x80,0x80,0x00,0x81,0x86,0x78,0x18,0x06,0x01,0x00,/*"y",89*/
      |                 {                                                                              }
......
  280 |                 0x00,0x80,0x80,0x80,0x80,0x80,0x80,0x00,0x00,0x21,0x30,0x2C,0x22,0x21,0x30,0x00,/*"z",90*/
      |                 {                                                                              }
......
  283 |                 0x00,0x00,0x00,0x00,0x00,0xFC,0x02,0x02,0x00,0x00,0x00,0x00,0x01,0x3E,0x40,0x40,/*"{",91*/
      |                 {                                                                              }
......
  286 |                 0x00,0x00,0x00,0x00,0xFF,0x00,0x00,0x00,0x00,0x00,0x00,0x00,0xFF,0x00,0x00,0x00,/*"|",92*/
      |                 {                                                                              }
......
  289 |                 0x02,0x02,0xFC,0x00,0x00,0x00,0x00,0x00,0x40,0x40,0x3E,0x01,0x00,0x00,0x00,0x00,/*"}",93*/
      |                 {                                                                              }
......
  292 |                 0x00,0x02,0x01,0x02,0x02,0x04,0x02,0x00,0x00,0x00,0x00,0x00,0x00,0x00,0x00,0x00/*"~",94*/
      |                 {
  293 |                 /* (8 X 16 , 宋体 )*/
  294 | };
      | }
../Core/Src/User/font.c:296:22: warning: missing braces around initializer [-Wmissing-braces]
  296 | uint8_t EN6_12[][12]={
      |                      ^
  297 |                 0x00,0x00,0x00,0x00,0x00,0x00,0x00,0x00,0x00,0x00,0x00,0x00,/*" ",0*/
      |                 {                                                          }
......
  300 |                 0x00,0x00,0x7C,0x00,0x00,0x00,0x00,0x00,0x02,0x00,0x00,0x00,/*"!",1*/
      |                 {                                                          }
......
  303 |                 0x00,0x04,0x03,0x04,0x03,0x00,0x00,0x00,0x00,0x00,0x00,0x00,/*""",2*/
      |                 {                                                          }
......
  306 |                 0x90,0xFC,0x90,0xFC,0x90,0x00,0x00,0x03,0x00,0x03,0x00,0x00,/*"#",3*/
      |                 {                                                          }
......
  309 |                 0x18,0x24,0xFE,0x44,0x88,0x00,0x01,0x02,0x07,0x02,0x01,0x00,/*"$",4*/
      |                 {                                                          }
......
  312 |                 0x38,0x44,0xF8,0xD0,0x2C,0xC0,0x00,0x03,0x00,0x01,0x02,0x01,/*"%",5*/
      |                 {                                                          }
......
  315 |                 0xC0,0x38,0xE4,0x18,0xE0,0x20,0x01,0x02,0x02,0x01,0x02,0x01,/*"&",6*/
      |                 {                                                          }
......
  318 |                 0x04,0x03,0x00,0x00,0x00,0x00,0x00,0x00,0x00,0x00,0x00,0x00,/*"'",7*/
      |                 {                                                          }
......
  321 |                 0x00,0x00,0xF8,0x06,0x01,0x00,0x00,0x00,0x00,0x03,0x04,0x00,/*"(",8*/
      |                 {                                                          }
......
  324 |                 0x00,0x01,0x06,0xF8,0x00,0x00,0x00,0x04,0x03,0x00,0x00,0x00,/*")",9*/
      |                 {                                                          }
......
  327 |                 0x90,0x60,0xF8,0x60,0x90,0x00,0x00,0x00,0x01,0x00,0x00,0x00,/*"*",10*/
      |                 {                                                          }
......
  330 |                 0x00,0x20,0x20,0xF8,0x20,0x20,0x00,0x00,0x00,0x00,0x00,0x00,/*"+",11*/
      |                 {                                                          }
......
  333 |                 0x00,0x00,0x00,0x00,0x00,0x00,0x04,0x03,0x00,0x00,0x00,0x00,/*",",12*/
      |                 {                                                          }
......
  336 |                 0x20,0x20,0x20,0x20,0x20,0x20,0x00,0x00,0x00,0x00,0x00,0x00,/*"-",13*/
      |                 {                                                          }
......
  339 |                 0x00,0x00,0x00,0x00,0x00,0x00,0x00,0x02,0x00,0x00,0x00,0x00,/*".",14*/
      |                 {                                                          }
......
  342 |                 0x00,0x00,0xC0,0x30,0x0C,0x02,0x04,0x03,0x00,0x00,0x00,0x00,/*"/",15*/
      |                 {                                                          }
......
  345 |                 0xF8,0x04,0x04,0x04,0xF8,0x00,0x01,0x02,0x02,0x02,0x01,0x00,/*"0",16*/
      |                 {                                                          }
......
  348 |                 0x00,0x08,0xFC,0x00,0x00,0x00,0x00,0x02,0x03,0x02,0x00,0x00,/*"1",17*/
      |                 {                                                          }
......
  351 |                 0x18,0x84,0x44,0x24,0x18,0x00,0x03,0x02,0x02,0x02,0x02,0x00,/*"2",18*/
      |                 {                                                          }
......
  354 |                 0x08,0x04,0x24,0x24,0xD8,0x00,0x01,0x02,0x02,0x02,0x01,0x00,/*"3",19*/
      |                 {                                                          }
......
  357 |                 0xC0,0xA0,0x98,0xFC,0x80,0x00,0x00,0x00,0x02,0x03,0x02,0x00,/*"4",20*/
      |                 {                                                          }
......
  360 |                 0x7C,0x24,0x24,0x24,0xC4,0x00,0x01,0x02,0x02,0x02,0x01,0x00,/*"5",21*/
      |                 {                                                          }
......
  363 |                 0xF0,0x48,0x24,0x24,0xC8,0x00,0x01,0x02,0x02,0x02,0x01,0x00,/*"6",22*/
      |                 {                                                          }
......
  366 |                 0x00,0x04,0xC4,0x34,0x0C,0x00,0x00,0x00,0x03,0x00,0x00,0x00,/*"7",23*/
      |                 {                                                          }
......
  369 |                 0xD8,0x24,0x24,0x24,0xD8,0x00,0x01,0x02,0x02,0x02,0x01,0x00,/*"8",24*/
      |                 {                                                          }
......
  372 |                 0x38,0x44,0x44,0x24,0xF8,0x00,0x01,0x02,0x02,0x01,0x00,0x00,/*"9",25*/
      |                 {                                                          }
......
  375 |                 0x00,0x00,0x10,0x00,0x00,0x00,0x00,0x00,0x02,0x00,0x00,0x00,/*":",26*/
      |                 {                                                          }
......
  378 |                 0x00,0x00,0x20,0x00,0x00,0x00,0x00,0x00,0x06,0x00,0x00,0x00,/*";",27*/
      |                 {                                                          }
......
  381 |                 0x00,0x60,0x90,0x08,0x04,0x00,0x00,0x00,0x00,0x01,0x02,0x00,/*"<",28*/
      |                 {                                                          }
......
  384 |                 0x50,0x50,0x50,0x50,0x50,0x50,0x00,0x00,0x00,0x00,0x00,0x00,/*"=",29*/
      |                 {                                                          }
......
  387 |                 0x00,0x04,0x08,0x90,0x60,0x00,0x00,0x02,0x01,0x00,0x00,0x00,/*">",30*/
      |                 {                                                          }
......
  390 |                 0x18,0x04,0xC4,0x24,0x18,0x00,0x00,0x00,0x02,0x00,0x00,0x00,/*"?",31*/
      |                 {                                                          }
......
  393 |                 0xF0,0x08,0xE4,0xF4,0x84,0x78,0x00,0x01,0x02,0x02,0x02,0x01,/*"@",32*/
      |                 {                                                          }
......
  396 |                 0x00,0xE0,0x9C,0xF0,0x80,0x00,0x02,0x03,0x00,0x00,0x03,0x02,/*"A",33*/
      |                 {                                                          }
......
  399 |                 0x04,0xFC,0x24,0x24,0xD8,0x00,0x02,0x03,0x02,0x02,0x01,0x00,/*"B",34*/
      |                 {                                                          }
......
  402 |                 0xF8,0x04,0x04,0x04,0x0C,0x00,0x01,0x02,0x02,0x02,0x01,0x00,/*"C",35*/
      |                 {                                                          }
......
  405 |                 0x04,0xFC,0x04,0x04,0xF8,0x00,0x02,0x03,0x02,0x02,0x01,0x00,/*"D",36*/
      |                 {                                                          }
......
  408 |                 0x04,0xFC,0x24,0x74,0x0C,0x00,0x02,0x03,0x02,0x02,0x03,0x00,/*"E",37*/
      |                 {                                                          }
......
  411 |                 0x04,0xFC,0x24,0x74,0x0C,0x00,0x02,0x03,0x02,0x00,0x00,0x00,/*"F",38*/
      |                 {                                                          }
......
  414 |                 0xF0,0x08,0x04,0x44,0xCC,0x40,0x00,0x01,0x02,0x02,0x01,0x00,/*"G",39*/
      |                 {                                                          }
......
  417 |                 0x04,0xFC,0x20,0x20,0xFC,0x04,0x02,0x03,0x00,0x00,0x03,0x02,/*"H",40*/
      |                 {                                                          }
......
  420 |                 0x04,0x04,0xFC,0x04,0x04,0x00,0x02,0x02,0x03,0x02,0x02,0x00,/*"I",41*/
      |                 {                                                          }
......
  423 |                 0x00,0x04,0x04,0xFC,0x04,0x04,0x0C,0x08,0x08,0x07,0x00,0x00,/*"J",42*/
      |                 {                                                          }
......
  426 |                 0x04,0xFC,0x24,0x50,0x8C,0x04,0x02,0x03,0x02,0x00,0x03,0x02,/*"K",43*/
      |                 {                                                          }
......
  429 |                 0x04,0xFC,0x04,0x00,0x00,0x00,0x02,0x03,0x02,0x02,0x02,0x03,/*"L",44*/
      |                 {                                                          }
......
  432 |                 0xFC,0x3C,0xC0,0x3C,0xFC,0x04,0x03,0x00,0x03,0x00,0x03,0x02,/*"M",45*/
      |                 {                                                          }
......
  435 |                 0x04,0xFC,0x30,0xC4,0xFC,0x04,0x02,0x03,0x02,0x00,0x03,0x00,/*"N",46*/
      |                 {                                                          }
......
  438 |                 0xF8,0x04,0x04,0x04,0xF8,0x00,0x01,0x02,0x02,0x02,0x01,0x00,/*"O",47*/
      |                 {                                                          }
......
  441 |                 0x04,0xFC,0x24,0x24,0x18,0x00,0x02,0x03,0x02,0x00,0x00,0x00,/*"P",48*/
      |                 {                                                          }
......
  444 |                 0xF8,0x84,0x84,0x04,0xF8,0x00,0x01,0x02,0x02,0x07,0x05,0x00,/*"Q",49*/
      |                 {                                                          }
......
  447 |                 0x04,0xFC,0x24,0x64,0x98,0x00,0x02,0x03,0x02,0x00,0x03,0x02,/*"R",50*/
      |                 {                                                          }
......
  450 |                 0x18,0x24,0x24,0x44,0x8C,0x00,0x03,0x02,0x02,0x02,0x01,0x00,/*"S",51*/
      |                 {                                                          }
......
  453 |                 0x0C,0x04,0xFC,0x04,0x0C,0x00,0x00,0x02,0x03,0x02,0x00,0x00,/*"T",52*/
      |                 {                                                          }
......
  456 |                 0x04,0xFC,0x00,0x00,0xFC,0x04,0x00,0x01,0x02,0x02,0x01,0x00,/*"U",53*/
      |                 {                                                          }
......
  459 |                 0x04,0x7C,0x80,0xE0,0x1C,0x04,0x00,0x00,0x03,0x00,0x00,0x00,/*"V",54*/
      |                 {                                                          }
......
  462 |                 0x3C,0xC0,0x7C,0xC0,0x3C,0x00,0x00,0x03,0x00,0x03,0x00,0x00,/*"W",55*/
      |                 {                                                          }
......
  465 |                 0x04,0x9C,0x60,0x9C,0x04,0x00,0x02,0x03,0x00,0x03,0x02,0x00,/*"X",56*/
      |                 {                                                          }
......
  468 |                 0x04,0x3C,0xC0,0x3C,0x04,0x00,0x00,0x02,0x03,0x02,0x00,0x00,/*"Y",57*/
      |                 {                                                          }
......
  471 |                 0x0C,0x84,0x64,0x1C,0x04,0x00,0x02,0x03,0x02,0x02,0x03,0x00,/*"Z",58*/
      |                 {                                                          }
......
  474 |                 0x00,0x00,0xFF,0x01,0x01,0x00,0x00,0x00,0x07,0x04,0x04,0x00,/*"[",59*/
      |                 {                                                          }
......
  477 |                 0x00,0x06,0x38,0xC0,0x00,0x00,0x00,0x00,0x00,0x01,0x06,0x00,/*"\",60*/
      |                 {                                                          }
......
  480 |                 0x00,0x01,0x01,0xFF,0x00,0x00,0x00,0x04,0x04,0x07,0x00,0x00,/*"]",61*/
      |                 {                                                          }
......
  483 |                 0x00,0x02,0x01,0x02,0x00,0x00,0x00,0x00,0x00,0x00,0x00,0x00,/*"^",62*/
      |                 {                                                          }
......
  486 |                 0x00,0x00,0x00,0x00,0x00,0x00,0x08,0x08,0x08,0x08,0x08,0x08,/*"_",63*/
      |                 {                                                          }
......
  489 |                 0x00,0x01,0x02,0x00,0x00,0x00,0x00,0x00,0x00,0x00,0x00,0x00,/*"`",64*/
      |                 {                                                          }
......
  492 |                 0x00,0x40,0xA0,0xA0,0xC0,0x00,0x00,0x01,0x02,0x02,0x03,0x02,/*"a",65*/
      |                 {                                                          }
......
  495 |                 0x02,0xFE,0x20,0x20,0xC0,0x00,0x00,0x03,0x02,0x02,0x01,0x00,/*"b",66*/
      |                 {                                                          }
......
  498 |                 0x00,0xC0,0x20,0x20,0x60,0x00,0x00,0x01,0x02,0x02,0x01,0x00,/*"c",67*/
      |                 {                                                          }
......
  501 |                 0x00,0xC0,0x20,0x22,0xFE,0x00,0x00,0x01,0x02,0x02,0x03,0x02,/*"d",68*/
      |                 {                                                          }
......
  504 |                 0x00,0xC0,0xA0,0xA0,0xC0,0x00,0x00,0x01,0x02,0x02,0x02,0x00,/*"e",69*/
      |                 {                                                          }
......
  507 |                 0x00,0x20,0xFC,0x22,0x22,0x04,0x00,0x02,0x03,0x02,0x02,0x00,/*"f",70*/
      |                 {                                                          }
......
  510 |                 0x00,0x40,0xA0,0xA0,0x60,0x20,0x00,0x05,0x0A,0x0A,0x0A,0x04,/*"g",71*/
      |                 {                                                          }
......
  513 |                 0x02,0xFE,0x20,0x20,0xC0,0x00,0x02,0x03,0x02,0x00,0x03,0x02,/*"h",72*/
      |                 {                                                          }
......
  516 |                 0x00,0x20,0xE6,0x00,0x00,0x00,0x00,0x02,0x03,0x02,0x00,0x00,/*"i",73*/
      |                 {                                                          }
......
  519 |                 0x00,0x00,0x20,0xE6,0x00,0x00,0x08,0x08,0x08,0x07,0x00,0x00,/*"j",74*/
      |                 {                                                          }
......
  522 |                 0x02,0xFE,0x80,0x60,0x20,0x00,0x02,0x03,0x00,0x01,0x02,0x00,/*"k",75*/
      |                 {                                                          }
......
  525 |                 0x02,0x02,0xFE,0x00,0x00,0x00,0x02,0x02,0x03,0x02,0x02,0x00,/*"l",76*/
      |                 {                                                          }
......
  528 |                 0xE0,0x20,0xE0,0x20,0xC0,0x00,0x03,0x00,0x03,0x00,0x03,0x00,/*"m",77*/
      |                 {                                                          }
......
  531 |                 0x20,0xE0,0x20,0x20,0xC0,0x00,0x02,0x03,0x02,0x00,0x03,0x02,/*"n",78*/
      |                 {                                                          }
......
  534 |                 0x00,0xC0,0x20,0x20,0xC0,0x00,0x00,0x01,0x02,0x02,0x01,0x00,/*"o",79*/
      |                 {                                                          }
......
  537 |                 0x20,0xE0,0x20,0x20,0xC0,0x00,0x08,0x0F,0x0A,0x02,0x01,0x00,/*"p",80*/
      |                 {                                                          }
......
  540 |                 0x00,0xC0,0x20,0x20,0xE0,0x00,0x00,0x01,0x02,0x0A,0x0F,0x08,/*"q",81*/
      |                 {                                                          }
......
  543 |                 0x20,0xE0,0x40,0x20,0x20,0x00,0x02,0x03,0x02,0x00,0x00,0x00,/*"r",82*/
      |                 {                                                          }
......
  546 |                 0x00,0x60,0xA0,0xA0,0x20,0x00,0x00,0x02,0x02,0x02,0x03,0x00,/*"s",83*/
      |                 {                                                          }
......
  549 |                 0x00,0x20,0xF8,0x20,0x20,0x00,0x00,0x00,0x03,0x02,0x02,0x00,/*"t",84*/
      |                 {                                                          }
......
  552 |                 0x20,0xE0,0x00,0x20,0xE0,0x00,0x00,0x01,0x02,0x02,0x03,0x02,/*"u",85*/
      |                 {                                                          }
......
  555 |                 0x20,0xE0,0x00,0xE0,0x20,0x00,0x00,0x00,0x03,0x00,0x00,0x00,/*"v",86*/
      |                 {                                                          }
......
  558 |                 0x60,0x80,0xE0,0x80,0x60,0x00,0x00,0x03,0x00,0x03,0x00,0x00,/*"w",87*/
      |                 {                                                          }
......
  561 |                 0x20,0x60,0x80,0x60,0x20,0x00,0x02,0x03,0x00,0x03,0x02,0x00,/*"x",88*/
      |                 {                                                          }
......
  564 |                 0x20,0xE0,0x00,0x00,0xE0,0x20,0x08,0x08,0x05,0x03,0x00,0x00,/*"y",89*/
      |                 {                                                          }
......
  567 |                 0x00,0x20,0xA0,0x60,0x20,0x00,0x00,0x02,0x03,0x02,0x02,0x00,/*"z",90*/
      |                 {                                                          }
......
  570 |                 0x00,0x00,0x20,0xFF,0x01,0x00,0x00,0x00,0x00,0x07,0x04,0x00,/*"{",91*/
      |                 {                                                          }
......
  573 |                 0x00,0x00,0x00,0xFF,0x00,0x00,0x00,0x00,0x00,0x0F,0x00,0x00,/*"|",92*/
      |                 {                                                          }
......
  576 |                 0x00,0x01,0xDF,0x20,0x00,0x00,0x00,0x04,0x07,0x00,0x00,0x00,/*"}",93*/
      |                 {                                                          }
......
  579 |                 0x02,0x01,0x01,0x02,0x01,0x00,0x00,0x00,0x00,0x00,0x00,0x00/*"~",94*/
      |                 {
  580 |                 /* (6 X 12 , 宋体 )*/
  581 | };
      | }
arm-none-eabi-gcc "../Core/Src/system_stm32f1xx.c" -mcpu=cortex-m3 -std=gnu11 -g3 -DDEBUG -DUSE_HAL_DRIVER -DSTM32F103xB -c -I../Core/Inc -I../Drivers/STM32F1xx_HAL_Driver/Inc/Legacy -I../Drivers/STM32F1xx_HAL_Driver/Inc -I../Drivers/CMSIS/Device/ST/STM32F1xx/Include -I../Drivers/CMSIS/Include -I../USB_DEVICE/App -I../USB_DEVICE/Target -I../Middlewares/ST/STM32_USB_Device_Library/Core/Inc -I../Middlewares/ST/STM32_USB_Device_Library/Class/CDC/Inc -O0 -ffunction-sections -fdata-sections -Wall -fstack-usage -fcyclomatic-complexity -MMD -MP -MF"Core/Src/system_stm32f1xx.d" -MT"Core/Src/system_stm32f1xx.o" --specs=nano.specs -mfloat-abi=soft -mthumb -o "Core/Src/system_stm32f1xx.o"
arm-none-eabi-gcc "../Core/Src/tim.c" -mcpu=cortex-m3 -std=gnu11 -g3 -DDEBUG -DUSE_HAL_DRIVER -DSTM32F103xB -c -I../Core/Inc -I../Drivers/STM32F1xx_HAL_Driver/Inc/Legacy -I../Drivers/STM32F1xx_HAL_Driver/Inc -I../Drivers/CMSIS/Device/ST/STM32F1xx/Include -I../Drivers/CMSIS/Include -I../USB_DEVICE/App -I../USB_DEVICE/Target -I../Middlewares/ST/STM32_USB_Device_Library/Core/Inc -I../Middlewares/ST/STM32_USB_Device_Library/Class/CDC/Inc -O0 -ffunction-sections -fdata-sections -Wall -fstack-usage -fcyclomatic-complexity -MMD -MP -MF"Core/Src/tim.d" -MT"Core/Src/tim.o" --specs=nano.specs -mfloat-abi=soft -mthumb -o "Core/Src/tim.o"
../Core/Src/main.c: In function 'main':
../Core/Src/main.c:104:11: warning: implicit declaration of function 'CDC_Transmit_FS' [-Wimplicit-function-declaration]
  104 |           CDC_Transmit_FS(a,  sizeof(a));
      |           ^~~~~~~~~~~~~~~
arm-none-eabi-gcc -o "HC-SR04.elf" @"objects.list"   -mcpu=cortex-m3 -T"C:\Users\28584\workspace\HC-SR04\STM32F103C8TX_FLASH.ld" --specs=nosys.specs -Wl,-Map="HC-SR04.map" -Wl,--gc-sections -static --specs=nano.specs -mfloat-abi=soft -mthumb -Wl,--start-group -lc -lm -Wl,--end-group
已结束构建目标： HC-SR04.elf
 
arm-none-eabi-size  HC-SR04.elf 
arm-none-eabi-objdump -h -S HC-SR04.elf  > "HC-SR04.list"
   text	   data	    bss	    dec	    hex	filename
  36520	    380	   6268	  43168	   a8a0	HC-SR04.elf
已结束构建： default.size.stdout
 
已结束构建： HC-SR04.list
 

13:56:26 Build Finished. 0 errors, 3 warnings. (took 2s.432ms)

