00:37:30 **** Incremental Build of configuration Debug for project OLED ****
make -j16 all 
arm-none-eabi-gcc "../Core/Src/User/OLED.c" -mcpu=cortex-m3 -std=gnu11 -g3 -DDEBUG -DUSE_HAL_DRIVER -DSTM32F103xB -c -I../Core/Inc -I../Drivers/STM32F1xx_HAL_Driver/Inc/Legacy -I../Drivers/STM32F1xx_HAL_Driver/Inc -I../Drivers/CMSIS/Device/ST/STM32F1xx/Include -I../Drivers/CMSIS/Include -O0 -ffunction-sections -fdata-sections -Wall -fstack-usage -fcyclomatic-complexity -MMD -MP -MF"Core/Src/User/OLED.d" -MT"Core/Src/User/OLED.o" --specs=nano.specs -mfloat-abi=soft -mthumb -o "Core/Src/User/OLED.o"
arm-none-eabi-gcc -o "OLED.elf" @"objects.list"   -mcpu=cortex-m3 -T"C:\Users\28584\workspace\OLED\STM32F103C8TX_FLASH.ld" --specs=nosys.specs -Wl,-Map="OLED.map" -Wl,--gc-sections -static --specs=nano.specs -mfloat-abi=soft -mthumb -Wl,--start-group -lc -lm -Wl,--end-group
已结束构建目标： OLED.elf
 
arm-none-eabi-size  OLED.elf 
arm-none-eabi-objdump -h -S OLED.elf  > "OLED.list"
   text	   data	    bss	    dec	    hex	filename
   9424	    328	   2744	  12496	   30d0	OLED.elf
已结束构建： default.size.stdout
 
已结束构建： OLED.list
 

00:37:31 Build Finished. 0 errors, 0 warnings. (took 1s.598ms)

