23:22:59 **** Incremental Build of configuration Debug for project TB6612FNG ****
make -j16 all 
arm-none-eabi-gcc "../Core/Src/main.c" -mcpu=cortex-m3 -std=gnu11 -g3 -DDEBUG -DUSE_HAL_DRIVER -DSTM32F103xB -c -I../Core/Inc -I../Drivers/STM32F1xx_HAL_Driver/Inc/Legacy -I../Drivers/STM32F1xx_HAL_Driver/Inc -I../Drivers/CMSIS/Device/ST/STM32F1xx/Include -I../Drivers/CMSIS/Include -O0 -ffunction-sections -fdata-sections -Wall -fstack-usage -fcyclomatic-complexity -MMD -MP -MF"Core/Src/main.d" -MT"Core/Src/main.o" --specs=nano.specs -mfloat-abi=soft -mthumb -o "Core/Src/main.o"
../Core/Src/main.c: In function 'main':
../Core/Src/main.c:94:36: warning: unsigned conversion from 'int' to 'uint8_t' {aka 'unsigned char'} changes value from '410' to '154' [-Woverflow]
   94 |   motorSet(MOTOR_A, MOTOR_FORWARD, 410);
      |                                    ^~~
arm-none-eabi-gcc -o "TB6612FNG.elf" @"objects.list"   -mcpu=cortex-m3 -T"C:\Users\28584\workspace\TB6612FNG\STM32F103C8TX_FLASH.ld" --specs=nosys.specs -Wl,-Map="TB6612FNG.map" -Wl,--gc-sections -static --specs=nano.specs -mfloat-abi=soft -mthumb -Wl,--start-group -lc -lm -Wl,--end-group
已结束构建目标： TB6612FNG.elf
 
arm-none-eabi-size  TB6612FNG.elf 
arm-none-eabi-objdump -h -S TB6612FNG.elf  > "TB6612FNG.list"
   text	   data	    bss	    dec	    hex	filename
  13640	   2184	   3080	  18904	   49d8	TB6612FNG.elf
已结束构建： default.size.stdout
 
已结束构建： TB6612FNG.list
 

23:23:02 Build Finished. 0 errors, 1 warnings. (took 2s.922ms)

